Archive member included to satisfy reference by file (symbol)

/home/austin/Documents/IFA_betaflight/betaflight/tools/gcc-arm-none-eabi-6-2017-q2-update/bin/../lib/gcc/arm-none-eabi/6.3.1/../../../../arm-none-eabi/lib/thumb/v7-m/libc_nano.a(lib_a-atoi.o)
                              obj/main/NAZE/fc/cli.o (symbol from plugin) (atoi)
/home/austin/Documents/IFA_betaflight/betaflight/tools/gcc-arm-none-eabi-6-2017-q2-update/bin/../lib/gcc/arm-none-eabi/6.3.1/../../../../arm-none-eabi/lib/thumb/v7-m/libc_nano.a(lib_a-locale.o)
                              obj/main/NAZE/fc/cli.o (symbol from plugin) (__locale_ctype_ptr)
/home/austin/Documents/IFA_betaflight/betaflight/tools/gcc-arm-none-eabi-6-2017-q2-update/bin/../lib/gcc/arm-none-eabi/6.3.1/../../../../arm-none-eabi/lib/thumb/v7-m/libc_nano.a(lib_a-mbtowc_r.o)
                              /home/austin/Documents/IFA_betaflight/betaflight/tools/gcc-arm-none-eabi-6-2017-q2-update/bin/../lib/gcc/arm-none-eabi/6.3.1/../../../../arm-none-eabi/lib/thumb/v7-m/libc_nano.a(lib_a-locale.o) (__ascii_mbtowc)
/home/austin/Documents/IFA_betaflight/betaflight/tools/gcc-arm-none-eabi-6-2017-q2-update/bin/../lib/gcc/arm-none-eabi/6.3.1/../../../../arm-none-eabi/lib/thumb/v7-m/libc_nano.a(lib_a-memcpy-stub.o)
                              obj/main/NAZE/io/ledstrip.o (symbol from plugin) (memcpy)
/home/austin/Documents/IFA_betaflight/betaflight/tools/gcc-arm-none-eabi-6-2017-q2-update/bin/../lib/gcc/arm-none-eabi/6.3.1/../../../../arm-none-eabi/lib/thumb/v7-m/libc_nano.a(lib_a-strcmp.o)
                              /home/austin/Documents/IFA_betaflight/betaflight/tools/gcc-arm-none-eabi-6-2017-q2-update/bin/../lib/gcc/arm-none-eabi/6.3.1/../../../../arm-none-eabi/lib/thumb/v7-m/libc_nano.a(lib_a-locale.o) (strcmp)
/home/austin/Documents/IFA_betaflight/betaflight/tools/gcc-arm-none-eabi-6-2017-q2-update/bin/../lib/gcc/arm-none-eabi/6.3.1/../../../../arm-none-eabi/lib/thumb/v7-m/libc_nano.a(lib_a-strtok_r.o)
                              obj/main/NAZE/fc/cli.o (symbol from plugin) (strtok_r)
/home/austin/Documents/IFA_betaflight/betaflight/tools/gcc-arm-none-eabi-6-2017-q2-update/bin/../lib/gcc/arm-none-eabi/6.3.1/../../../../arm-none-eabi/lib/thumb/v7-m/libc_nano.a(lib_a-strtol.o)
                              /home/austin/Documents/IFA_betaflight/betaflight/tools/gcc-arm-none-eabi-6-2017-q2-update/bin/../lib/gcc/arm-none-eabi/6.3.1/../../../../arm-none-eabi/lib/thumb/v7-m/libc_nano.a(lib_a-atoi.o) (_strtol_r)
/home/austin/Documents/IFA_betaflight/betaflight/tools/gcc-arm-none-eabi-6-2017-q2-update/bin/../lib/gcc/arm-none-eabi/6.3.1/../../../../arm-none-eabi/lib/thumb/v7-m/libc_nano.a(lib_a-wctomb_r.o)
                              /home/austin/Documents/IFA_betaflight/betaflight/tools/gcc-arm-none-eabi-6-2017-q2-update/bin/../lib/gcc/arm-none-eabi/6.3.1/../../../../arm-none-eabi/lib/thumb/v7-m/libc_nano.a(lib_a-locale.o) (__ascii_wctomb)
/home/austin/Documents/IFA_betaflight/betaflight/tools/gcc-arm-none-eabi-6-2017-q2-update/bin/../lib/gcc/arm-none-eabi/6.3.1/../../../../arm-none-eabi/lib/thumb/v7-m/libc_nano.a(lib_a-ctype_.o)
                              /home/austin/Documents/IFA_betaflight/betaflight/tools/gcc-arm-none-eabi-6-2017-q2-update/bin/../lib/gcc/arm-none-eabi/6.3.1/../../../../arm-none-eabi/lib/thumb/v7-m/libc_nano.a(lib_a-locale.o) (_ctype_)
/home/austin/Documents/IFA_betaflight/betaflight/tools/gcc-arm-none-eabi-6-2017-q2-update/bin/../lib/gcc/arm-none-eabi/6.3.1/../../../../arm-none-eabi/lib/thumb/v7-m/libc_nano.a(lib_a-impure.o)
                              /home/austin/Documents/IFA_betaflight/betaflight/tools/gcc-arm-none-eabi-6-2017-q2-update/bin/../lib/gcc/arm-none-eabi/6.3.1/../../../../arm-none-eabi/lib/thumb/v7-m/libc_nano.a(lib_a-locale.o) (_impure_ptr)
/home/austin/Documents/IFA_betaflight/betaflight/tools/gcc-arm-none-eabi-6-2017-q2-update/bin/../lib/gcc/arm-none-eabi/6.3.1/../../../../arm-none-eabi/lib/thumb/v7-m/libm.a(lib_a-sf_ceil.o)
                              /tmp/ccRC0QGr.ltrans0.ltrans.o (ceilf)
/home/austin/Documents/IFA_betaflight/betaflight/tools/gcc-arm-none-eabi-6-2017-q2-update/bin/../lib/gcc/arm-none-eabi/6.3.1/../../../../arm-none-eabi/lib/thumb/v7-m/libm.a(lib_a-sf_cos.o)
                              /tmp/ccRC0QGr.ltrans7.ltrans.o (cosf)
/home/austin/Documents/IFA_betaflight/betaflight/tools/gcc-arm-none-eabi-6-2017-q2-update/bin/../lib/gcc/arm-none-eabi/6.3.1/../../../../arm-none-eabi/lib/thumb/v7-m/libm.a(lib_a-sf_log2.o)
                              /tmp/ccRC0QGr.ltrans7.ltrans.o (log2f)
/home/austin/Documents/IFA_betaflight/betaflight/tools/gcc-arm-none-eabi-6-2017-q2-update/bin/../lib/gcc/arm-none-eabi/6.3.1/../../../../arm-none-eabi/lib/thumb/v7-m/libm.a(lib_a-sf_lrint.o)
                              /tmp/ccRC0QGr.ltrans2.ltrans.o (lrintf)
[...]
Memory Configuration

Name             Origin             Length             Attributes
FLASH            0x0000000008000000 0x000000000001f800 xr
FLASH_CONFIG     0x000000000801f800 0x0000000000000800 r
RAM              0x0000000020000000 0x0000000000005000 xrw
MEMORY_B1        0x0000000060000000 0x0000000000000000 xr
*default*        0x0000000000000000 0xffffffffffffffff

Linker script and memory map

LOAD obj/main/NAZE/startup_stm32f10x_md_gcc.o
LOAD obj/main/NAZE/drivers/adc_stm32f10x.o
LOAD /tmp/ccRC0QGr.ltrans0.ltrans.o
LOAD /tmp/ccRC0QGr.ltrans1.ltrans.o
LOAD /tmp/ccRC0QGr.ltrans2.ltrans.o
LOAD /tmp/ccRC0QGr.ltrans3.ltrans.o
LOAD /tmp/ccRC0QGr.ltrans4.ltrans.o
LOAD /tmp/ccRC0QGr.ltrans5.ltrans.o
LOAD /tmp/ccRC0QGr.ltrans6.ltrans.o
LOAD /tmp/ccRC0QGr.ltrans7.ltrans.o
LOAD /tmp/ccRC0QGr.ltrans8.ltrans.o
LOAD /tmp/ccRC0QGr.ltrans9.ltrans.o
LOAD /tmp/ccRC0QGr.ltrans10.ltrans.o
LOAD /tmp/ccRC0QGr.ltrans11.ltrans.o
LOAD /tmp/ccRC0QGr.ltrans12.ltrans.o
LOAD /tmp/ccRC0QGr.ltrans13.ltrans.o
LOAD /tmp/ccRC0QGr.ltrans14.ltrans.o
LOAD /tmp/ccRC0QGr.ltrans15.ltrans.o
LOAD /tmp/ccRC0QGr.ltrans16.ltrans.o
LOAD /tmp/ccRC0QGr.ltrans17.ltrans.o
LOAD /tmp/ccRC0QGr.ltrans18.ltrans.o
LOAD /tmp/ccRC0QGr.ltrans19.ltrans.o
LOAD /tmp/ccRC0QGr.ltrans20.ltrans.o
LOAD /tmp/ccRC0QGr.ltrans21.ltrans.o
LOAD /tmp/ccRC0QGr.ltrans22.ltrans.o
LOAD /tmp/ccRC0QGr.ltrans23.ltrans.o
LOAD /tmp/ccRC0QGr.ltrans24.ltrans.o
LOAD /tmp/ccRC0QGr.ltrans25.ltrans.o
LOAD /tmp/ccRC0QGr.ltrans26.ltrans.o
LOAD /tmp/ccRC0QGr.ltrans27.ltrans.o
LOAD /tmp/ccRC0QGr.ltrans28.ltrans.o
LOAD /tmp/ccRC0QGr.ltrans29.ltrans.o
LOAD /tmp/ccRC0QGr.ltrans30.ltrans.o
LOAD /tmp/ccRC0QGr.ltrans31.ltrans.o
LOAD obj/main/NAZE/drivers/bus_i2c_stm32f10x.o
LOAD obj/main/NAZE/drivers/dma.o
LOAD obj/main/NAZE/drivers/inverter.o
LOAD obj/main/NAZE/drivers/light_ws2811strip_stdperiph.o
LOAD obj/main/NAZE/drivers/serial_uart_init.o
LOAD obj/main/NAZE/drivers/serial_uart_stm32f10x.o
LOAD obj/main/NAZE/drivers/system_stm32f10x.o
LOAD obj/main/NAZE/drivers/timer_stm32f10x.o
LOAD obj/main/NAZE/drivers/accgyro/accgyro_adxl345.o
LOAD obj/main/NAZE/drivers/accgyro/accgyro_bma280.o
LOAD obj/main/NAZE/drivers/accgyro/accgyro_l3g4200d.o
LOAD obj/main/NAZE/drivers/accgyro/accgyro_mma845x.o
LOAD obj/main/NAZE/drivers/accgyro/accgyro_mpu.o
LOAD obj/main/NAZE/drivers/accgyro/accgyro_mpu3050.o
LOAD obj/main/NAZE/drivers/accgyro/accgyro_mpu6050.o
LOAD obj/main/NAZE/drivers/accgyro/accgyro_mpu6500.o
LOAD obj/main/NAZE/drivers/accgyro/accgyro_spi_mpu6500.o
LOAD obj/main/NAZE/drivers/barometer/barometer_bmp085.o
LOAD obj/main/NAZE/drivers/barometer/barometer_bmp280.o
LOAD obj/main/NAZE/drivers/barometer/barometer_ms5611.o
LOAD obj/main/NAZE/drivers/compass/compass_hmc5883l.o
LOAD obj/main/NAZE/drivers/flash_m25p16.o
LOAD obj/main/NAZE/io/flashfs.o
LOAD obj/main/NAZE/build/build_config.o
LOAD obj/main/NAZE/build/debug.o
LOAD obj/main/NAZE/build/version.o
LOAD obj/main/NAZE/initialisation.o
LOAD obj/main/NAZE/target.o
LOAD obj/main/NAZE/config.o
LOAD obj/main/NAZE/hardware_revision.o
LOAD obj/main/NAZE/main.o
LOAD obj/main/NAZE/common/bitarray.o
LOAD obj/main/NAZE/common/crc.o
LOAD obj/main/NAZE/common/encoding.o
LOAD obj/main/NAZE/common/filter.o
LOAD obj/main/NAZE/common/huffman.o
LOAD obj/main/NAZE/common/huffman_table.o
LOAD obj/main/NAZE/common/maths.o
LOAD obj/main/NAZE/common/printf.o
LOAD obj/main/NAZE/common/streambuf.o
LOAD obj/main/NAZE/common/typeconversion.o
LOAD obj/main/NAZE/config/config_eeprom.o
LOAD obj/main/NAZE/config/feature.o
LOAD obj/main/NAZE/config/parameter_group.o
LOAD obj/main/NAZE/config/config_streamer.o
LOAD obj/main/NAZE/drivers/adc.o
LOAD obj/main/NAZE/drivers/buf_writer.o
LOAD obj/main/NAZE/drivers/bus.o
LOAD obj/main/NAZE/drivers/bus_i2c_config.o
LOAD obj/main/NAZE/drivers/bus_i2c_busdev.o
LOAD obj/main/NAZE/drivers/bus_i2c_soft.o
LOAD obj/main/NAZE/drivers/bus_spi.o
LOAD obj/main/NAZE/drivers/bus_spi_config.o
LOAD obj/main/NAZE/drivers/bus_spi_pinconfig.o
LOAD obj/main/NAZE/drivers/bus_spi_soft.o
LOAD obj/main/NAZE/drivers/buttons.o
LOAD obj/main/NAZE/drivers/display.o
LOAD obj/main/NAZE/drivers/exti.o
LOAD obj/main/NAZE/drivers/io.o
LOAD obj/main/NAZE/drivers/light_led.o
LOAD obj/main/NAZE/drivers/resource.o
LOAD obj/main/NAZE/drivers/rcc.o
LOAD obj/main/NAZE/drivers/serial.o
LOAD obj/main/NAZE/drivers/serial_pinconfig.o
LOAD obj/main/NAZE/drivers/serial_uart.o
LOAD obj/main/NAZE/drivers/serial_uart_pinconfig.o
LOAD obj/main/NAZE/drivers/sound_beeper.o
LOAD obj/main/NAZE/drivers/stack_check.o
LOAD obj/main/NAZE/drivers/system.o
LOAD obj/main/NAZE/drivers/timer.o
LOAD obj/main/NAZE/drivers/transponder_ir.o
LOAD obj/main/NAZE/drivers/transponder_ir_arcitimer.o
LOAD obj/main/NAZE/drivers/transponder_ir_ilap.o
LOAD obj/main/NAZE/drivers/transponder_ir_erlt.o
LOAD obj/main/NAZE/fc/config.o
LOAD obj/main/NAZE/fc/fc_dispatch.o
LOAD obj/main/NAZE/fc/fc_hardfaults.o
LOAD obj/main/NAZE/fc/fc_msp.o
LOAD obj/main/NAZE/fc/fc_msp_box.o
LOAD obj/main/NAZE/fc/fc_tasks.o
LOAD obj/main/NAZE/fc/runtime_config.o
LOAD obj/main/NAZE/io/beeper.o
LOAD obj/main/NAZE/io/serial.o
LOAD obj/main/NAZE/io/statusindicator.o
LOAD obj/main/NAZE/io/transponder_ir.o
LOAD obj/main/NAZE/io/rcsplit.o
LOAD obj/main/NAZE/msp/msp_serial.o
LOAD obj/main/NAZE/scheduler/scheduler.o
LOAD obj/main/NAZE/sensors/battery.o
LOAD obj/main/NAZE/sensors/current.o
LOAD obj/main/NAZE/sensors/voltage.o
LOAD obj/main/NAZE/fc/fc_init.o
LOAD obj/main/NAZE/fc/controlrate_profile.o
LOAD obj/main/NAZE/drivers/camera_control.o
LOAD obj/main/NAZE/drivers/gyro_sync.o
LOAD obj/main/NAZE/drivers/rx_nrf24l01.o
LOAD obj/main/NAZE/drivers/rx_spi.o
LOAD obj/main/NAZE/drivers/rx_xn297.o
LOAD obj/main/NAZE/drivers/pwm_esc_detect.o
LOAD obj/main/NAZE/drivers/pwm_output.o
LOAD obj/main/NAZE/drivers/rx_pwm.o
LOAD obj/main/NAZE/drivers/serial_softserial.o
LOAD obj/main/NAZE/fc/fc_core.o
LOAD obj/main/NAZE/fc/fc_rc.o
LOAD obj/main/NAZE/fc/rc_adjustments.o
LOAD obj/main/NAZE/fc/rc_controls.o
LOAD obj/main/NAZE/fc/rc_modes.o
LOAD obj/main/NAZE/fc/cli.o
LOAD obj/main/NAZE/fc/settings.o
LOAD obj/main/NAZE/flight/altitude.o
LOAD obj/main/NAZE/flight/failsafe.o
LOAD obj/main/NAZE/flight/imu.o
LOAD obj/main/NAZE/flight/mixer.o
LOAD obj/main/NAZE/flight/pid.o
LOAD obj/main/NAZE/flight/servos.o
LOAD obj/main/NAZE/io/serial_4way.o
LOAD obj/main/NAZE/io/serial_4way_avrootloader.o
LOAD obj/main/NAZE/io/serial_4way_stk500v2.o
LOAD obj/main/NAZE/rx/ibus.o
LOAD obj/main/NAZE/rx/jetiexbus.o
LOAD obj/main/NAZE/rx/msp.o
LOAD obj/main/NAZE/rx/nrf24_cx10.o
LOAD obj/main/NAZE/rx/nrf24_inav.o
LOAD obj/main/NAZE/rx/nrf24_h8_3d.o
LOAD obj/main/NAZE/rx/nrf24_syma.o
LOAD obj/main/NAZE/rx/nrf24_v202.o
LOAD obj/main/NAZE/rx/pwm.o
LOAD obj/main/NAZE/rx/rx.o
LOAD obj/main/NAZE/rx/rx_spi.o
LOAD obj/main/NAZE/rx/crsf.o
LOAD obj/main/NAZE/rx/sbus.o
LOAD obj/main/NAZE/rx/spektrum.o
LOAD obj/main/NAZE/rx/sumd.o
LOAD obj/main/NAZE/rx/sumh.o
LOAD obj/main/NAZE/rx/xbus.o
LOAD obj/main/NAZE/sensors/acceleration.o
LOAD obj/main/NAZE/sensors/boardalignment.o
LOAD obj/main/NAZE/sensors/compass.o
LOAD obj/main/NAZE/sensors/gyro.o
LOAD obj/main/NAZE/sensors/gyroanalyse.o
LOAD obj/main/NAZE/sensors/initialisation.o
LOAD obj/main/NAZE/blackbox/blackbox.o
LOAD obj/main/NAZE/blackbox/blackbox_encoding.o
LOAD obj/main/NAZE/blackbox/blackbox_io.o
LOAD obj/main/NAZE/cms/cms.o
LOAD obj/main/NAZE/cms/cms_menu_blackbox.o
LOAD obj/main/NAZE/cms/cms_menu_builtin.o
LOAD obj/main/NAZE/cms/cms_menu_imu.o
LOAD obj/main/NAZE/cms/cms_menu_ledstrip.o
LOAD obj/main/NAZE/cms/cms_menu_misc.o
LOAD obj/main/NAZE/cms/cms_menu_osd.o
LOAD obj/main/NAZE/cms/cms_menu_vtx_rtc6705.o
LOAD obj/main/NAZE/cms/cms_menu_vtx_smartaudio.o
LOAD obj/main/NAZE/cms/cms_menu_vtx_tramp.o
LOAD obj/main/NAZE/common/colorconversion.o
LOAD obj/main/NAZE/common/gps_conversion.o
LOAD obj/main/NAZE/drivers/display_ug2864hsweg01.o
LOAD obj/main/NAZE/drivers/light_ws2811strip.o
LOAD obj/main/NAZE/drivers/serial_escserial.o
LOAD obj/main/NAZE/drivers/sonar_hcsr04.o
LOAD obj/main/NAZE/drivers/vtx_common.o
LOAD obj/main/NAZE/flight/navigation.o
LOAD obj/main/NAZE/io/dashboard.o
LOAD obj/main/NAZE/io/displayport_max7456.o
LOAD obj/main/NAZE/io/displayport_msp.o
LOAD obj/main/NAZE/io/displayport_oled.o
LOAD obj/main/NAZE/io/gps.o
LOAD obj/main/NAZE/io/ledstrip.o
LOAD obj/main/NAZE/io/osd.o
LOAD obj/main/NAZE/sensors/sonar.o
LOAD obj/main/NAZE/sensors/barometer.o
LOAD obj/main/NAZE/telemetry/telemetry.o
LOAD obj/main/NAZE/telemetry/crsf.o
LOAD obj/main/NAZE/telemetry/srxl.o
LOAD obj/main/NAZE/telemetry/frsky.o
LOAD obj/main/NAZE/telemetry/hott.o
LOAD obj/main/NAZE/telemetry/smartport.o
LOAD obj/main/NAZE/telemetry/ltm.o
LOAD obj/main/NAZE/telemetry/mavlink.o
LOAD obj/main/NAZE/telemetry/msp_shared.o
LOAD obj/main/NAZE/telemetry/ibus.o
LOAD obj/main/NAZE/telemetry/ibus_shared.o
LOAD obj/main/NAZE/sensors/esc_sensor.o
LOAD obj/main/NAZE/io/vtx_string.o
LOAD obj/main/NAZE/io/vtx_rtc6705.o
LOAD obj/main/NAZE/io/vtx_smartaudio.o
LOAD obj/main/NAZE/io/vtx_tramp.o
LOAD obj/main/NAZE/io/vtx_control.o
LOAD obj/main/NAZE/core_cm3.o
LOAD obj/main/NAZE/system_stm32f10x.o
LOAD obj/main/NAZE/stm32f10x_dma.o
LOAD obj/main/NAZE/stm32f10x_dbgmcu.o
LOAD obj/main/NAZE/stm32f10x_iwdg.o
LOAD obj/main/NAZE/stm32f10x_dac.o
LOAD obj/main/NAZE/stm32f10x_rtc.o
LOAD obj/main/NAZE/stm32f10x_pwr.o
LOAD obj/main/NAZE/stm32f10x_i2c.o
LOAD obj/main/NAZE/stm32f10x_sdio.o
LOAD obj/main/NAZE/stm32f10x_rcc.o
LOAD obj/main/NAZE/stm32f10x_flash.o
LOAD obj/main/NAZE/stm32f10x_usart.o
LOAD obj/main/NAZE/stm32f10x_tim.o
LOAD obj/main/NAZE/misc.o
LOAD obj/main/NAZE/stm32f10x_wwdg.o
LOAD obj/main/NAZE/stm32f10x_adc.o
LOAD obj/main/NAZE/stm32f10x_spi.o
LOAD obj/main/NAZE/stm32f10x_bkp.o
LOAD obj/main/NAZE/stm32f10x_exti.o
LOAD obj/main/NAZE/stm32f10x_fsmc.o
LOAD obj/main/NAZE/stm32f10x_gpio.o
LOAD /home/austin/Documents/IFA_betaflight/betaflight/tools/gcc-arm-none-eabi-6-2017-q2-update/bin/../lib/gcc/arm-none-eabi/6.3.1/../../../../arm-none-eabi/lib/thumb/v7-m/libm.a
LOAD /home/austin/Documents/IFA_betaflight/betaflight/tools/gcc-arm-none-eabi-6-2017-q2-update/bin/../lib/gcc/arm-none-eabi/6.3.1/../../../../arm-none-eabi/lib/thumb/v7-m/libc_nano.a
LOAD /home/austin/Documents/IFA_betaflight/betaflight/tools/gcc-arm-none-eabi-6-2017-q2-update/bin/../lib/gcc/arm-none-eabi/6.3.1/../../../../arm-none-eabi/lib/thumb/v7-m/libnosys.a
START GROUP
LOAD /home/austin/Documents/IFA_betaflight/betaflight/tools/gcc-arm-none-eabi-6-2017-q2-update/bin/../lib/gcc/arm-none-eabi/6.3.1/thumb/v7-m/libgcc.a
LOAD /home/austin/Documents/IFA_betaflight/betaflight/tools/gcc-arm-none-eabi-6-2017-q2-update/bin/../lib/gcc/arm-none-eabi/6.3.1/../../../../arm-none-eabi/lib/thumb/v7-m/libc_nano.a
END GROUP
START GROUP
LOAD /home/austin/Documents/IFA_betaflight/betaflight/tools/gcc-arm-none-eabi-6-2017-q2-update/bin/../lib/gcc/arm-none-eabi/6.3.1/thumb/v7-m/libgcc.a
LOAD /home/austin/Documents/IFA_betaflight/betaflight/tools/gcc-arm-none-eabi-6-2017-q2-update/bin/../lib/gcc/arm-none-eabi/6.3.1/../../../../arm-none-eabi/lib/thumb/v7-m/libc_nano.a
END GROUP
                0x0000000020005000                _estack = (ORIGIN (STACKRAM) + LENGTH (STACKRAM))
                0x000000000801f800                __config_start = ORIGIN (FLASH_CONFIG)
                0x0000000008020000                __config_end = (ORIGIN (FLASH_CONFIG) + LENGTH (FLASH_CONFIG))
                0x0000000000000000                _Min_Heap_Size = 0x0
                0x0000000000000800                _Min_Stack_Size = 0x800

.isr_vector     0x0000000008000000      0x10c
                0x0000000008000000                . = ALIGN (0x4)
                [!provide]                        PROVIDE (isr_vector_table_base, .)
 *(.isr_vector)
 .isr_vector    0x0000000008000000      0x10c obj/main/NAZE/startup_stm32f10x_md_gcc.o
                0x0000000008000000                g_pfnVectors
                0x000000000800010c                . = ALIGN (0x4)

.text           0x0000000008000110    0x1ea98
                0x0000000008000110                . = ALIGN (0x4)
 *(.text)
 .text          0x0000000008000110     0x24c4 /tmp/ccRC0QGr.ltrans0.ltrans.o
                0x0000000008000110                init
 .text          0x00000000080025d4     0x16d4 /tmp/ccRC0QGr.ltrans1.ltrans.o
                0x00000000080025d4                taskHandleSerial.lto_priv.190
 .text          0x0000000008003ca8     0x22c0 /tmp/ccRC0QGr.ltrans2.ltrans.o
                0x0000000008003ca8                taskMainPidLoop
 .text          0x0000000008005f68      0xd04 /tmp/ccRC0QGr.ltrans3.ltrans.o
                0x0000000008005f7c                WS2811_DMA_IRQHandler.lto_priv.439
                0x000000000800623c                uart_tx_dma_IRQHandler
                0x0000000008006288                mpuIntExtiInit.lto_priv.631
                0x0000000008006394                uartIrqHandler
                0x00000000080063f8                uartReconfigure
                0x0000000008006518                initInverter.lto_priv.531
                0x0000000008006554                DMA1_Channel7_IRQHandler
                0x0000000008006568                DMA1_Channel6_IRQHandler
                0x000000000800657c                DMA1_Channel5_IRQHandler
                0x000000000800658c                DMA1_Channel4_IRQHandler
                0x000000000800659c                DMA1_Channel3_IRQHandler
                0x00000000080065ac                DMA1_Channel2_IRQHandler
                0x00000000080065bc                DMA1_Channel1_IRQHandler
                0x00000000080065cc                i2cInit
                0x0000000008006804                i2cRead.part.1
                0x0000000008006898                mma8452Read.lto_priv.247
                0x00000000080068f6                bma280Read.lto_priv.249
                0x0000000008006940                adxl345Read.lto_priv.244
                0x0000000008006aac                i2cWrite
                0x0000000008006b4c                mma8452Init.lto_priv.246
                0x0000000008006bce                bma280Init.lto_priv.248
                0x0000000008006bf2                adxl345Init.lto_priv.243
                0x0000000008006c58                I2C2_EV_IRQHandler
                0x0000000008006c5e                I2C2_ER_IRQHandler
                0x0000000008006c62                I2C1_EV_IRQHandler
                0x0000000008006c68                I2C1_ER_IRQHandler
 *fill*         0x0000000008006c6c        0x4 
 .text          0x0000000008006c70      0xbdc /tmp/ccRC0QGr.ltrans4.ltrans.o
                0x0000000008006c70                mspFcProcessOutCommand.lto_priv.594
 .text          0x000000000800784c      0xf8c /tmp/ccRC0QGr.ltrans5.ltrans.o
                0x000000000800784c                taskUpdateRxMain.lto_priv.189
 .text          0x00000000080087d8      0xb4c /tmp/ccRC0QGr.ltrans6.ltrans.o
                0x00000000080087d8                taskTelemetry.lto_priv.193
 .text          0x0000000008009324      0xd60 /tmp/ccRC0QGr.ltrans7.ltrans.o
                0x000000000800935e                putcp.lto_priv.178
                0x00000000080093bc                firFilterDenoiseUpdate
                0x0000000008009420                biquadFilterApply
                0x0000000008009478                pt1FilterApply
                0x0000000008009496                nullFilterApply
                0x00000000080094b0                _putc.lto_priv.515
                0x00000000080094bc                spiTimeoutUserCallback
                0x00000000080094e0                i2cHardwareConfigure
                0x0000000008009588                bufWriterFlush
                0x00000000080095a0                write_word.lto_priv.606
                0x000000000800967c                config_streamer_write
                0x00000000080096ae                pgResetInstance
                0x00000000080096f8                pgFind
                0x000000000800971c                featureClear
                0x000000000800972c                fastA2F
                0x0000000008009864                ftoa
                0x000000000800992c                _i2a.lto_priv.179
                0x0000000008009954                sbufReadU32
                0x0000000008009980                sbufReadU16
                0x0000000008009996                sbufReadU8
                0x00000000080099a0                sbufWriteData
                0x00000000080099b4                sbufWriteU32
                0x00000000080099dc                sbufWriteU16
                0x00000000080099f0                tfp_format
                0x0000000008009bc2                tfp_printf
                0x0000000008009c00                applyDeadband
                0x0000000008009c1e                sin_approx
                0x0000000008009cec                firFilterDenoiseInit
                0x0000000008009cfe                biquadFilterInit
                0x0000000008009e40                biquadFilterInitLPF
                0x0000000008009e58                filterGetNotchQ
                0x0000000008009eb2                crc16_ccitt_update
                0x0000000008009ede                isEEPROMContentValid
                0x0000000008009f4c                bitArraySet
                0x0000000008009f64                bitArrayGet
                0x0000000008009f7e                targetConfiguration
                0x0000000008009fb8                flashfsFlushSync
                0x0000000008009ff0                flashfsAdvanceTailInBuffer.lto_priv.204
                0x000000000800a020                flashfsFlushAsync
                0x000000000800a064                flashfsGetOffset
 .text          0x000000000800a084      0x860 /tmp/ccRC0QGr.ltrans8.ltrans.o
                0x000000000800a084                uartRead
                0x000000000800a0b4                isUartTransmitBufferEmpty
                0x000000000800a0ca                uartTotalTxBytesFree
                0x000000000800a0f0                uartTotalRxBytesWaiting
                0x000000000800a11a                pgResetFn_serialPinConfig
                0x000000000800a148                pgResetFn_statusLedConfig
                0x000000000800a158                pgResetFn_spiPinConfig
                0x000000000800a1a4                uartSetMode
                0x000000000800a1aa                uartSetBaudRate
                0x000000000800a1b0                timCCxHandler.lto_priv.607
                0x000000000800a244                configTimeBase
                0x000000000800a278                timerConfigure
                0x000000000800a2e8                lookupTimerIndex.lto_priv.416
                0x000000000800a320                timerChConfigCallbacks
                0x000000000800a3c8                micros
                0x000000000800a458                delayMicroseconds
                0x000000000800a46e                delay
                0x000000000800a482                SysTick_Handler
                0x000000000800a4b4                USART2_IRQHandler
                0x000000000800a4c0                USART1_IRQHandler
                0x000000000800a4cc                uartTryStartTxDMA
                0x000000000800a52a                uartWrite
                0x000000000800a550                serialSetMode
                0x000000000800a556                isSerialTransmitBufferEmpty
                0x000000000800a55c                serialRead
                0x000000000800a562                serialRxBytesWaiting
                0x000000000800a568                serialWrite
                0x000000000800a56e                serialWriteBuf
                0x000000000800a5aa                serialWriteBufShim
                0x000000000800a5ac                ledToggle
                0x000000000800a5c8                IOGetByTag
                0x000000000800a614                IOConfigGPIO
                0x000000000800a658                IOLo
                0x000000000800a662                IOHi
                0x000000000800a66c                IOWrite
                0x000000000800a680                systemBeep
                0x000000000800a6d8                ledSet
                0x000000000800a754                indicateFailure
                0x000000000800a786                failureMode
                0x000000000800a7ac                EXTI15_10_IRQHandler
                0x000000000800a7ae                EXTI0_IRQHandler
                0x000000000800a7b0                EXTI9_5_IRQHandler
                0x000000000800a7b2                EXTI4_IRQHandler
                0x000000000800a7b4                EXTI3_IRQHandler
                0x000000000800a7b6                EXTI2_IRQHandler
                0x000000000800a7b8                EXTI1_IRQHandler
                0x000000000800a7ba                spiSetDivisor
                0x000000000800a7fc                spiTransfer
                0x000000000800a858                spiTransferByte
                0x000000000800a890                spiBusReadRegisterBuffer
                0x000000000800a8be                spiBusWriteRegister
 .text          0x000000000800a8e4      0xa4c /tmp/ccRC0QGr.ltrans9.ltrans.o
                0x000000000800a8e4                pgResetFn_voltageSensorADCConfig
                0x000000000800a8f4                taskSystem
                0x000000000800a918                nopConsumer.lto_priv.345
                0x000000000800a91a                batteryUpdateCurrentMeter
                0x000000000800aa08                batteryUpdateVoltage
                0x000000000800aab8                pgResetFn_serialConfig
                0x000000000800aafc                calculateBatteryPercentageRemaining
                0x000000000800ab78                queueAdd
                0x000000000800abe8                setTaskEnabled
                0x000000000800ac50                warningLedRefresh
                0x000000000800ac8c                waitForSerialPortToFinishTransmitting
                0x000000000800aca2                serialRemovePort
                0x000000000800acd8                closeSerialPort
                0x000000000800ad04                mspSerialReleasePortIfAllocated
                0x000000000800ad34                openSerialPort
                0x000000000800b088                determinePortSharing
                0x000000000800b09c                findSerialPortConfig
                0x000000000800b0e0                mspSerialAllocatePorts
                0x000000000800b184                beeperModeMaskForTableIndex
                0x000000000800b1a4                beeperSilence
                0x000000000800b1d0                beeper
                0x000000000800b234                beeperUpdate
                0x000000000800b300                beeperConfirmationBeeps
 .text          0x000000000800b330      0xc10 /tmp/ccRC0QGr.ltrans10.ltrans.o
                0x000000000800b378                isEmpty.lto_priv.339
                0x000000000800b388                nextArg.lto_priv.343
                0x000000000800b3f4                cliShowParseError.lto_priv.314
                0x000000000800b400                cliGetValuePointer
                0x000000000800b41a                cliSetVar.lto_priv.337
                0x000000000800b438                cliPrintLinef.lto_priv.315
                0x000000000800b452                cliShowArgumentRangeError.lto_priv.317
                0x000000000800b460                cliRxFailsafe.lto_priv.281
                0x000000000800b56c                cliPrintf.lto_priv.318
                0x000000000800b59c                cliSerialPassthrough.lto_priv.285
                0x000000000800b76c                cliPrintVarRange.lto_priv.338
                0x000000000800b8b0                cliPrintVar.lto_priv.336
                0x000000000800b8c6                dumpAllValues.lto_priv.300
                0x000000000800b9a4                cliWrite.lto_priv.595
                0x000000000800b9c8                cliDefaultPrintLinef.lto_priv.312
                0x000000000800b9f4                cliDumpPrintLinef.lto_priv.309
                0x000000000800ba18                printAdjustmentRange.lto_priv.302
                0x000000000800bae0                cliAdjustmentRange.lto_priv.260
                0x000000000800bbd0                printSerial.lto_priv.307
                0x000000000800bcbc                cliSerial.lto_priv.284
                0x000000000800bdb4                printAux.lto_priv.303
                0x000000000800be74                cliAux.lto_priv.261
 .text          0x000000000800bf40      0xdcc /tmp/ccRC0QGr.ltrans11.ltrans.o
                0x000000000800bf40                printServoMix.lto_priv.308
                0x000000000800c028                cliServoMix.lto_priv.288
                0x000000000800c2d4                printServo.lto_priv.310
                0x000000000800c400                cliServo.lto_priv.286
                0x000000000800c4d8                printModeColor.lto_priv.304
                0x000000000800c5cc                cliModeColor.lto_priv.275
                0x000000000800c648                printColor.lto_priv.305
                0x000000000800c6c0                cliColor.lto_priv.264
                0x000000000800c770                printLed.lto_priv.306
                0x000000000800c7e4                cliLed.lto_priv.271
                0x000000000800c964                printRxRange.lto_priv.301
                0x000000000800c9d8                cliRxRange.lto_priv.282
                0x000000000800ca90                printMotorMix.lto_priv.311
                0x000000000800cb90                cliMotorMix.lto_priv.274
 .text          0x000000000800cd0c      0xa78 /tmp/ccRC0QGr.ltrans12.ltrans.o
                0x000000000800cd0c                pgResetFn_accelerometerConfig
                0x000000000800cd2a                xBusReadRawRC.lto_priv.475
                0x000000000800cd40                xBusFrameStatus.lto_priv.476
                0x000000000800cd54                writeSlowFrameIfNeeded.lto_priv.206
                0x000000000800ce14                blackboxWriteMainStateArrayUsingAveragePredictor.lto_priv.207
                0x000000000800ce54                gyroSetCalibrationCycles.isra.2.lto_priv.406
                0x000000000800ce74                alignSensors
                0x000000000800cf8c                setAccelerationFilter.part.1
                0x000000000800cfbc                sensorsAutodetect
 .text          0x000000000800d784      0xf08 /tmp/ccRC0QGr.ltrans13.ltrans.o
                0x000000000800d82c                sumhReadRawRC.lto_priv.467
                0x000000000800d844                sumhFrameStatus.lto_priv.468
                0x000000000800d8b4                sumdReadRawRC.lto_priv.464
                0x000000000800d8c8                sumdFrameStatus.lto_priv.465
                0x000000000800d950                spektrumReadRawRC.lto_priv.454
                0x000000000800d978                sbusReadRawRC.lto_priv.461
                0x000000000800d994                sbusFrameStatus.lto_priv.462
                0x000000000800db14                crsfReadRawRC.lto_priv.485
                0x000000000800db44                crsfFrameStatus.lto_priv.486
                0x000000000800dd08                rxUpdateCheck
                0x000000000800dde0                nullFrameStatus.lto_priv.443
                0x000000000800dde4                nullReadRawRC.lto_priv.442
                0x000000000800de24                ppmReadRawRC.lto_priv.446
                0x000000000800de34                pwmReadRawRC.lto_priv.445
                0x000000000800de44                rxMspFrameStatus.lto_priv.448
                0x000000000800de5c                rxMspReadRawRC.lto_priv.447
                0x000000000800de6c                ibusReadRawRC.lto_priv.479
                0x000000000800dee4                xBusDataReceive.lto_priv.477
                0x000000000800dfbc                sumhDataReceive.lto_priv.469
                0x000000000800e004                sumdDataReceive.lto_priv.466
                0x000000000800e0a8                spektrumFrameStatus.lto_priv.455
                0x000000000800e1c8                spektrumDataReceive.lto_priv.456
                0x000000000800e214                sbusDataReceive.lto_priv.463
                0x000000000800e268                crsfDataReceive.lto_priv.487
                0x000000000800e2cc                ibusDataReceive.lto_priv.482
                0x000000000800e3a0                ibusFrameStatus.lto_priv.480
                0x000000000800e454                parseRcChannels
                0x000000000800e488                pgResetFn_rxConfig
                0x000000000800e4e0                getRxfailValue.lto_priv.580
                0x000000000800e53c                resumeRxSignal
                0x000000000800e56c                suspendRxSignal
                0x000000000800e59c                loadCustomServoMixer
                0x000000000800e5ec                determineServoMiddleOrForwardFromChannel
                0x000000000800e624                pidInit
 .text          0x000000000800e68c      0xc84 /tmp/ccRC0QGr.ltrans14.ltrans.o
                0x000000000800e68c                cliVersion.lto_priv.291
                0x000000000800e710                cliTasks.lto_priv.290
                0x000000000800e8cc                cliStatus.lto_priv.289
                0x000000000800eae4                cliResource.lto_priv.280
                0x000000000800eda0                printConfig.lto_priv.294
 .text          0x000000000800f310      0x968 /tmp/ccRC0QGr.ltrans15.ltrans.o
                0x000000000800f310                blackboxWriteSysinfo.lto_priv.409
                0x000000000800f9c8                sendFieldDefinition.lto_priv.410
                0x000000000800fb38                loadMainState.lto_priv.205
                0x000000000800fc3c                blackboxFinish
 .text          0x000000000800fc78      0xa68 /tmp/ccRC0QGr.ltrans16.ltrans.o
                0x000000000800fc78                dispatchProcess
                0x000000000800fc9c                pgResetFn_pwmConfig
                0x000000000800fcc8                pgResetFn_ppmConfig
                0x000000000800fcec                pgResetFn_adcConfig
                0x000000000800fd08                pgResetFn_flashConfig
                0x000000000800fd12                mspRebootFn.lto_priv.588
                0x000000000800fd54                HardFault_Handler
                0x000000000800fdc4                changePidProfile
                0x000000000800fdf0                writeEEPROM
                0x000000000800ff48                validateAndFixGyroConfig
                0x000000000801006c                readEEPROM
                0x0000000008010418                saveConfigAndNotify
                0x000000000801042c                resetConfigs
                0x0000000008010480                timerOCInit
                0x0000000008010668                timerGetByTag
                0x000000000801069c                TIM4_IRQHandler
                0x00000000080106ac                TIM3_IRQHandler
                0x00000000080106bc                TIM2_IRQHandler
                0x00000000080106cc                TIM1_CC_IRQHandler
                0x00000000080106dc                TIM1_UP_IRQHandler
 .text          0x00000000080106e0      0x8ac /tmp/ccRC0QGr.ltrans17.ltrans.o
                0x0000000008010a40                disarm
                0x0000000008010a74                updateArmingStatus
                0x0000000008010c34                tryArm
                0x0000000008010d2c                openSoftSerial
                0x0000000008010f50                pwmICConfig
 .text          0x0000000008010f8c      0xa08 /tmp/ccRC0QGr.ltrans18.ltrans.o
                0x0000000008010f8c                cliGet.lto_priv.270
                0x0000000008010ff4                cliSet.lto_priv.287
                0x0000000008011204                cliRateProfile.lto_priv.279
                0x0000000008011244                cliProfile.lto_priv.278
                0x0000000008011280                cliMotor.lto_priv.276
                0x0000000008011380                cliMixer.lto_priv.273
                0x0000000008011498                cliDefaults.lto_priv.265
                0x00000000080114c8                cliSave.lto_priv.283
                0x00000000080114d6                cliExit.lto_priv.266
                0x000000000801150c                cliBootloader.lto_priv.263
                0x0000000008011510                cliMap.lto_priv.272
                0x00000000080115c8                cliBeeper.lto_priv.262
                0x0000000008011718                cliFeature.lto_priv.267
                0x000000000801182c                cliName.lto_priv.277
                0x000000000801188c                cliFlashErase.lto_priv.268
                0x00000000080118d0                cliFlashInfo.lto_priv.269
                0x0000000008011908                cliDumpRateProfile.lto_priv.298
                0x0000000008011930                cliDumpPidProfile.lto_priv.299
                0x0000000008011958                checkCommand.lto_priv.313
 .text          0x0000000008011994      0xa84 /tmp/ccRC0QGr.ltrans19.ltrans.o
                0x0000000008011994                ms5611_calculate.lto_priv.242
                0x0000000008011b34                bmp280_calculate.lto_priv.237
                0x0000000008011cec                bmp280_start_ut.lto_priv.234
                0x0000000008011cee                bmp280_get_ut.lto_priv.233
                0x0000000008011cf0                mpu6500AccInit
                0x0000000008011cf8                mpu6500SpiAccInit
                0x0000000008011d00                mpu6050AccInit.lto_priv.245
                0x0000000008011d1a                mpu3050ReadTemperature.lto_priv.255
                0x0000000008011d4a                mpu3050GyroRead.lto_priv.254
                0x0000000008011d8e                mpuGyroRead
                0x0000000008011dd2                mpuAccRead
                0x0000000008011e14                mpuGyroReadSPI
                0x0000000008011e94                mpuWriteRegisterI2C.lto_priv.251
                0x0000000008011ea0                mpuReadRegisterI2C.lto_priv.250
                0x0000000008011eb4                mpu6500GyroInit
                0x0000000008011f72                mpu6500SpiGyroInit
                0x0000000008011fae                mpu6050GyroInit.lto_priv.252
                0x000000000801201e                mpu3050Init.lto_priv.253
                0x0000000008012070                flashfsGetDirtyDataBuffers.lto_priv.202
                0x00000000080120a8                flashfsTransmitBufferUsed.lto_priv.201
                0x00000000080120c8                m25p16_isReady
                0x0000000008012138                flashfsWriteBuffers.lto_priv.203
                0x0000000008012290                flashfsEraseCompletely
                0x00000000080122cc                m25p16_readBytes
                0x0000000008012334                bmp280WriteRegister
                0x0000000008012334                ms5611WriteCommand
                0x000000000801234c                ms5611_start_up.lto_priv.240
                0x0000000008012352                ms5611_start_ut.lto_priv.238
                0x0000000008012358                bmp280_start_up.lto_priv.235
                0x000000000801235e                bmp280ReadRegister
                0x000000000801235e                ms5611ReadCommand
                0x00000000080123b0                ms5611_get_up.lto_priv.241
                0x00000000080123c0                ms5611_get_ut.lto_priv.239
                0x00000000080123d0                bmp280_get_up.lto_priv.236
 .text          0x0000000008012418      0x898 /tmp/ccRC0QGr.ltrans20.ltrans.o
                0x0000000008012510                FLASH_GetBank1Status
                0x0000000008012538                RCC_GetClocksFreq
                0x00000000080125cc                DMA_StructInit
                0x00000000080125e6                DMA_Init
                0x0000000008012622                DMA_DeInit
                0x0000000008012714                SystemInit
                0x0000000008012760                __set_MSP
                0x0000000008012766                isChecksumOkIa6b
                0x000000000801279c                respondToIbusRequest
                0x0000000008012868                ltm_finalise.lto_priv.549
                0x0000000008012878                ltm_serialise_8.lto_priv.180
                0x0000000008012898                ltm_serialise_16.lto_priv.551
                0x00000000080128aa                ltm_initialise_packet.lto_priv.550
                0x00000000080128d8                smartPortSendPackage.lto_priv.552
                0x000000000801292c                workAroundForHottTelemetryOnUsart.isra.0.lto_priv.554
                0x0000000008012968                flushHottRxBuffer.lto_priv.555
                0x0000000008012984                hottConfigurePortForRX.lto_priv.553
                0x00000000080129b0                GPStoDDDMM_MMMM.lto_priv.559
                0x0000000008012a04                serialize16.lto_priv.557
                0x0000000008012a18                sendTelemetryTail.lto_priv.556
                0x0000000008012a24                sendDataHead.lto_priv.558
                0x0000000008012a40                telemetryCheckRxPortShared
                0x0000000008012a70                telemetryCheckState
 .text          0x0000000008012cb0      0x874 /tmp/ccRC0QGr.ltrans21.ltrans.o
                0x0000000008012fc0                ledStripUpdate
                0x00000000080134b0                telemetryDetermineEnabledState
                0x00000000080134dc                setModeColor
 .text          0x0000000008013524      0xc80 /tmp/ccRC0QGr.ltrans22.ltrans.o
                0x0000000008013548                pgResetFn_motorConfig
                0x0000000008013594                cliHelp.lto_priv.593
                0x00000000080135b4                cliDiff.lto_priv.591
                0x00000000080135ba                cliDump.lto_priv.592
                0x00000000080135c0                pidInitConfig
                0x0000000008013760                pidInitFilters
                0x0000000008013930                writeMotors.part.1
                0x0000000008013968                imuComputeRotationMatrix.lto_priv.530
                0x0000000008013aa8                imuUpdateAttitude
                0x0000000008014168                failsafeActivate.lto_priv.579
 .text          0x00000000080141a4      0x844 /tmp/ccRC0QGr.ltrans23.ltrans.o
                0x00000000080141d0                RCC_ClockCmd.constprop.164
                0x000000000801420c                NVIC_Init.part.0.constprop.159
                0x0000000008014248                timerOCPreloadConfig.constprop.143
                0x00000000080142a2                TIM_TimeBaseInit.constprop.142
                0x0000000008014330                spiPreInitCs.constprop.98
                0x000000000801434e                gyroInitSensorFilters.constprop.72
                0x0000000008014558                itoa.constprop.46
                0x000000000801457c                findNextSharedSerialPort.constprop.42
                0x00000000080145e0                findSharedSerialPort.constprop.41
                0x00000000080145f0                ltm_serialise_32.constprop.35
                0x000000000801460e                blackboxWriteSignedVBArray.constprop.16
                0x0000000008014628                generateLedConfig.constprop.5
                0x00000000080146c0                GPIO_Init
                0x0000000008014764                TIM_ICInit
                0x0000000008014994                timerChConfigIC.constprop.93
                0x00000000080149c6                FLASH_WaitForLastOperation
 .text          0x00000000080149e8      0x6ec /tmp/ccRC0QGr.ltrans24.ltrans.o
                0x00000000080149e8                pgResetFn_ledStripConfig
                0x0000000008014a6c                applyLedHsv.lto_priv.194
                0x0000000008014aa0                reevaluateLedConfig
                0x0000000008014b80                ws2811UpdateStrip
                0x0000000008014da4                blackboxDeviceReserveBufferSpace
                0x0000000008014df4                blackboxReplenishHeaderBudget
                0x0000000008014e44                isBlackboxDeviceFull
                0x0000000008014e6c                blackboxWriteString
                0x0000000008014f40                blackboxWrite
                0x0000000008014f90                blackboxWriteTag2_3S32
                0x00000000080150ae                blackboxWriteSignedVB
                0x00000000080150b8                blackboxWriteSigned16VBArray
 .text          0x00000000080150d4      0x618 /tmp/ccRC0QGr.ltrans25.ltrans.o
                0x00000000080150da                blackboxWriteUnsignedVB
                0x00000000080150fa                blackboxPrintfHeaderLine
                0x0000000008015150                blackboxPrintf
                0x0000000008015174                blackboxGetRateDenom
                0x0000000008015198                blackboxAdvanceIterationTimers.lto_priv.407
                0x00000000080151e0                blackboxLogEvent
                0x0000000008015278                blackboxLogIteration.lto_priv.408
 .text          0x00000000080156ec      0x59c /tmp/ccRC0QGr.ltrans26.ltrans.o
                0x00000000080156ec                taskUpdateBaro.lto_priv.191
                0x00000000080157b8                taskCalculateAltitude.lto_priv.192
 .text          0x0000000008015c88      0x3c0 /tmp/ccRC0QGr.ltrans27.ltrans.o
                0x0000000008015c88                pwmOverflowCallback.lto_priv.510
                0x0000000008015cb0                ppmEdgeCallback.lto_priv.511
                0x0000000008015dec                ppmOverflowCallback.lto_priv.512
                0x0000000008015e1c                pwmCompleteWriteUnused.lto_priv.495
                0x0000000008015e1e                pwmWriteUnused.lto_priv.420
                0x0000000008015e20                pgResetFn_controlRateProfiles
                0x0000000008015e40                pwmEdgeCallback.lto_priv.509
                0x0000000008015e9c                pwmWriteStandard.lto_priv.493
                0x0000000008015ec8                pwmCompleteOneshotMotorUpdate.lto_priv.496
                0x0000000008015f34                pwmWriteServo.part.0
                0x0000000008015f54                pwmWriteServo
                0x0000000008015f5c                pwmOutConfig
                0x0000000008016020                changeControlRateProfile
 .text          0x0000000008016048      0x2c4 /tmp/ccRC0QGr.ltrans28.ltrans.o
                0x0000000008016048                serializeBoxPermanentIdFn
                0x0000000008016054                taskUpdateAccelerometer.lto_priv.188
                0x000000000801627c                serializeBoxNameFn
                0x000000000801629e                findBoxByBoxId
                0x00000000080162c4                serializeBoxReply
 .text          0x000000000801630c      0x1fc /tmp/ccRC0QGr.ltrans29.ltrans.o
                0x000000000801630c                cliPutp.lto_priv.349
                0x000000000801632a                cliPrint.lto_priv.293
                0x000000000801635c                cliPrintLinefeed.lto_priv.292
                0x0000000008016364                cliPrintLinefva.lto_priv.367
                0x0000000008016388                cliPrintLine.lto_priv.316
                0x0000000008016394                isModeActivationConditionPresent
                0x00000000080163bc                isRangeActive
                0x0000000008016408                IS_RC_MODE_ACTIVE
                0x0000000008016414                isAirmodeActive
                0x0000000008016430                calculateThrottleStatus
                0x0000000008016480                blackboxLogInflightAdjustmentEvent.lto_priv.578
                0x00000000080164a8                generateThrottleCurve
 .text          0x0000000008016508      0x1e4 /tmp/ccRC0QGr.ltrans30.ltrans.o
                0x0000000008016508                taskBatteryAlerts
 .text          0x00000000080166ec       0x5c /tmp/ccRC0QGr.ltrans31.ltrans.o
                0x00000000080166ec                disableFlightMode
                0x000000000801670c                enableFlightMode
                0x0000000008016728                unsetArmingDisabled
                0x0000000008016738                setArmingDisabled
 .text          0x0000000008016748       0x10 /home/austin/Documents/IFA_betaflight/betaflight/tools/gcc-arm-none-eabi-6-2017-q2-update/bin/../lib/gcc/arm-none-eabi/6.3.1/../../../../arm-none-eabi/lib/thumb/v7-m/libc_nano.a(lib_a-strlen.o)
                0x0000000008016748                strlen
 .text          0x0000000008016758       0x18 /home/austin/Documents/IFA_betaflight/betaflight/tools/gcc-arm-none-eabi-6-2017-q2-update/bin/../lib/gcc/arm-none-eabi/6.3.1/thumb/v7-m/libgcc.a(_lshrdi3.o)
                0x0000000008016758                __aeabi_llsr
                0x0000000008016758                __lshrdi3
 .text          0x0000000008016770      0x370 /home/austin/Documents/IFA_betaflight/betaflight/tools/gcc-arm-none-eabi-6-2017-q2-update/bin/../lib/gcc/arm-none-eabi/6.3.1/thumb/v7-m/libgcc.a(_arm_addsubdf3.o)
                0x0000000008016770                __aeabi_drsub
                0x0000000008016778                __aeabi_dsub
                0x0000000008016778                __subdf3
                0x000000000801677c                __adddf3
                0x000000000801677c                __aeabi_dadd
                0x00000000080169f4                __aeabi_ui2d
                0x00000000080169f4                __floatunsidf
                0x0000000008016a14                __floatsidf
                0x0000000008016a14                __aeabi_i2d
                0x0000000008016a38                __extendsfdf2
                0x0000000008016a38                __aeabi_f2d
                0x0000000008016a74                __aeabi_ul2d
                0x0000000008016a74                __floatundidf
                0x0000000008016a84                __floatdidf
                0x0000000008016a84                __aeabi_l2d
 .text          0x0000000008016ae0      0x424 /home/austin/Documents/IFA_betaflight/betaflight/tools/gcc-arm-none-eabi-6-2017-q2-update/bin/../lib/gcc/arm-none-eabi/6.3.1/thumb/v7-m/libgcc.a(_arm_muldivdf3.o)
                0x0000000008016ae0                __aeabi_dmul
                0x0000000008016ae0                __muldf3
                0x0000000008016d34                __aeabi_ddiv
                0x0000000008016d34                __divdf3
 .text          0x0000000008016f04      0x110 /home/austin/Documents/IFA_betaflight/betaflight/tools/gcc-arm-none-eabi-6-2017-q2-update/bin/../lib/gcc/arm-none-eabi/6.3.1/thumb/v7-m/libgcc.a(_arm_cmpdf2.o)
                0x0000000008016f04                __gtdf2
                0x0000000008016f04                __gedf2
                0x0000000008016f0c                __ltdf2
                0x0000000008016f0c                __ledf2
                0x0000000008016f14                __cmpdf2
                0x0000000008016f14                __eqdf2
                0x0000000008016f14                __nedf2
                0x0000000008016f90                __aeabi_cdrcmple
                0x0000000008016fa0                __aeabi_cdcmple
                0x0000000008016fa0                __aeabi_cdcmpeq
                0x0000000008016fb0                __aeabi_dcmpeq
                0x0000000008016fc4                __aeabi_dcmplt
                0x0000000008016fd8                __aeabi_dcmple
                0x0000000008016fec                __aeabi_dcmpge
                0x0000000008017000                __aeabi_dcmpgt
 .text          0x0000000008017014       0xa0 /home/austin/Documents/IFA_betaflight/betaflight/tools/gcc-arm-none-eabi-6-2017-q2-update/bin/../lib/gcc/arm-none-eabi/6.3.1/thumb/v7-m/libgcc.a(_arm_truncdfsf2.o)
                0x0000000008017014                __aeabi_d2f
                0x0000000008017014                __truncdfsf2
 .text          0x00000000080170b4      0x21c /home/austin/Documents/IFA_betaflight/betaflight/tools/gcc-arm-none-eabi-6-2017-q2-update/bin/../lib/gcc/arm-none-eabi/6.3.1/thumb/v7-m/libgcc.a(_arm_addsubsf3.o)
                0x00000000080170b4                __aeabi_frsub
                0x00000000080170bc                __subsf3
                0x00000000080170bc                __aeabi_fsub
                0x00000000080170c0                __aeabi_fadd
                0x00000000080170c0                __addsf3
                0x0000000008017220                __aeabi_ui2f
                0x0000000008017220                __floatunsisf
                0x0000000008017228                __aeabi_i2f
                0x0000000008017228                __floatsisf
                0x0000000008017244                __floatundisf
                0x0000000008017244                __aeabi_ul2f
                0x0000000008017254                __floatdisf
                0x0000000008017254                __aeabi_l2f
 .text          0x00000000080172d0      0x2a0 /home/austin/Documents/IFA_betaflight/betaflight/tools/gcc-arm-none-eabi-6-2017-q2-update/bin/../lib/gcc/arm-none-eabi/6.3.1/thumb/v7-m/libgcc.a(_arm_muldivsf3.o)
                0x00000000080172d0                __mulsf3
                0x00000000080172d0                __aeabi_fmul
                0x0000000008017438                __divsf3
                0x0000000008017438                __aeabi_fdiv
 .text          0x0000000008017570       0xec /home/austin/Documents/IFA_betaflight/betaflight/tools/gcc-arm-none-eabi-6-2017-q2-update/bin/../lib/gcc/arm-none-eabi/6.3.1/thumb/v7-m/libgcc.a(_arm_cmpsf2.o)
                0x0000000008017570                __gtsf2
                0x0000000008017570                __gesf2
                0x0000000008017578                __lesf2
                0x0000000008017578                __ltsf2
                0x0000000008017580                __nesf2
                0x0000000008017580                __eqsf2
                0x0000000008017580                __cmpsf2
                0x00000000080175e0                __aeabi_cfrcmple
                0x00000000080175e8                __aeabi_cfcmple
                0x00000000080175e8                __aeabi_cfcmpeq
                0x00000000080175f8                __aeabi_fcmpeq
                0x000000000801760c                __aeabi_fcmplt
                0x0000000008017620                __aeabi_fcmple
                0x0000000008017634                __aeabi_fcmpge
                0x0000000008017648                __aeabi_fcmpgt
 .text          0x000000000801765c       0x2c /home/austin/Documents/IFA_betaflight/betaflight/tools/gcc-arm-none-eabi-6-2017-q2-update/bin/../lib/gcc/arm-none-eabi/6.3.1/thumb/v7-m/libgcc.a(_arm_unordsf2.o)
                0x000000000801765c                __aeabi_fcmpun
                0x000000000801765c                __unordsf2
 .text          0x0000000008017688       0x4c /home/austin/Documents/IFA_betaflight/betaflight/tools/gcc-arm-none-eabi-6-2017-q2-update/bin/../lib/gcc/arm-none-eabi/6.3.1/thumb/v7-m/libgcc.a(_arm_fixsfsi.o)
                0x0000000008017688                __fixsfsi
                0x0000000008017688                __aeabi_f2iz
 .text          0x00000000080176d4       0x40 /home/austin/Documents/IFA_betaflight/betaflight/tools/gcc-arm-none-eabi-6-2017-q2-update/bin/../lib/gcc/arm-none-eabi/6.3.1/thumb/v7-m/libgcc.a(_arm_fixunssfsi.o)
                0x00000000080176d4                __aeabi_f2uiz
                0x00000000080176d4                __fixunssfsi
 .text          0x0000000008017714       0xa0 /home/austin/Documents/IFA_betaflight/betaflight/tools/gcc-arm-none-eabi-6-2017-q2-update/bin/../lib/gcc/arm-none-eabi/6.3.1/thumb/v7-m/libgcc.a(_aeabi_ldivmod.o)
                0x0000000008017714                __aeabi_ldivmod
 .text          0x00000000080177b4       0x28 /home/austin/Documents/IFA_betaflight/betaflight/tools/gcc-arm-none-eabi-6-2017-q2-update/bin/../lib/gcc/arm-none-eabi/6.3.1/thumb/v7-m/libgcc.a(_popcountsi2.o)
                0x00000000080177b4                __popcountsi2
 .text          0x00000000080177dc      0x2dc /home/austin/Documents/IFA_betaflight/betaflight/tools/gcc-arm-none-eabi-6-2017-q2-update/bin/../lib/gcc/arm-none-eabi/6.3.1/thumb/v7-m/libgcc.a(_udivmoddi4.o)
                0x00000000080177dc                __udivmoddi4
 .text          0x0000000008017ab8        0x4 /home/austin/Documents/IFA_betaflight/betaflight/tools/gcc-arm-none-eabi-6-2017-q2-update/bin/../lib/gcc/arm-none-eabi/6.3.1/thumb/v7-m/libgcc.a(_dvmd_tls.o)
                0x0000000008017ab8                __aeabi_ldiv0
                0x0000000008017ab8                __aeabi_idiv0
 *(.text*)
 .text.Reset_Handler
                0x0000000008017abc       0x9c obj/main/NAZE/startup_stm32f10x_md_gcc.o
                0x0000000008017abc                Reset_Handler
 .text.Default_Handler
                0x0000000008017b58        0x2 obj/main/NAZE/startup_stm32f10x_md_gcc.o
                0x0000000008017b58                DebugMon_Handler
                0x0000000008017b58                PVD_IRQHandler
                0x0000000008017b58                PendSV_Handler
                0x0000000008017b58                NMI_Handler
                0x0000000008017b58                UsageFault_Handler
                0x0000000008017b58                ADC1_2_IRQHandler
                0x0000000008017b58                SPI1_IRQHandler
                0x0000000008017b58                TAMPER_IRQHandler
                0x0000000008017b58                USART3_IRQHandler
                0x0000000008017b58                RTC_IRQHandler
                0x0000000008017b58                CAN1_RX1_IRQHandler
                0x0000000008017b58                RCC_IRQHandler
                0x0000000008017b58                TIM1_TRG_COM_IRQHandler
                0x0000000008017b58                Default_Handler
                0x0000000008017b58                SPI2_IRQHandler
                0x0000000008017b58                MemManage_Handler
                0x0000000008017b58                SVC_Handler
                0x0000000008017b58                USB_LP_CAN1_RX0_IRQHandler
                0x0000000008017b58                USB_HP_CAN1_TX_IRQHandler
                0x0000000008017b58                WWDG_IRQHandler
                0x0000000008017b58                TIM1_BRK_IRQHandler
                0x0000000008017b58                RTCAlarm_IRQHandler
                0x0000000008017b58                CAN1_SCE_IRQHandler
                0x0000000008017b58                FLASH_IRQHandler
                0x0000000008017b58                BusFault_Handler
                0x0000000008017b58                USBWakeUp_IRQHandler
 *fill*         0x0000000008017b5a        0x2 
 .text.startup  0x0000000008017b5c      0x19c /tmp/ccRC0QGr.ltrans7.ltrans.o
                0x0000000008017b5c                main
 .text.unlikely
                0x0000000008017cf8      0x280 /tmp/ccRC0QGr.ltrans15.ltrans.o
                0x0000000008017cf8                blackboxStart.lto_priv.411
 .text.unlikely
                0x0000000008017f78       0x24 /tmp/ccRC0QGr.ltrans24.ltrans.o
                0x0000000008017f78                blackboxDeviceFlushForce
 .text.atoi     0x0000000008017f9c        0x8 /home/austin/Documents/IFA_betaflight/betaflight/tools/gcc-arm-none-eabi-6-2017-q2-update/bin/../lib/gcc/arm-none-eabi/6.3.1/../../../../arm-none-eabi/lib/thumb/v7-m/libc_nano.a(lib_a-atoi.o)
                0x0000000008017f9c                atoi
 .text.__locale_ctype_ptr_l
                0x0000000008017fa4        0x6 /home/austin/Documents/IFA_betaflight/betaflight/tools/gcc-arm-none-eabi-6-2017-q2-update/bin/../lib/gcc/arm-none-eabi/6.3.1/../../../../arm-none-eabi/lib/thumb/v7-m/libc_nano.a(lib_a-locale.o)
                0x0000000008017fa4                __locale_ctype_ptr_l
 *fill*         0x0000000008017faa        0x2 
 .text.__locale_ctype_ptr
                0x0000000008017fac       0x1c /home/austin/Documents/IFA_betaflight/betaflight/tools/gcc-arm-none-eabi-6-2017-q2-update/bin/../lib/gcc/arm-none-eabi/6.3.1/../../../../arm-none-eabi/lib/thumb/v7-m/libc_nano.a(lib_a-locale.o)
                0x0000000008017fac                __locale_ctype_ptr
 .text.__ascii_mbtowc
                0x0000000008017fc8       0x24 /home/austin/Documents/IFA_betaflight/betaflight/tools/gcc-arm-none-eabi-6-2017-q2-update/bin/../lib/gcc/arm-none-eabi/6.3.1/../../../../arm-none-eabi/lib/thumb/v7-m/libc_nano.a(lib_a-mbtowc_r.o)
                0x0000000008017fc8                __ascii_mbtowc
 .text.memcpy   0x0000000008017fec       0x16 /home/austin/Documents/IFA_betaflight/betaflight/tools/gcc-arm-none-eabi-6-2017-q2-update/bin/../lib/gcc/arm-none-eabi/6.3.1/../../../../arm-none-eabi/lib/thumb/v7-m/libc_nano.a(lib_a-memcpy-stub.o)
                0x0000000008017fec                memcpy
 .text.__strtok_r
                0x0000000008018002       0x52 /home/austin/Documents/IFA_betaflight/betaflight/tools/gcc-arm-none-eabi-6-2017-q2-update/bin/../lib/gcc/arm-none-eabi/6.3.1/../../../../arm-none-eabi/lib/thumb/v7-m/libc_nano.a(lib_a-strtok_r.o)
                0x0000000008018002                __strtok_r
 .text.strtok_r
                0x0000000008018054        0x6 /home/austin/Documents/IFA_betaflight/betaflight/tools/gcc-arm-none-eabi-6-2017-q2-update/bin/../lib/gcc/arm-none-eabi/6.3.1/../../../../arm-none-eabi/lib/thumb/v7-m/libc_nano.a(lib_a-strtok_r.o)
                0x0000000008018054                strtok_r
 .text._strtol_l.isra.0
                0x000000000801805a      0x100 /home/austin/Documents/IFA_betaflight/betaflight/tools/gcc-arm-none-eabi-6-2017-q2-update/bin/../lib/gcc/arm-none-eabi/6.3.1/../../../../arm-none-eabi/lib/thumb/v7-m/libc_nano.a(lib_a-strtol.o)
 *fill*         0x000000000801815a        0x2 
 .text.strtol   0x000000000801815c       0x2c /home/austin/Documents/IFA_betaflight/betaflight/tools/gcc-arm-none-eabi-6-2017-q2-update/bin/../lib/gcc/arm-none-eabi/6.3.1/../../../../arm-none-eabi/lib/thumb/v7-m/libc_nano.a(lib_a-strtol.o)
                0x000000000801815c                strtol
 .text.__ascii_wctomb
                0x0000000008018188       0x1a /home/austin/Documents/IFA_betaflight/betaflight/tools/gcc-arm-none-eabi-6-2017-q2-update/bin/../lib/gcc/arm-none-eabi/6.3.1/../../../../arm-none-eabi/lib/thumb/v7-m/libc_nano.a(lib_a-wctomb_r.o)
                0x0000000008018188                __ascii_wctomb
 *fill*         0x00000000080181a2        0x2 
 .text.ceilf    0x00000000080181a4       0x88 /home/austin/Documents/IFA_betaflight/betaflight/tools/gcc-arm-none-eabi-6-2017-q2-update/bin/../lib/gcc/arm-none-eabi/6.3.1/../../../../arm-none-eabi/lib/thumb/v7-m/libm.a(lib_a-sf_ceil.o)
                0x00000000080181a4                ceilf
 .text.cosf     0x000000000801822c       0x78 /home/austin/Documents/IFA_betaflight/betaflight/tools/gcc-arm-none-eabi-6-2017-q2-update/bin/../lib/gcc/arm-none-eabi/6.3.1/../../../../arm-none-eabi/lib/thumb/v7-m/libm.a(lib_a-sf_cos.o)
                0x000000000801822c                cosf
 .text.log2f    0x00000000080182a4       0x14 /home/austin/Documents/IFA_betaflight/betaflight/tools/gcc-arm-none-eabi-6-2017-q2-update/bin/../lib/gcc/arm-none-eabi/6.3.1/../../../../arm-none-eabi/lib/thumb/v7-m/libm.a(lib_a-sf_log2.o)
                0x00000000080182a4                log2f
 .text.lrintf   0x00000000080182b8       0x74 /home/austin/Documents/IFA_betaflight/betaflight/tools/gcc-arm-none-eabi-6-2017-q2-update/bin/../lib/gcc/arm-none-eabi/6.3.1/../../../../arm-none-eabi/lib/thumb/v7-m/libm.a(lib_a-sf_lrint.o)
                0x00000000080182b8                lrintf
 .text.sinf     0x000000000801832c       0x7c /home/austin/Documents/IFA_betaflight/betaflight/tools/gcc-arm-none-eabi-6-2017-q2-update/bin/../lib/gcc/arm-none-eabi/6.3.1/../../../../arm-none-eabi/lib/thumb/v7-m/libm.a(lib_a-sf_sin.o)
                0x000000000801832c                sinf
 .text.acosf    0x00000000080183a8       0xa0 /home/austin/Documents/IFA_betaflight/betaflight/tools/gcc-arm-none-eabi-6-2017-q2-update/bin/../lib/gcc/arm-none-eabi/6.3.1/../../../../arm-none-eabi/lib/thumb/v7-m/libm.a(lib_a-wf_acos.o)
                0x00000000080183a8                acosf
 .text.atan2f   0x0000000008018448        0x4 /home/austin/Documents/IFA_betaflight/betaflight/tools/gcc-arm-none-eabi-6-2017-q2-update/bin/../lib/gcc/arm-none-eabi/6.3.1/../../../../arm-none-eabi/lib/thumb/v7-m/libm.a(lib_a-wf_atan2.o)
                0x0000000008018448                atan2f
 .text.logf     0x000000000801844c       0xec /home/austin/Documents/IFA_betaflight/betaflight/tools/gcc-arm-none-eabi-6-2017-q2-update/bin/../lib/gcc/arm-none-eabi/6.3.1/../../../../arm-none-eabi/lib/thumb/v7-m/libm.a(lib_a-wf_log.o)
                0x000000000801844c                logf
 .text.powf     0x0000000008018538      0x300 /home/austin/Documents/IFA_betaflight/betaflight/tools/gcc-arm-none-eabi-6-2017-q2-update/bin/../lib/gcc/arm-none-eabi/6.3.1/../../../../arm-none-eabi/lib/thumb/v7-m/libm.a(lib_a-wf_pow.o)
                0x0000000008018538                powf
 .text.sqrtf    0x0000000008018838       0xa0 /home/austin/Documents/IFA_betaflight/betaflight/tools/gcc-arm-none-eabi-6-2017-q2-update/bin/../lib/gcc/arm-none-eabi/6.3.1/../../../../arm-none-eabi/lib/thumb/v7-m/libm.a(lib_a-wf_sqrt.o)
                0x0000000008018838                sqrtf
 .text.__ieee754_acosf
                0x00000000080188d8      0x2c8 /home/austin/Documents/IFA_betaflight/betaflight/tools/gcc-arm-none-eabi-6-2017-q2-update/bin/../lib/gcc/arm-none-eabi/6.3.1/../../../../arm-none-eabi/lib/thumb/v7-m/libm.a(lib_a-ef_acos.o)
                0x00000000080188d8                __ieee754_acosf
 .text.__ieee754_atan2f
                0x0000000008018ba0      0x124 /home/austin/Documents/IFA_betaflight/betaflight/tools/gcc-arm-none-eabi-6-2017-q2-update/bin/../lib/gcc/arm-none-eabi/6.3.1/../../../../arm-none-eabi/lib/thumb/v7-m/libm.a(lib_a-ef_atan2.o)
                0x0000000008018ba0                __ieee754_atan2f
 .text.__ieee754_logf
                0x0000000008018cc4      0x288 /home/austin/Documents/IFA_betaflight/betaflight/tools/gcc-arm-none-eabi-6-2017-q2-update/bin/../lib/gcc/arm-none-eabi/6.3.1/../../../../arm-none-eabi/lib/thumb/v7-m/libm.a(lib_a-ef_log.o)
                0x0000000008018cc4                __ieee754_logf
 .text.__ieee754_powf
                0x0000000008018f4c      0x6e4 /home/austin/Documents/IFA_betaflight/betaflight/tools/gcc-arm-none-eabi-6-2017-q2-update/bin/../lib/gcc/arm-none-eabi/6.3.1/../../../../arm-none-eabi/lib/thumb/v7-m/libm.a(lib_a-ef_pow.o)
                0x0000000008018f4c                __ieee754_powf
 .text.__ieee754_rem_pio2f
                0x0000000008019630      0x2dc /home/austin/Documents/IFA_betaflight/betaflight/tools/gcc-arm-none-eabi-6-2017-q2-update/bin/../lib/gcc/arm-none-eabi/6.3.1/../../../../arm-none-eabi/lib/thumb/v7-m/libm.a(lib_a-ef_rem_pio2.o)
                0x0000000008019630                __ieee754_rem_pio2f
 .text.__ieee754_sqrtf
                0x000000000801990c       0xa8 /home/austin/Documents/IFA_betaflight/betaflight/tools/gcc-arm-none-eabi-6-2017-q2-update/bin/../lib/gcc/arm-none-eabi/6.3.1/../../../../arm-none-eabi/lib/thumb/v7-m/libm.a(lib_a-ef_sqrt.o)
                0x000000000801990c                __ieee754_sqrtf
 .text.__kernel_cosf
                0x00000000080199b4      0x188 /home/austin/Documents/IFA_betaflight/betaflight/tools/gcc-arm-none-eabi-6-2017-q2-update/bin/../lib/gcc/arm-none-eabi/6.3.1/../../../../arm-none-eabi/lib/thumb/v7-m/libm.a(lib_a-kf_cos.o)
                0x00000000080199b4                __kernel_cosf
 .text.__kernel_rem_pio2f
                0x0000000008019b3c      0x708 /home/austin/Documents/IFA_betaflight/betaflight/tools/gcc-arm-none-eabi-6-2017-q2-update/bin/../lib/gcc/arm-none-eabi/6.3.1/../../../../arm-none-eabi/lib/thumb/v7-m/libm.a(lib_a-kf_rem_pio2.o)
                0x0000000008019b3c                __kernel_rem_pio2f
 .text.__kernel_sinf
                0x000000000801a244       0xec /home/austin/Documents/IFA_betaflight/betaflight/tools/gcc-arm-none-eabi-6-2017-q2-update/bin/../lib/gcc/arm-none-eabi/6.3.1/../../../../arm-none-eabi/lib/thumb/v7-m/libm.a(lib_a-kf_sin.o)
                0x000000000801a244                __kernel_sinf
 .text.matherr  0x000000000801a330        0x4 /home/austin/Documents/IFA_betaflight/betaflight/tools/gcc-arm-none-eabi-6-2017-q2-update/bin/../lib/gcc/arm-none-eabi/6.3.1/../../../../arm-none-eabi/lib/thumb/v7-m/libm.a(lib_a-s_matherr.o)
                0x000000000801a330                matherr
 .text.nan      0x000000000801a334        0xc /home/austin/Documents/IFA_betaflight/betaflight/tools/gcc-arm-none-eabi-6-2017-q2-update/bin/../lib/gcc/arm-none-eabi/6.3.1/../../../../arm-none-eabi/lib/thumb/v7-m/libm.a(lib_a-s_nan.o)
                0x000000000801a334                nan
 .text.rint     0x000000000801a340      0x11c /home/austin/Documents/IFA_betaflight/betaflight/tools/gcc-arm-none-eabi-6-2017-q2-update/bin/../lib/gcc/arm-none-eabi/6.3.1/../../../../arm-none-eabi/lib/thumb/v7-m/libm.a(lib_a-s_rint.o)
                0x000000000801a340                rint
 .text.atanf    0x000000000801a45c      0x22c /home/austin/Documents/IFA_betaflight/betaflight/tools/gcc-arm-none-eabi-6-2017-q2-update/bin/../lib/gcc/arm-none-eabi/6.3.1/../../../../arm-none-eabi/lib/thumb/v7-m/libm.a(lib_a-sf_atan.o)
                0x000000000801a45c                atanf
 .text.fabsf    0x000000000801a688        0x8 /home/austin/Documents/IFA_betaflight/betaflight/tools/gcc-arm-none-eabi-6-2017-q2-update/bin/../lib/gcc/arm-none-eabi/6.3.1/../../../../arm-none-eabi/lib/thumb/v7-m/libm.a(lib_a-sf_fabs.o)
                0x000000000801a688                fabsf
 .text.finitef  0x000000000801a690       0x10 /home/austin/Documents/IFA_betaflight/betaflight/tools/gcc-arm-none-eabi-6-2017-q2-update/bin/../lib/gcc/arm-none-eabi/6.3.1/../../../../arm-none-eabi/lib/thumb/v7-m/libm.a(lib_a-sf_finite.o)
                0x000000000801a690                finitef
 .text.floorf   0x000000000801a6a0       0x8c /home/austin/Documents/IFA_betaflight/betaflight/tools/gcc-arm-none-eabi-6-2017-q2-update/bin/../lib/gcc/arm-none-eabi/6.3.1/../../../../arm-none-eabi/lib/thumb/v7-m/libm.a(lib_a-sf_floor.o)
                0x000000000801a6a0                floorf
 .text.nanf     0x000000000801a72c        0x8 /home/austin/Documents/IFA_betaflight/betaflight/tools/gcc-arm-none-eabi-6-2017-q2-update/bin/../lib/gcc/arm-none-eabi/6.3.1/../../../../arm-none-eabi/lib/thumb/v7-m/libm.a(lib_a-sf_nan.o)
                0x000000000801a72c                nanf
 .text.scalbnf  0x000000000801a734       0xb0 /home/austin/Documents/IFA_betaflight/betaflight/tools/gcc-arm-none-eabi-6-2017-q2-update/bin/../lib/gcc/arm-none-eabi/6.3.1/../../../../arm-none-eabi/lib/thumb/v7-m/libm.a(lib_a-sf_scalbn.o)
                0x000000000801a734                scalbnf
 .text.copysignf
                0x000000000801a7e4        0xc /home/austin/Documents/IFA_betaflight/betaflight/tools/gcc-arm-none-eabi-6-2017-q2-update/bin/../lib/gcc/arm-none-eabi/6.3.1/../../../../arm-none-eabi/lib/thumb/v7-m/libm.a(lib_a-sf_copysign.o)
                0x000000000801a7e4                copysignf
 .text.__errno  0x000000000801a7f0        0xc /home/austin/Documents/IFA_betaflight/betaflight/tools/gcc-arm-none-eabi-6-2017-q2-update/bin/../lib/gcc/arm-none-eabi/6.3.1/../../../../arm-none-eabi/lib/thumb/v7-m/libc_nano.a(lib_a-errno.o)
                0x000000000801a7f0                __errno
 .text.memcmp   0x000000000801a7fc       0x1e /home/austin/Documents/IFA_betaflight/betaflight/tools/gcc-arm-none-eabi-6-2017-q2-update/bin/../lib/gcc/arm-none-eabi/6.3.1/../../../../arm-none-eabi/lib/thumb/v7-m/libc_nano.a(lib_a-memcmp.o)
                0x000000000801a7fc                memcmp
 .text.memmove  0x000000000801a81a       0x34 /home/austin/Documents/IFA_betaflight/betaflight/tools/gcc-arm-none-eabi-6-2017-q2-update/bin/../lib/gcc/arm-none-eabi/6.3.1/../../../../arm-none-eabi/lib/thumb/v7-m/libc_nano.a(lib_a-memmove.o)
                0x000000000801a81a                memmove
 .text.memset   0x000000000801a84e       0x10 /home/austin/Documents/IFA_betaflight/betaflight/tools/gcc-arm-none-eabi-6-2017-q2-update/bin/../lib/gcc/arm-none-eabi/6.3.1/../../../../arm-none-eabi/lib/thumb/v7-m/libc_nano.a(lib_a-memset.o)
                0x000000000801a84e                memset
 .text.strcasecmp
                0x000000000801a85e       0x3c /home/austin/Documents/IFA_betaflight/betaflight/tools/gcc-arm-none-eabi-6-2017-q2-update/bin/../lib/gcc/arm-none-eabi/6.3.1/../../../../arm-none-eabi/lib/thumb/v7-m/libc_nano.a(lib_a-strcasecmp.o)
                0x000000000801a85e                strcasecmp
 .text.strcat   0x000000000801a89a       0x1e /home/austin/Documents/IFA_betaflight/betaflight/tools/gcc-arm-none-eabi-6-2017-q2-update/bin/../lib/gcc/arm-none-eabi/6.3.1/../../../../arm-none-eabi/lib/thumb/v7-m/libc_nano.a(lib_a-strcat.o)
                0x000000000801a89a                strcat
 .text.strchr   0x000000000801a8b8       0x1c /home/austin/Documents/IFA_betaflight/betaflight/tools/gcc-arm-none-eabi-6-2017-q2-update/bin/../lib/gcc/arm-none-eabi/6.3.1/../../../../arm-none-eabi/lib/thumb/v7-m/libc_nano.a(lib_a-strchr.o)
                0x000000000801a8b8                strchr
 .text.strncasecmp
                0x000000000801a8d4       0x4e /home/austin/Documents/IFA_betaflight/betaflight/tools/gcc-arm-none-eabi-6-2017-q2-update/bin/../lib/gcc/arm-none-eabi/6.3.1/../../../../arm-none-eabi/lib/thumb/v7-m/libc_nano.a(lib_a-strncasecmp.o)
                0x000000000801a8d4                strncasecmp
 .text.strncmp  0x000000000801a922       0x24 /home/austin/Documents/IFA_betaflight/betaflight/tools/gcc-arm-none-eabi-6-2017-q2-update/bin/../lib/gcc/arm-none-eabi/6.3.1/../../../../arm-none-eabi/lib/thumb/v7-m/libc_nano.a(lib_a-strncmp.o)
                0x000000000801a922                strncmp
 .text.strncpy  0x000000000801a946       0x2a /home/austin/Documents/IFA_betaflight/betaflight/tools/gcc-arm-none-eabi-6-2017-q2-update/bin/../lib/gcc/arm-none-eabi/6.3.1/../../../../arm-none-eabi/lib/thumb/v7-m/libc_nano.a(lib_a-strncpy.o)
                0x000000000801a946                strncpy
 .text.strstr   0x000000000801a970       0x36 /home/austin/Documents/IFA_betaflight/betaflight/tools/gcc-arm-none-eabi-6-2017-q2-update/bin/../lib/gcc/arm-none-eabi/6.3.1/../../../../arm-none-eabi/lib/thumb/v7-m/libc_nano.a(lib_a-strstr.o)
                0x000000000801a970                strstr
 *(.rodata)
 *fill*         0x000000000801a9a6        0x2 
 .rodata        0x000000000801a9a8       0xc2 /tmp/ccRC0QGr.ltrans0.ltrans.o
                0x000000000801a9b8                ioDefUsedMask.lto_priv.616
                0x000000000801a9c0                timerDefinitions
                0x000000000801aa18                serialPortIdentifiers
 *fill*         0x000000000801aa6a        0x2 
 .rodata        0x000000000801aa6c       0x10 /tmp/ccRC0QGr.ltrans1.ltrans.o
 .rodata        0x000000000801aa7c      0x240 /tmp/ccRC0QGr.ltrans2.ltrans.o
 .rodata        0x000000000801acbc       0x17 /tmp/ccRC0QGr.ltrans3.ltrans.o
 .rodata        0x000000000801acd3       0x3b /tmp/ccRC0QGr.ltrans4.ltrans.o
 .rodata        0x000000000801ad0e       0x48 /tmp/ccRC0QGr.ltrans5.ltrans.o
 .rodata        0x000000000801ad56       0x22 /tmp/ccRC0QGr.ltrans6.ltrans.o
 .rodata        0x000000000801ad78       0x28 /tmp/ccRC0QGr.ltrans7.ltrans.o
 .rodata        0x000000000801ada0       0x1a /tmp/ccRC0QGr.ltrans8.ltrans.o
 *fill*         0x000000000801adba        0x2 
 .rodata        0x000000000801adbc       0x2c /tmp/ccRC0QGr.ltrans9.ltrans.o
 .rodata        0x000000000801ade8      0x1c4 /tmp/ccRC0QGr.ltrans10.ltrans.o
                0x000000000801adf0                boxes.lto_priv.585
 .rodata        0x000000000801afac      0x46f /tmp/ccRC0QGr.ltrans11.ltrans.o
                0x000000000801afac                servoMixers
                0x000000000801b090                mixers
                0x000000000801b168                mixerQuadX1234.lto_priv.529
                0x000000000801b1a8                mixerAtail4.lto_priv.528
                0x000000000801b1e8                mixerVtail4.lto_priv.527
                0x000000000801b228                mixerHex6X.lto_priv.526
                0x000000000801b288                mixerY4.lto_priv.525
                0x000000000801b2c8                mixerSingleProp.lto_priv.524
                0x000000000801b2d8                mixerQuadX.lto_priv.523
                0x000000000801b318                mixerQuadP.lto_priv.522
                0x000000000801b358                mixerTricopter.lto_priv.521
                0x000000000801b388                servoMixerSingle.lto_priv.520
                0x000000000801b3c0                servoMixerAirplane.lto_priv.519
                0x000000000801b3e3                servoMixerFlyingWing.lto_priv.518
                0x000000000801b406                servoMixerGimbal.lto_priv.517
                0x000000000801b414                servoMixerTri.lto_priv.516
 .rodata        0x000000000801b41b        0x4 /tmp/ccRC0QGr.ltrans12.ltrans.o
 *fill*         0x000000000801b41f        0x1 
 .rodata        0x000000000801b420       0x21 /tmp/ccRC0QGr.ltrans13.ltrans.o
                0x000000000801b42c                rcChannelLetters
 *fill*         0x000000000801b441        0x3 
 .rodata        0x000000000801b444      0x3b7 /tmp/ccRC0QGr.ltrans14.ltrans.o
                0x000000000801b5b8                mixerNames.lto_priv.319
                0x000000000801b624                featureNames.lto_priv.320
                0x000000000801b6a0                beeperTable
                0x000000000801b79c                rxFailsafeModeCharacters.lto_priv.347
                0x000000000801b7a0                beep_armedBeep.lto_priv.335
                0x000000000801b7a5                beep_disarmRepeatBeep.lto_priv.334
                0x000000000801b7a9                beep_readyBeep.lto_priv.333
                0x000000000801b7b8                beep_2longerBeeps.lto_priv.332
                0x000000000801b7bd                beep_2shortBeeps.lto_priv.331
                0x000000000801b7c2                beep_shortBeep.lto_priv.330
                0x000000000801b7c5                beep_lowBatteryBeep.lto_priv.328
                0x000000000801b7c8                beep_critBatteryBeep.lto_priv.327
                0x000000000801b7cb                beep_armedGpsFix.lto_priv.326
                0x000000000801b7d4                beep_armingBeep.lto_priv.325
                0x000000000801b7d9                beep_disarmBeep.lto_priv.324
                0x000000000801b7de                beep_sos.lto_priv.323
                0x000000000801b7f1                beep_txLostBeep.lto_priv.322
                0x000000000801b7f4                beep_gyroCalibrated.lto_priv.321
 *fill*         0x000000000801b7fb        0x1 
 .rodata        0x000000000801b7fc       0x28 /tmp/ccRC0QGr.ltrans15.ltrans.o
                0x000000000801b814                buildTime
                0x000000000801b818                buildDate
                0x000000000801b81c                targetName
                0x000000000801b820                shortGitRevision
 .rodata        0x000000000801b824       0x10 /tmp/ccRC0QGr.ltrans16.ltrans.o
 .rodata        0x000000000801b834       0x28 /tmp/ccRC0QGr.ltrans17.ltrans.o
 .rodata        0x000000000801b85c      0xc34 /tmp/ccRC0QGr.ltrans18.ltrans.o
                0x000000000801b85c                valueTable
                0x000000000801c1d0                lookupTables
                0x000000000801c278                lookupTableBusType.lto_priv.366
                0x000000000801c284                lookupTableCrashRecovery.lto_priv.365
                0x000000000801c290                lookupTableFailsafe.lto_priv.364
                0x000000000801c298                lookupTableLowpassType.lto_priv.363
                0x000000000801c2a4                lookupTableRcInterpolationChannels.lto_priv.362
                0x000000000801c2b0                lookupTableRcInterpolation.lto_priv.361
                0x000000000801c2c0                lookupTablePwmProtocol.lto_priv.360
                0x000000000801c2d4                lookupTableSuperExpoYaw.lto_priv.359
                0x000000000801c2e0                debugModeNames
                0x000000000801c340                lookupTableBaroHardware
                0x000000000801c354                lookupTableAccHardware
                0x000000000801c398                lookupTableGyroHardware
                0x000000000801c3d8                lookupTableGyroLpf.lto_priv.358
                0x000000000801c3f8                lookupTableSerialRX.lto_priv.357
                0x000000000801c424                lookupTableGimbalMode.lto_priv.356
                0x000000000801c42c                lookupTableBatterySensor.lto_priv.355
                0x000000000801c438                lookupTableCurrentSensor.lto_priv.354
                0x000000000801c448                lookupTableBlackboxDevice.lto_priv.353
                0x000000000801c458                lookupTableAlignment.lto_priv.352
                0x000000000801c47c                lookupTableUnit.lto_priv.351
                0x000000000801c484                lookupTableOffOn.lto_priv.350
                0x000000000801c48c                isDshot.lto_priv.398
                0x000000000801c48e                valueTableEntryCount
 .rodata        0x000000000801c490        0x7 /tmp/ccRC0QGr.ltrans19.ltrans.o
 *fill*         0x000000000801c497        0x1 
 .rodata        0x000000000801c498       0x58 /tmp/ccRC0QGr.ltrans20.ltrans.o
                0x000000000801c4b0                baudRates
 .rodata        0x000000000801c4f0       0x68 /tmp/ccRC0QGr.ltrans21.ltrans.o
                0x000000000801c4f0                hsv
 .rodata        0x000000000801c558      0x168 /tmp/ccRC0QGr.ltrans22.ltrans.o
                0x000000000801c558                _reset_template_119.8832.lto_priv.584
                0x000000000801c5a8                cmdTable
 .rodata        0x000000000801c6c0       0x13 /tmp/ccRC0QGr.ltrans23.ltrans.o
                0x000000000801c6c0                directionCodes.lto_priv.340
                0x000000000801c6c6                baseFunctionCodes.lto_priv.341
                0x000000000801c6cd                overlayCodes.lto_priv.342
 *fill*         0x000000000801c6d3        0x1 
 .rodata        0x000000000801c6d4      0x110 /tmp/ccRC0QGr.ltrans24.ltrans.o
                0x000000000801c704                timerHardware
 .rodata        0x000000000801c7e4        0xc /tmp/ccRC0QGr.ltrans27.ltrans.o
 *(.rodata*)
 .rodata.str1.1
                0x000000000801c7f0        0x5 /tmp/ccRC0QGr.ltrans0.ltrans.o
 .rodata.str1.1
                0x000000000801c7f5       0x5d /tmp/ccRC0QGr.ltrans1.ltrans.o
 .rodata.str1.1
                0x000000000801c852       0xbf /tmp/ccRC0QGr.ltrans2.ltrans.o
                                         0xca (size before relaxing)
 .rodata.str1.1
                0x000000000801c911       0x25 /tmp/ccRC0QGr.ltrans7.ltrans.o
                                         0x27 (size before relaxing)
 .rodata.str1.1
                0x000000000801c936      0x2d5 /tmp/ccRC0QGr.ltrans10.ltrans.o
                                        0x303 (size before relaxing)
 .rodata.str1.1
                0x000000000801cc0b       0xd4 /tmp/ccRC0QGr.ltrans11.ltrans.o
                                         0xee (size before relaxing)
 .rodata.str1.1
                0x000000000801ccdf        0x9 /tmp/ccRC0QGr.ltrans13.ltrans.o
 .rodata.str1.1
                0x000000000801cce8      0x727 /tmp/ccRC0QGr.ltrans14.ltrans.o
                                        0x7e2 (size before relaxing)
 .rodata.str1.1
                0x000000000801d40f      0x44a /tmp/ccRC0QGr.ltrans15.ltrans.o
                                        0x4b2 (size before relaxing)
 .rodata.str1.1
                0x000000000801d859      0xd03 /tmp/ccRC0QGr.ltrans18.ltrans.o
                                        0xfa0 (size before relaxing)
 .rodata.str1.1
                0x000000000801e55c       0x50 /tmp/ccRC0QGr.ltrans20.ltrans.o
                                         0x89 (size before relaxing)
 .rodata.str1.1
                0x000000000801e5ac       0xb0 /tmp/ccRC0QGr.ltrans22.ltrans.o
                                         0xf4 (size before relaxing)
 .rodata.str1.1
                0x000000000801e65c        0xf /tmp/ccRC0QGr.ltrans23.ltrans.o
 .rodata.str1.1
                0x000000000801e66b        0xb /tmp/ccRC0QGr.ltrans25.ltrans.o
 .rodata.str1.1
                0x000000000801e676        0xb /tmp/ccRC0QGr.ltrans29.ltrans.o
                                          0x3 (size before relaxing)
 .rodata._setlocale_r.str1.1
                0x000000000801e676        0x6 /home/austin/Documents/IFA_betaflight/betaflight/tools/gcc-arm-none-eabi-6-2017-q2-update/bin/../lib/gcc/arm-none-eabi/6.3.1/../../../../arm-none-eabi/lib/thumb/v7-m/libc_nano.a(lib_a-locale.o)
                                          0x9 (size before relaxing)
 .rodata.str1.1
                0x000000000801e67c        0x6 /home/austin/Documents/IFA_betaflight/betaflight/tools/gcc-arm-none-eabi-6-2017-q2-update/bin/../lib/gcc/arm-none-eabi/6.3.1/../../../../arm-none-eabi/lib/thumb/v7-m/libc_nano.a(lib_a-locale.o)
                                          0x2 (size before relaxing)
 .rodata._ctype_
                0x000000000801e67c      0x101 /home/austin/Documents/IFA_betaflight/betaflight/tools/gcc-arm-none-eabi-6-2017-q2-update/bin/../lib/gcc/arm-none-eabi/6.3.1/../../../../arm-none-eabi/lib/thumb/v7-m/libc_nano.a(lib_a-ctype_.o)
                0x000000000801e67c                _ctype_
 *fill*         0x000000000801e77d        0x3 
 .rodata.TWO23  0x000000000801e780        0x8 /home/austin/Documents/IFA_betaflight/betaflight/tools/gcc-arm-none-eabi-6-2017-q2-update/bin/../lib/gcc/arm-none-eabi/6.3.1/../../../../arm-none-eabi/lib/thumb/v7-m/libm.a(lib_a-sf_lrint.o)
 .rodata.acosf.str1.4
                0x000000000801e788        0x6 /home/austin/Documents/IFA_betaflight/betaflight/tools/gcc-arm-none-eabi-6-2017-q2-update/bin/../lib/gcc/arm-none-eabi/6.3.1/../../../../arm-none-eabi/lib/thumb/v7-m/libm.a(lib_a-wf_acos.o)
                                          0x9 (size before relaxing)
 *fill*         0x000000000801e78e        0x2 
 .rodata.logf.str1.4
                0x000000000801e790        0x5 /home/austin/Documents/IFA_betaflight/betaflight/tools/gcc-arm-none-eabi-6-2017-q2-update/bin/../lib/gcc/arm-none-eabi/6.3.1/../../../../arm-none-eabi/lib/thumb/v7-m/libm.a(lib_a-wf_log.o)
                                          0x9 (size before relaxing)
 *fill*         0x000000000801e795        0x3 
 .rodata.powf.str1.4
                0x000000000801e798        0x5 /home/austin/Documents/IFA_betaflight/betaflight/tools/gcc-arm-none-eabi-6-2017-q2-update/bin/../lib/gcc/arm-none-eabi/6.3.1/../../../../arm-none-eabi/lib/thumb/v7-m/libm.a(lib_a-wf_pow.o)
 *fill*         0x000000000801e79d        0x3 
 .rodata.sqrtf.str1.4
                0x000000000801e7a0        0x8 /home/austin/Documents/IFA_betaflight/betaflight/tools/gcc-arm-none-eabi-6-2017-q2-update/bin/../lib/gcc/arm-none-eabi/6.3.1/../../../../arm-none-eabi/lib/thumb/v7-m/libm.a(lib_a-wf_sqrt.o)
                                          0x6 (size before relaxing)
 .rodata.__ieee754_powf.str1.4
                0x000000000801e7a8        0x1 /home/austin/Documents/IFA_betaflight/betaflight/tools/gcc-arm-none-eabi-6-2017-q2-update/bin/../lib/gcc/arm-none-eabi/6.3.1/../../../../arm-none-eabi/lib/thumb/v7-m/libm.a(lib_a-ef_pow.o)
 .rodata.npio2_hw
                0x000000000801e7a8       0x80 /home/austin/Documents/IFA_betaflight/betaflight/tools/gcc-arm-none-eabi-6-2017-q2-update/bin/../lib/gcc/arm-none-eabi/6.3.1/../../../../arm-none-eabi/lib/thumb/v7-m/libm.a(lib_a-ef_rem_pio2.o)
 .rodata.two_over_pi
                0x000000000801e828      0x318 /home/austin/Documents/IFA_betaflight/betaflight/tools/gcc-arm-none-eabi-6-2017-q2-update/bin/../lib/gcc/arm-none-eabi/6.3.1/../../../../arm-none-eabi/lib/thumb/v7-m/libm.a(lib_a-ef_rem_pio2.o)
 .rodata.PIo2   0x000000000801eb40       0x2c /home/austin/Documents/IFA_betaflight/betaflight/tools/gcc-arm-none-eabi-6-2017-q2-update/bin/../lib/gcc/arm-none-eabi/6.3.1/../../../../arm-none-eabi/lib/thumb/v7-m/libm.a(lib_a-kf_rem_pio2.o)
 .rodata.init_jk
                0x000000000801eb6c        0xc /home/austin/Documents/IFA_betaflight/betaflight/tools/gcc-arm-none-eabi-6-2017-q2-update/bin/../lib/gcc/arm-none-eabi/6.3.1/../../../../arm-none-eabi/lib/thumb/v7-m/libm.a(lib_a-kf_rem_pio2.o)
 .rodata.TWO52  0x000000000801eb78       0x10 /home/austin/Documents/IFA_betaflight/betaflight/tools/gcc-arm-none-eabi-6-2017-q2-update/bin/../lib/gcc/arm-none-eabi/6.3.1/../../../../arm-none-eabi/lib/thumb/v7-m/libm.a(lib_a-s_rint.o)
 .rodata.atanhi
                0x000000000801eb88       0x10 /home/austin/Documents/IFA_betaflight/betaflight/tools/gcc-arm-none-eabi-6-2017-q2-update/bin/../lib/gcc/arm-none-eabi/6.3.1/../../../../arm-none-eabi/lib/thumb/v7-m/libm.a(lib_a-sf_atan.o)
 .rodata.atanlo
                0x000000000801eb98       0x10 /home/austin/Documents/IFA_betaflight/betaflight/tools/gcc-arm-none-eabi-6-2017-q2-update/bin/../lib/gcc/arm-none-eabi/6.3.1/../../../../arm-none-eabi/lib/thumb/v7-m/libm.a(lib_a-sf_atan.o)
 *(.glue_7)
 .glue_7        0x000000000801eba8        0x0 linker stubs
 *(.glue_7t)
 .glue_7t       0x000000000801eba8        0x0 linker stubs
 *(.eh_frame)
 *(.init)
 *(.fini)
                0x000000000801eba8                . = ALIGN (0x4)
                0x000000000801eba8                _etext = .

.vfp11_veneer   0x000000000801eba8        0x0
 .vfp11_veneer  0x000000000801eba8        0x0 linker stubs

.v4_bx          0x000000000801eba8        0x0
 .v4_bx         0x000000000801eba8        0x0 linker stubs

.iplt           0x000000000801eba8        0x0
 .iplt          0x000000000801eba8        0x0 obj/main/NAZE/startup_stm32f10x_md_gcc.o

.ARM.extab
 *(.ARM.extab* .gnu.linkonce.armextab.*)

.ARM            0x000000000801eba8        0x8
                0x000000000801eba8                __exidx_start = .
 *(.ARM.exidx*)
 .ARM.exidx     0x000000000801eba8        0x8 /home/austin/Documents/IFA_betaflight/betaflight/tools/gcc-arm-none-eabi-6-2017-q2-update/bin/../lib/gcc/arm-none-eabi/6.3.1/thumb/v7-m/libgcc.a(_udivmoddi4.o)
                0x000000000801ebb0                __exidx_end = .

.preinit_array  0x000000000801ebb0        0x0
                [!provide]                        PROVIDE (__preinit_array_start, .)
 *(.preinit_array*)
                [!provide]                        PROVIDE (__preinit_array_end, .)

.init_array     0x000000000801ebb0        0x0
                [!provide]                        PROVIDE (__init_array_start, .)
 *(SORT(.init_array.*))
 *(.init_array*)
                [!provide]                        PROVIDE (__init_array_end, .)

.fini_array     0x000000000801ebb0        0x0
                [!provide]                        PROVIDE (__fini_array_start, .)
 *(.fini_array*)
 *(SORT(.fini_array.*))
                [!provide]                        PROVIDE (__fini_array_end, .)

.pg_registry    0x000000000801ebb0      0x3c0
                0x000000000801ebb0                PROVIDE (__pg_registry_start, .)
 *(.pg_registry)
 .pg_registry   0x000000000801ebb0       0xa0 /tmp/ccRC0QGr.ltrans0.ltrans.o
                0x000000000801ebb0                spiPinConfig_Registry
                0x000000000801ebc4                flashConfig_Registry
                0x000000000801ebd8                boardAlignment_Registry
                0x000000000801ebec                adcConfig_Registry
                0x000000000801ec00                beeperDevConfig_Registry
                0x000000000801ec14                pwmConfig_Registry
                0x000000000801ec28                ppmConfig_Registry
                0x000000000801ec3c                statusLedConfig_Registry
 .pg_registry   0x000000000801ec50       0x3c /tmp/ccRC0QGr.ltrans2.ltrans.o
                0x000000000801ec50                airplaneConfig_Registry
                0x000000000801ec64                throttleCorrectionConfig_Registry
                0x000000000801ec78                gimbalConfig_Registry
 .pg_registry   0x000000000801ec8c       0x14 /tmp/ccRC0QGr.ltrans3.ltrans.o
                0x000000000801ec8c                vcdProfile_Registry
 .pg_registry   0x000000000801eca0       0x14 /tmp/ccRC0QGr.ltrans7.ltrans.o
                0x000000000801eca0                i2cConfig_Registry
 .pg_registry   0x000000000801ecb4       0x64 /tmp/ccRC0QGr.ltrans13.ltrans.o
                0x000000000801ecb4                servoConfig_Registry
                0x000000000801ecc8                servoParams_Registry
                0x000000000801ecdc                customServoMixers_Registry
                0x000000000801ecf0                rxChannelRangeConfigs_Registry
                0x000000000801ed04                rxFailsafeChannelConfigs_Registry
 .pg_registry   0x000000000801ed18       0x50 /tmp/ccRC0QGr.ltrans14.ltrans.o
                0x000000000801ed18                adjustmentRanges_Registry
                0x000000000801ed2c                modeActivationConditions_Registry
                0x000000000801ed40                beeperConfig_Registry
                0x000000000801ed54                customMotorMixer_Registry
 .pg_registry   0x000000000801ed68       0xf0 /tmp/ccRC0QGr.ltrans15.ltrans.o
                0x000000000801ed68                mixerConfig_Registry
                0x000000000801ed7c                featureConfig_Registry
                0x000000000801ed90                armingConfig_Registry
                0x000000000801eda4                compassConfig_Registry
                0x000000000801edb8                accelerometerConfig_Registry
                0x000000000801edcc                rcControlsConfig_Registry
                0x000000000801ede0                controlRateProfiles_Registry
                0x000000000801edf4                pidConfig_Registry
                0x000000000801ee08                currentSensorADCConfig_Registry
                0x000000000801ee1c                voltageSensorADCConfig_Registry
                0x000000000801ee30                pilotConfig_Registry
                0x000000000801ee44                systemConfig_Registry
 .pg_registry   0x000000000801ee58       0x14 /tmp/ccRC0QGr.ltrans16.ltrans.o
                0x000000000801ee58                imuConfig_Registry
 .pg_registry   0x000000000801ee6c       0x14 /tmp/ccRC0QGr.ltrans17.ltrans.o
                0x000000000801ee6c                serialPinConfig_Registry
 .pg_registry   0x000000000801ee80       0x28 /tmp/ccRC0QGr.ltrans20.ltrans.o
                0x000000000801ee80                rxConfig_Registry
                0x000000000801ee94                telemetryConfig_Registry
 .pg_registry   0x000000000801eea8       0x3c /tmp/ccRC0QGr.ltrans21.ltrans.o
                0x000000000801eea8                batteryConfig_Registry
                0x000000000801eebc                ledStripConfig_Registry
                0x000000000801eed0                barometerConfig_Registry
 .pg_registry   0x000000000801eee4       0x28 /tmp/ccRC0QGr.ltrans22.ltrans.o
                0x000000000801eee4                failsafeConfig_Registry
                0x000000000801eef8                pidProfiles_Registry
 .pg_registry   0x000000000801ef0c       0x28 /tmp/ccRC0QGr.ltrans23.ltrans.o
                0x000000000801ef0c                serialConfig_Registry
                0x000000000801ef20                gyroConfig_Registry
 .pg_registry   0x000000000801ef34       0x14 /tmp/ccRC0QGr.ltrans24.ltrans.o
                0x000000000801ef34                blackboxConfig_Registry
 .pg_registry   0x000000000801ef48       0x14 /tmp/ccRC0QGr.ltrans25.ltrans.o
                0x000000000801ef48                motorConfig_Registry
 .pg_registry   0x000000000801ef5c       0x14 /tmp/ccRC0QGr.ltrans29.ltrans.o
                0x000000000801ef5c                flight3DConfig_Registry
 *(SORT(.pg_registry.*))
                0x000000000801ef70                PROVIDE (__pg_registry_end, .)

.pg_resetdata   0x000000000801ef70       0xa8
                0x000000000801ef70                PROVIDE (__pg_resetdata_start, .)
 *(.pg_resetdata)
 .pg_resetdata  0x000000000801ef70        0x6 /tmp/ccRC0QGr.ltrans0.ltrans.o
                0x000000000801ef70                pgResetTemplate_beeperDevConfig
 .pg_resetdata  0x000000000801ef76        0x6 /tmp/ccRC0QGr.ltrans2.ltrans.o
                0x000000000801ef76                pgResetTemplate_airplaneConfig
                0x000000000801ef78                pgResetTemplate_throttleCorrectionConfig
 .pg_resetdata  0x000000000801ef7c        0xc /tmp/ccRC0QGr.ltrans14.ltrans.o
                0x000000000801ef7c                pgResetTemplate_beeperConfig
 .pg_resetdata  0x000000000801ef88       0x41 /tmp/ccRC0QGr.ltrans15.ltrans.o
                0x000000000801ef88                pgResetTemplate_mixerConfig
                0x000000000801ef8c                pgResetTemplate_featureConfig
                0x000000000801ef90                pgResetTemplate_armingConfig
                0x000000000801ef94                pgResetTemplate_compassConfig
                0x000000000801efa0                pgResetTemplate_rcControlsConfig
                0x000000000801efa6                pgResetTemplate_pidConfig
                0x000000000801efa8                pgResetTemplate_currentSensorADCConfig
                0x000000000801efac                pgResetTemplate_pilotConfig
                0x000000000801efbe                pgResetTemplate_systemConfig
 *fill*         0x000000000801efc9        0x1 
 .pg_resetdata  0x000000000801efca        0x8 /tmp/ccRC0QGr.ltrans16.ltrans.o