Archive member included to satisfy reference by file (symbol)

/home/austin/Documents/IFA_betaflight/betaflight/tools/gcc-arm-none-eabi-6-2017-q2-update/bin/../lib/gcc/arm-none-eabi/6.3.1/../../../../arm-none-eabi/lib/thumb/v7-m/libc_nano.a(lib_a-atoi.o)
                              obj/main/NAZE/fc/cli.o (symbol from plugin) (atoi)
/home/austin/Documents/IFA_betaflight/betaflight/tools/gcc-arm-none-eabi-6-2017-q2-update/bin/../lib/gcc/arm-none-eabi/6.3.1/../../../../arm-none-eabi/lib/thumb/v7-m/libc_nano.a(lib_a-locale.o)
                              obj/main/NAZE/fc/cli.o (symbol from plugin) (__locale_ctype_ptr)
/home/austin/Documents/IFA_betaflight/betaflight/tools/gcc-arm-none-eabi-6-2017-q2-update/bin/../lib/gcc/arm-none-eabi/6.3.1/../../../../arm-none-eabi/lib/thumb/v7-m/libc_nano.a(lib_a-mbtowc_r.o)
                              /home/austin/Documents/IFA_betaflight/betaflight/tools/gcc-arm-none-eabi-6-2017-q2-update/bin/../lib/gcc/arm-none-eabi/6.3.1/../../../../arm-none-eabi/lib/thumb/v7-m/libc_nano.a(lib_a-locale.o) (__ascii_mbtowc)
/home/austin/Documents/IFA_betaflight/betaflight/tools/gcc-arm-none-eabi-6-2017-q2-update/bin/../lib/gcc/arm-none-eabi/6.3.1/../../../../arm-none-eabi/lib/thumb/v7-m/libc_nano.a(lib_a-memcpy-stub.o)
                              obj/main/NAZE/io/ledstrip.o (symbol from plugin) (memcpy)
/home/austin/Documents/IFA_betaflight/betaflight/tools/gcc-arm-none-eabi-6-2017-q2-update/bin/../lib/gcc/arm-none-eabi/6.3.1/../../../../arm-none-eabi/lib/thumb/v7-m/libc_nano.a(lib_a-strcmp.o)
                              /home/austin/Documents/IFA_betaflight/betaflight/tools/gcc-arm-none-eabi-6-2017-q2-update/bin/../lib/gcc/arm-none-eabi/6.3.1/../../../../arm-none-eabi/lib/thumb/v7-m/libc_nano.a(lib_a-locale.o) (strcmp)
/home/austin/Documents/IFA_betaflight/betaflight/tools/gcc-arm-none-eabi-6-2017-q2-update/bin/../lib/gcc/arm-none-eabi/6.3.1/../../../../arm-none-eabi/lib/thumb/v7-m/libc_nano.a(lib_a-strtok_r.o)
                              obj/main/NAZE/fc/cli.o (symbol from plugin) (strtok_r)
/home/austin/Documents/IFA_betaflight/betaflight/tools/gcc-arm-none-eabi-6-2017-q2-update/bin/../lib/gcc/arm-none-eabi/6.3.1/../../../../arm-none-eabi/lib/thumb/v7-m/libc_nano.a(lib_a-strtol.o)
                              /home/austin/Documents/IFA_betaflight/betaflight/tools/gcc-arm-none-eabi-6-2017-q2-update/bin/../lib/gcc/arm-none-eabi/6.3.1/../../../../arm-none-eabi/lib/thumb/v7-m/libc_nano.a(lib_a-atoi.o) (_strtol_r)
/home/austin/Documents/IFA_betaflight/betaflight/tools/gcc-arm-none-eabi-6-2017-q2-update/bin/../lib/gcc/arm-none-eabi/6.3.1/../../../../arm-none-eabi/lib/thumb/v7-m/libc_nano.a(lib_a-wctomb_r.o)
                              /home/austin/Documents/IFA_betaflight/betaflight/tools/gcc-arm-none-eabi-6-2017-q2-update/bin/../lib/gcc/arm-none-eabi/6.3.1/../../../../arm-none-eabi/lib/thumb/v7-m/libc_nano.a(lib_a-locale.o) (__ascii_wctomb)
/home/austin/Documents/IFA_betaflight/betaflight/tools/gcc-arm-none-eabi-6-2017-q2-update/bin/../lib/gcc/arm-none-eabi/6.3.1/../../../../arm-none-eabi/lib/thumb/v7-m/libc_nano.a(lib_a-ctype_.o)
                              /home/austin/Documents/IFA_betaflight/betaflight/tools/gcc-arm-none-eabi-6-2017-q2-update/bin/../lib/gcc/arm-none-eabi/6.3.1/../../../../arm-none-eabi/lib/thumb/v7-m/libc_nano.a(lib_a-locale.o) (_ctype_)
/home/austin/Documents/IFA_betaflight/betaflight/tools/gcc-arm-none-eabi-6-2017-q2-update/bin/../lib/gcc/arm-none-eabi/6.3.1/../../../../arm-none-eabi/lib/thumb/v7-m/libc_nano.a(lib_a-impure.o)
                              /home/austin/Documents/IFA_betaflight/betaflight/tools/gcc-arm-none-eabi-6-2017-q2-update/bin/../lib/gcc/arm-none-eabi/6.3.1/../../../../arm-none-eabi/lib/thumb/v7-m/libc_nano.a(lib_a-locale.o) (_impure_ptr)
/home/austin/Documents/IFA_betaflight/betaflight/tools/gcc-arm-none-eabi-6-2017-q2-update/bin/../lib/gcc/arm-none-eabi/6.3.1/../../../../arm-none-eabi/lib/thumb/v7-m/libm.a(lib_a-sf_ceil.o)
                              /tmp/ccPEMQvP.ltrans0.ltrans.o (ceilf)
/home/austin/Documents/IFA_betaflight/betaflight/tools/gcc-arm-none-eabi-6-2017-q2-update/bin/../lib/gcc/arm-none-eabi/6.3.1/../../../../arm-none-eabi/lib/thumb/v7-m/libm.a(lib_a-sf_cos.o)
                              /tmp/ccPEMQvP.ltrans7.ltrans.o (cosf)
/home/austin/Documents/IFA_betaflight/betaflight/tools/gcc-arm-none-eabi-6-2017-q2-update/bin/../lib/gcc/arm-none-eabi/6.3.1/../../../../arm-none-eabi/lib/thumb/v7-m/libm.a(lib_a-sf_log2.o)
                              /tmp/ccPEMQvP.ltrans7.ltrans.o (log2f)
/home/austin/Documents/IFA_betaflight/betaflight/tools/gcc-arm-none-eabi-6-2017-q2-update/bin/../lib/gcc/arm-none-eabi/6.3.1/../../../../arm-none-eabi/lib/thumb/v7-m/libm.a(lib_a-sf_lrint.o)
                              /tmp/ccPEMQvP.ltrans2.ltrans.o (lrintf)
[...]
Memory Configuration

Name             Origin             Length             Attributes
FLASH            0x0000000008000000 0x000000000001f800 xr
FLASH_CONFIG     0x000000000801f800 0x0000000000000800 r
RAM              0x0000000020000000 0x0000000000005000 xrw
MEMORY_B1        0x0000000060000000 0x0000000000000000 xr
*default*        0x0000000000000000 0xffffffffffffffff

Linker script and memory map

LOAD obj/main/NAZE/startup_stm32f10x_md_gcc.o
LOAD obj/main/NAZE/drivers/adc_stm32f10x.o
LOAD /tmp/ccPEMQvP.ltrans0.ltrans.o
LOAD /tmp/ccPEMQvP.ltrans1.ltrans.o
LOAD /tmp/ccPEMQvP.ltrans2.ltrans.o
LOAD /tmp/ccPEMQvP.ltrans3.ltrans.o
LOAD /tmp/ccPEMQvP.ltrans4.ltrans.o
LOAD /tmp/ccPEMQvP.ltrans5.ltrans.o
LOAD /tmp/ccPEMQvP.ltrans6.ltrans.o
LOAD /tmp/ccPEMQvP.ltrans7.ltrans.o
LOAD /tmp/ccPEMQvP.ltrans8.ltrans.o
LOAD /tmp/ccPEMQvP.ltrans9.ltrans.o
LOAD /tmp/ccPEMQvP.ltrans10.ltrans.o
LOAD /tmp/ccPEMQvP.ltrans11.ltrans.o
LOAD /tmp/ccPEMQvP.ltrans12.ltrans.o
LOAD /tmp/ccPEMQvP.ltrans13.ltrans.o
LOAD /tmp/ccPEMQvP.ltrans14.ltrans.o
LOAD /tmp/ccPEMQvP.ltrans15.ltrans.o
LOAD /tmp/ccPEMQvP.ltrans16.ltrans.o
LOAD /tmp/ccPEMQvP.ltrans17.ltrans.o
LOAD /tmp/ccPEMQvP.ltrans18.ltrans.o
LOAD /tmp/ccPEMQvP.ltrans19.ltrans.o
LOAD /tmp/ccPEMQvP.ltrans20.ltrans.o
LOAD /tmp/ccPEMQvP.ltrans21.ltrans.o
LOAD /tmp/ccPEMQvP.ltrans22.ltrans.o
LOAD /tmp/ccPEMQvP.ltrans23.ltrans.o
LOAD /tmp/ccPEMQvP.ltrans24.ltrans.o
LOAD /tmp/ccPEMQvP.ltrans25.ltrans.o
LOAD /tmp/ccPEMQvP.ltrans26.ltrans.o
LOAD /tmp/ccPEMQvP.ltrans27.ltrans.o
LOAD /tmp/ccPEMQvP.ltrans28.ltrans.o
LOAD /tmp/ccPEMQvP.ltrans29.ltrans.o
LOAD /tmp/ccPEMQvP.ltrans30.ltrans.o
LOAD /tmp/ccPEMQvP.ltrans31.ltrans.o
LOAD obj/main/NAZE/drivers/bus_i2c_stm32f10x.o
LOAD obj/main/NAZE/drivers/dma.o
LOAD obj/main/NAZE/drivers/inverter.o
LOAD obj/main/NAZE/drivers/light_ws2811strip_stdperiph.o
LOAD obj/main/NAZE/drivers/serial_uart_init.o
LOAD obj/main/NAZE/drivers/serial_uart_stm32f10x.o
LOAD obj/main/NAZE/drivers/system_stm32f10x.o
LOAD obj/main/NAZE/drivers/timer_stm32f10x.o
LOAD obj/main/NAZE/drivers/accgyro/accgyro_adxl345.o
LOAD obj/main/NAZE/drivers/accgyro/accgyro_bma280.o
LOAD obj/main/NAZE/drivers/accgyro/accgyro_l3g4200d.o
LOAD obj/main/NAZE/drivers/accgyro/accgyro_mma845x.o
LOAD obj/main/NAZE/drivers/accgyro/accgyro_mpu.o
LOAD obj/main/NAZE/drivers/accgyro/accgyro_mpu3050.o
LOAD obj/main/NAZE/drivers/accgyro/accgyro_mpu6050.o
LOAD obj/main/NAZE/drivers/accgyro/accgyro_mpu6500.o
LOAD obj/main/NAZE/drivers/accgyro/accgyro_spi_mpu6500.o
LOAD obj/main/NAZE/drivers/barometer/barometer_bmp085.o
LOAD obj/main/NAZE/drivers/barometer/barometer_bmp280.o
LOAD obj/main/NAZE/drivers/barometer/barometer_ms5611.o
LOAD obj/main/NAZE/drivers/compass/compass_hmc5883l.o
LOAD obj/main/NAZE/drivers/flash_m25p16.o
LOAD obj/main/NAZE/io/flashfs.o
LOAD obj/main/NAZE/build/build_config.o
LOAD obj/main/NAZE/build/debug.o
LOAD obj/main/NAZE/build/version.o
LOAD obj/main/NAZE/initialisation.o
LOAD obj/main/NAZE/target.o
LOAD obj/main/NAZE/config.o
LOAD obj/main/NAZE/hardware_revision.o
LOAD obj/main/NAZE/main.o
LOAD obj/main/NAZE/common/bitarray.o
LOAD obj/main/NAZE/common/crc.o
LOAD obj/main/NAZE/common/encoding.o
LOAD obj/main/NAZE/common/filter.o
LOAD obj/main/NAZE/common/huffman.o
LOAD obj/main/NAZE/common/huffman_table.o
LOAD obj/main/NAZE/common/maths.o
LOAD obj/main/NAZE/common/printf.o
LOAD obj/main/NAZE/common/streambuf.o
LOAD obj/main/NAZE/common/typeconversion.o
LOAD obj/main/NAZE/config/config_eeprom.o
LOAD obj/main/NAZE/config/feature.o
LOAD obj/main/NAZE/config/parameter_group.o
LOAD obj/main/NAZE/config/config_streamer.o
LOAD obj/main/NAZE/drivers/adc.o
LOAD obj/main/NAZE/drivers/buf_writer.o
LOAD obj/main/NAZE/drivers/bus.o
LOAD obj/main/NAZE/drivers/bus_i2c_config.o
LOAD obj/main/NAZE/drivers/bus_i2c_busdev.o
LOAD obj/main/NAZE/drivers/bus_i2c_soft.o
LOAD obj/main/NAZE/drivers/bus_spi.o
LOAD obj/main/NAZE/drivers/bus_spi_config.o
LOAD obj/main/NAZE/drivers/bus_spi_pinconfig.o
LOAD obj/main/NAZE/drivers/bus_spi_soft.o
LOAD obj/main/NAZE/drivers/buttons.o
LOAD obj/main/NAZE/drivers/display.o
LOAD obj/main/NAZE/drivers/exti.o
LOAD obj/main/NAZE/drivers/io.o
LOAD obj/main/NAZE/drivers/light_led.o
LOAD obj/main/NAZE/drivers/resource.o
LOAD obj/main/NAZE/drivers/rcc.o
LOAD obj/main/NAZE/drivers/serial.o
LOAD obj/main/NAZE/drivers/serial_pinconfig.o
LOAD obj/main/NAZE/drivers/serial_uart.o
LOAD obj/main/NAZE/drivers/serial_uart_pinconfig.o
LOAD obj/main/NAZE/drivers/sound_beeper.o
LOAD obj/main/NAZE/drivers/stack_check.o
LOAD obj/main/NAZE/drivers/system.o
LOAD obj/main/NAZE/drivers/timer.o
LOAD obj/main/NAZE/drivers/transponder_ir.o
LOAD obj/main/NAZE/drivers/transponder_ir_arcitimer.o
LOAD obj/main/NAZE/drivers/transponder_ir_ilap.o
LOAD obj/main/NAZE/drivers/transponder_ir_erlt.o
LOAD obj/main/NAZE/fc/config.o
LOAD obj/main/NAZE/fc/fc_dispatch.o
LOAD obj/main/NAZE/fc/fc_hardfaults.o
LOAD obj/main/NAZE/fc/fc_msp.o
LOAD obj/main/NAZE/fc/fc_msp_box.o
LOAD obj/main/NAZE/fc/fc_tasks.o
LOAD obj/main/NAZE/fc/runtime_config.o
LOAD obj/main/NAZE/io/beeper.o
LOAD obj/main/NAZE/io/serial.o
LOAD obj/main/NAZE/io/statusindicator.o
LOAD obj/main/NAZE/io/transponder_ir.o
LOAD obj/main/NAZE/io/rcsplit.o
LOAD obj/main/NAZE/msp/msp_serial.o
LOAD obj/main/NAZE/scheduler/scheduler.o
LOAD obj/main/NAZE/sensors/battery.o
LOAD obj/main/NAZE/sensors/current.o
LOAD obj/main/NAZE/sensors/voltage.o
LOAD obj/main/NAZE/fc/fc_init.o
LOAD obj/main/NAZE/fc/controlrate_profile.o
LOAD obj/main/NAZE/drivers/camera_control.o
LOAD obj/main/NAZE/drivers/gyro_sync.o
LOAD obj/main/NAZE/drivers/rx_nrf24l01.o
LOAD obj/main/NAZE/drivers/rx_spi.o
LOAD obj/main/NAZE/drivers/rx_xn297.o
LOAD obj/main/NAZE/drivers/pwm_esc_detect.o
LOAD obj/main/NAZE/drivers/pwm_output.o
LOAD obj/main/NAZE/drivers/rx_pwm.o
LOAD obj/main/NAZE/drivers/serial_softserial.o
LOAD obj/main/NAZE/fc/fc_core.o
LOAD obj/main/NAZE/fc/fc_rc.o
LOAD obj/main/NAZE/fc/rc_adjustments.o
LOAD obj/main/NAZE/fc/rc_controls.o
LOAD obj/main/NAZE/fc/rc_modes.o
LOAD obj/main/NAZE/fc/cli.o
LOAD obj/main/NAZE/fc/settings.o
LOAD obj/main/NAZE/flight/altitude.o
LOAD obj/main/NAZE/flight/failsafe.o
LOAD obj/main/NAZE/flight/imu.o
LOAD obj/main/NAZE/flight/mixer.o
LOAD obj/main/NAZE/flight/pid.o
LOAD obj/main/NAZE/flight/servos.o
LOAD obj/main/NAZE/io/serial_4way.o
LOAD obj/main/NAZE/io/serial_4way_avrootloader.o
LOAD obj/main/NAZE/io/serial_4way_stk500v2.o
LOAD obj/main/NAZE/rx/ibus.o
LOAD obj/main/NAZE/rx/jetiexbus.o
LOAD obj/main/NAZE/rx/msp.o
LOAD obj/main/NAZE/rx/nrf24_cx10.o
LOAD obj/main/NAZE/rx/nrf24_inav.o
LOAD obj/main/NAZE/rx/nrf24_h8_3d.o
LOAD obj/main/NAZE/rx/nrf24_syma.o
LOAD obj/main/NAZE/rx/nrf24_v202.o
LOAD obj/main/NAZE/rx/pwm.o
LOAD obj/main/NAZE/rx/rx.o
LOAD obj/main/NAZE/rx/rx_spi.o
LOAD obj/main/NAZE/rx/crsf.o
LOAD obj/main/NAZE/rx/sbus.o
LOAD obj/main/NAZE/rx/spektrum.o
LOAD obj/main/NAZE/rx/sumd.o
LOAD obj/main/NAZE/rx/sumh.o
LOAD obj/main/NAZE/rx/xbus.o
LOAD obj/main/NAZE/sensors/acceleration.o
LOAD obj/main/NAZE/sensors/boardalignment.o
LOAD obj/main/NAZE/sensors/compass.o
LOAD obj/main/NAZE/sensors/gyro.o
LOAD obj/main/NAZE/sensors/gyroanalyse.o
LOAD obj/main/NAZE/sensors/initialisation.o
LOAD obj/main/NAZE/blackbox/blackbox.o
LOAD obj/main/NAZE/blackbox/blackbox_encoding.o
LOAD obj/main/NAZE/blackbox/blackbox_io.o
LOAD obj/main/NAZE/cms/cms.o
LOAD obj/main/NAZE/cms/cms_menu_blackbox.o
LOAD obj/main/NAZE/cms/cms_menu_builtin.o
LOAD obj/main/NAZE/cms/cms_menu_imu.o
LOAD obj/main/NAZE/cms/cms_menu_ledstrip.o
LOAD obj/main/NAZE/cms/cms_menu_misc.o
LOAD obj/main/NAZE/cms/cms_menu_osd.o
LOAD obj/main/NAZE/cms/cms_menu_vtx_rtc6705.o
LOAD obj/main/NAZE/cms/cms_menu_vtx_smartaudio.o
LOAD obj/main/NAZE/cms/cms_menu_vtx_tramp.o
LOAD obj/main/NAZE/common/colorconversion.o
LOAD obj/main/NAZE/common/gps_conversion.o
LOAD obj/main/NAZE/drivers/display_ug2864hsweg01.o
LOAD obj/main/NAZE/drivers/light_ws2811strip.o
LOAD obj/main/NAZE/drivers/serial_escserial.o
LOAD obj/main/NAZE/drivers/sonar_hcsr04.o
LOAD obj/main/NAZE/drivers/vtx_common.o
LOAD obj/main/NAZE/flight/navigation.o
LOAD obj/main/NAZE/io/dashboard.o
LOAD obj/main/NAZE/io/displayport_max7456.o
LOAD obj/main/NAZE/io/displayport_msp.o
LOAD obj/main/NAZE/io/displayport_oled.o
LOAD obj/main/NAZE/io/gps.o
LOAD obj/main/NAZE/io/ledstrip.o
LOAD obj/main/NAZE/io/osd.o
LOAD obj/main/NAZE/sensors/sonar.o
LOAD obj/main/NAZE/sensors/barometer.o
LOAD obj/main/NAZE/telemetry/telemetry.o
LOAD obj/main/NAZE/telemetry/crsf.o
LOAD obj/main/NAZE/telemetry/srxl.o
LOAD obj/main/NAZE/telemetry/frsky.o
LOAD obj/main/NAZE/telemetry/hott.o
LOAD obj/main/NAZE/telemetry/smartport.o
LOAD obj/main/NAZE/telemetry/ltm.o
LOAD obj/main/NAZE/telemetry/mavlink.o
LOAD obj/main/NAZE/telemetry/msp_shared.o
LOAD obj/main/NAZE/telemetry/ibus.o
LOAD obj/main/NAZE/telemetry/ibus_shared.o
LOAD obj/main/NAZE/sensors/esc_sensor.o
LOAD obj/main/NAZE/io/vtx_string.o
LOAD obj/main/NAZE/io/vtx_rtc6705.o
LOAD obj/main/NAZE/io/vtx_smartaudio.o
LOAD obj/main/NAZE/io/vtx_tramp.o
LOAD obj/main/NAZE/io/vtx_control.o
LOAD obj/main/NAZE/core_cm3.o
LOAD obj/main/NAZE/system_stm32f10x.o
LOAD obj/main/NAZE/stm32f10x_dma.o
LOAD obj/main/NAZE/stm32f10x_dbgmcu.o
LOAD obj/main/NAZE/stm32f10x_iwdg.o
LOAD obj/main/NAZE/stm32f10x_dac.o
LOAD obj/main/NAZE/stm32f10x_rtc.o
LOAD obj/main/NAZE/stm32f10x_pwr.o
LOAD obj/main/NAZE/stm32f10x_i2c.o
LOAD obj/main/NAZE/stm32f10x_sdio.o
LOAD obj/main/NAZE/stm32f10x_rcc.o
LOAD obj/main/NAZE/stm32f10x_flash.o
LOAD obj/main/NAZE/stm32f10x_usart.o
LOAD obj/main/NAZE/stm32f10x_tim.o
LOAD obj/main/NAZE/misc.o
LOAD obj/main/NAZE/stm32f10x_wwdg.o
LOAD obj/main/NAZE/stm32f10x_adc.o
LOAD obj/main/NAZE/stm32f10x_spi.o
LOAD obj/main/NAZE/stm32f10x_bkp.o
LOAD obj/main/NAZE/stm32f10x_exti.o
LOAD obj/main/NAZE/stm32f10x_fsmc.o
LOAD obj/main/NAZE/stm32f10x_gpio.o
LOAD /home/austin/Documents/IFA_betaflight/betaflight/tools/gcc-arm-none-eabi-6-2017-q2-update/bin/../lib/gcc/arm-none-eabi/6.3.1/../../../../arm-none-eabi/lib/thumb/v7-m/libm.a
LOAD /home/austin/Documents/IFA_betaflight/betaflight/tools/gcc-arm-none-eabi-6-2017-q2-update/bin/../lib/gcc/arm-none-eabi/6.3.1/../../../../arm-none-eabi/lib/thumb/v7-m/libc_nano.a
LOAD /home/austin/Documents/IFA_betaflight/betaflight/tools/gcc-arm-none-eabi-6-2017-q2-update/bin/../lib/gcc/arm-none-eabi/6.3.1/../../../../arm-none-eabi/lib/thumb/v7-m/libnosys.a
START GROUP
LOAD /home/austin/Documents/IFA_betaflight/betaflight/tools/gcc-arm-none-eabi-6-2017-q2-update/bin/../lib/gcc/arm-none-eabi/6.3.1/thumb/v7-m/libgcc.a
LOAD /home/austin/Documents/IFA_betaflight/betaflight/tools/gcc-arm-none-eabi-6-2017-q2-update/bin/../lib/gcc/arm-none-eabi/6.3.1/../../../../arm-none-eabi/lib/thumb/v7-m/libc_nano.a
END GROUP
START GROUP
LOAD /home/austin/Documents/IFA_betaflight/betaflight/tools/gcc-arm-none-eabi-6-2017-q2-update/bin/../lib/gcc/arm-none-eabi/6.3.1/thumb/v7-m/libgcc.a
LOAD /home/austin/Documents/IFA_betaflight/betaflight/tools/gcc-arm-none-eabi-6-2017-q2-update/bin/../lib/gcc/arm-none-eabi/6.3.1/../../../../arm-none-eabi/lib/thumb/v7-m/libc_nano.a
END GROUP
                0x0000000020005000                _estack = (ORIGIN (STACKRAM) + LENGTH (STACKRAM))
                0x000000000801f800                __config_start = ORIGIN (FLASH_CONFIG)
                0x0000000008020000                __config_end = (ORIGIN (FLASH_CONFIG) + LENGTH (FLASH_CONFIG))
                0x0000000000000000                _Min_Heap_Size = 0x0
                0x0000000000000800                _Min_Stack_Size = 0x800

.isr_vector     0x0000000008000000      0x10c
                0x0000000008000000                . = ALIGN (0x4)
                [!provide]                        PROVIDE (isr_vector_table_base, .)
 *(.isr_vector)
 .isr_vector    0x0000000008000000      0x10c obj/main/NAZE/startup_stm32f10x_md_gcc.o
                0x0000000008000000                g_pfnVectors
                0x000000000800010c                . = ALIGN (0x4)

.text           0x0000000008000110    0x1ea90
                0x0000000008000110                . = ALIGN (0x4)
 *(.text)
 .text          0x0000000008000110     0x24c4 /tmp/ccPEMQvP.ltrans0.ltrans.o
                0x0000000008000110                init
 .text          0x00000000080025d4     0x16d4 /tmp/ccPEMQvP.ltrans1.ltrans.o
                0x00000000080025d4                taskHandleSerial.lto_priv.190
 .text          0x0000000008003ca8     0x22bc /tmp/ccPEMQvP.ltrans2.ltrans.o
                0x0000000008003ca8                taskMainPidLoop
 .text          0x0000000008005f64      0xd04 /tmp/ccPEMQvP.ltrans3.ltrans.o
                0x0000000008005f78                WS2811_DMA_IRQHandler.lto_priv.439
                0x0000000008006238                uart_tx_dma_IRQHandler
                0x0000000008006284                mpuIntExtiInit.lto_priv.631
                0x0000000008006390                uartIrqHandler
                0x00000000080063f4                uartReconfigure
                0x0000000008006514                initInverter.lto_priv.531
                0x0000000008006550                DMA1_Channel7_IRQHandler
                0x0000000008006564                DMA1_Channel6_IRQHandler
                0x0000000008006578                DMA1_Channel5_IRQHandler
                0x0000000008006588                DMA1_Channel4_IRQHandler
                0x0000000008006598                DMA1_Channel3_IRQHandler
                0x00000000080065a8                DMA1_Channel2_IRQHandler
                0x00000000080065b8                DMA1_Channel1_IRQHandler
                0x00000000080065c8                i2cInit
                0x0000000008006800                i2cRead.part.1
                0x0000000008006894                mma8452Read.lto_priv.247
                0x00000000080068f2                bma280Read.lto_priv.249
                0x000000000800693c                adxl345Read.lto_priv.244
                0x0000000008006aa8                i2cWrite
                0x0000000008006b48                mma8452Init.lto_priv.246
                0x0000000008006bca                bma280Init.lto_priv.248
                0x0000000008006bee                adxl345Init.lto_priv.243
                0x0000000008006c54                I2C2_EV_IRQHandler
                0x0000000008006c5a                I2C2_ER_IRQHandler
                0x0000000008006c5e                I2C1_EV_IRQHandler
                0x0000000008006c64                I2C1_ER_IRQHandler
 .text          0x0000000008006c68      0xbdc /tmp/ccPEMQvP.ltrans4.ltrans.o
                0x0000000008006c68                mspFcProcessOutCommand.lto_priv.594
 .text          0x0000000008007844      0xf8c /tmp/ccPEMQvP.ltrans5.ltrans.o
                0x0000000008007844                taskUpdateRxMain.lto_priv.189
 .text          0x00000000080087d0      0xb4c /tmp/ccPEMQvP.ltrans6.ltrans.o
                0x00000000080087d0                taskTelemetry.lto_priv.193
 .text          0x000000000800931c      0xd60 /tmp/ccPEMQvP.ltrans7.ltrans.o
                0x0000000008009356                putcp.lto_priv.178
                0x00000000080093b4                firFilterDenoiseUpdate
                0x0000000008009418                biquadFilterApply
                0x0000000008009470                pt1FilterApply
                0x000000000800948e                nullFilterApply
                0x00000000080094a8                _putc.lto_priv.515
                0x00000000080094b4                spiTimeoutUserCallback
                0x00000000080094d8                i2cHardwareConfigure
                0x0000000008009580                bufWriterFlush
                0x0000000008009598                write_word.lto_priv.606
                0x0000000008009674                config_streamer_write
                0x00000000080096a6                pgResetInstance
                0x00000000080096f0                pgFind
                0x0000000008009714                featureClear
                0x0000000008009724                fastA2F
                0x000000000800985c                ftoa
                0x0000000008009924                _i2a.lto_priv.179
                0x000000000800994c                sbufReadU32
                0x0000000008009978                sbufReadU16
                0x000000000800998e                sbufReadU8
                0x0000000008009998                sbufWriteData
                0x00000000080099ac                sbufWriteU32
                0x00000000080099d4                sbufWriteU16
                0x00000000080099e8                tfp_format
                0x0000000008009bba                tfp_printf
                0x0000000008009bf8                applyDeadband
                0x0000000008009c16                sin_approx
                0x0000000008009ce4                firFilterDenoiseInit
                0x0000000008009cf6                biquadFilterInit
                0x0000000008009e38                biquadFilterInitLPF
                0x0000000008009e50                filterGetNotchQ
                0x0000000008009eaa                crc16_ccitt_update
                0x0000000008009ed6                isEEPROMContentValid
                0x0000000008009f44                bitArraySet
                0x0000000008009f5c                bitArrayGet
                0x0000000008009f76                targetConfiguration
                0x0000000008009fb0                flashfsFlushSync
                0x0000000008009fe8                flashfsAdvanceTailInBuffer.lto_priv.204
                0x000000000800a018                flashfsFlushAsync
                0x000000000800a05c                flashfsGetOffset
 .text          0x000000000800a07c      0x860 /tmp/ccPEMQvP.ltrans8.ltrans.o
                0x000000000800a07c                uartRead
                0x000000000800a0ac                isUartTransmitBufferEmpty
                0x000000000800a0c2                uartTotalTxBytesFree
                0x000000000800a0e8                uartTotalRxBytesWaiting
                0x000000000800a112                pgResetFn_serialPinConfig
                0x000000000800a140                pgResetFn_statusLedConfig
                0x000000000800a150                pgResetFn_spiPinConfig
                0x000000000800a19c                uartSetMode
                0x000000000800a1a2                uartSetBaudRate
                0x000000000800a1a8                timCCxHandler.lto_priv.607
                0x000000000800a23c                configTimeBase
                0x000000000800a270                timerConfigure
                0x000000000800a2e0                lookupTimerIndex.lto_priv.416
                0x000000000800a318                timerChConfigCallbacks
                0x000000000800a3c0                micros
                0x000000000800a450                delayMicroseconds
                0x000000000800a466                delay
                0x000000000800a47a                SysTick_Handler
                0x000000000800a4ac                USART2_IRQHandler
                0x000000000800a4b8                USART1_IRQHandler
                0x000000000800a4c4                uartTryStartTxDMA
                0x000000000800a522                uartWrite
                0x000000000800a548                serialSetMode
                0x000000000800a54e                isSerialTransmitBufferEmpty
                0x000000000800a554                serialRead
                0x000000000800a55a                serialRxBytesWaiting
                0x000000000800a560                serialWrite
                0x000000000800a566                serialWriteBuf
                0x000000000800a5a2                serialWriteBufShim
                0x000000000800a5a4                ledToggle
                0x000000000800a5c0                IOGetByTag
                0x000000000800a60c                IOConfigGPIO
                0x000000000800a650                IOLo
                0x000000000800a65a                IOHi
                0x000000000800a664                IOWrite
                0x000000000800a678                systemBeep
                0x000000000800a6d0                ledSet
                0x000000000800a74c                indicateFailure
                0x000000000800a77e                failureMode
                0x000000000800a7a4                EXTI15_10_IRQHandler
                0x000000000800a7a6                EXTI0_IRQHandler
                0x000000000800a7a8                EXTI9_5_IRQHandler
                0x000000000800a7aa                EXTI4_IRQHandler
                0x000000000800a7ac                EXTI3_IRQHandler
                0x000000000800a7ae                EXTI2_IRQHandler
                0x000000000800a7b0                EXTI1_IRQHandler
                0x000000000800a7b2                spiSetDivisor
                0x000000000800a7f4                spiTransfer
                0x000000000800a850                spiTransferByte
                0x000000000800a888                spiBusReadRegisterBuffer
                0x000000000800a8b6                spiBusWriteRegister
 .text          0x000000000800a8dc      0xa4c /tmp/ccPEMQvP.ltrans9.ltrans.o
                0x000000000800a8dc                pgResetFn_voltageSensorADCConfig
                0x000000000800a8ec                taskSystem
                0x000000000800a910                nopConsumer.lto_priv.345
                0x000000000800a912                batteryUpdateCurrentMeter
                0x000000000800aa00                batteryUpdateVoltage
                0x000000000800aab0                pgResetFn_serialConfig
                0x000000000800aaf4                calculateBatteryPercentageRemaining
                0x000000000800ab70                queueAdd
                0x000000000800abe0                setTaskEnabled
                0x000000000800ac48                warningLedRefresh
                0x000000000800ac84                waitForSerialPortToFinishTransmitting
                0x000000000800ac9a                serialRemovePort
                0x000000000800acd0                closeSerialPort
                0x000000000800acfc                mspSerialReleasePortIfAllocated
                0x000000000800ad2c                openSerialPort
                0x000000000800b080                determinePortSharing
                0x000000000800b094                findSerialPortConfig
                0x000000000800b0d8                mspSerialAllocatePorts
                0x000000000800b17c                beeperModeMaskForTableIndex
                0x000000000800b19c                beeperSilence
                0x000000000800b1c8                beeper
                0x000000000800b22c                beeperUpdate
                0x000000000800b2f8                beeperConfirmationBeeps
 .text          0x000000000800b328      0xc10 /tmp/ccPEMQvP.ltrans10.ltrans.o
                0x000000000800b370                isEmpty.lto_priv.339
                0x000000000800b380                nextArg.lto_priv.343
                0x000000000800b3ec                cliShowParseError.lto_priv.314
                0x000000000800b3f8                cliGetValuePointer
                0x000000000800b412                cliSetVar.lto_priv.337
                0x000000000800b430                cliPrintLinef.lto_priv.315
                0x000000000800b44a                cliShowArgumentRangeError.lto_priv.317
                0x000000000800b458                cliRxFailsafe.lto_priv.281
                0x000000000800b564                cliPrintf.lto_priv.318
                0x000000000800b594                cliSerialPassthrough.lto_priv.285
                0x000000000800b764                cliPrintVarRange.lto_priv.338
                0x000000000800b8a8                cliPrintVar.lto_priv.336
                0x000000000800b8be                dumpAllValues.lto_priv.300
                0x000000000800b99c                cliWrite.lto_priv.595
                0x000000000800b9c0                cliDefaultPrintLinef.lto_priv.312
                0x000000000800b9ec                cliDumpPrintLinef.lto_priv.309
                0x000000000800ba10                printAdjustmentRange.lto_priv.302
                0x000000000800bad8                cliAdjustmentRange.lto_priv.260
                0x000000000800bbc8                printSerial.lto_priv.307
                0x000000000800bcb4                cliSerial.lto_priv.284
                0x000000000800bdac                printAux.lto_priv.303
                0x000000000800be6c                cliAux.lto_priv.261
 .text          0x000000000800bf38      0xdcc /tmp/ccPEMQvP.ltrans11.ltrans.o
                0x000000000800bf38                printServoMix.lto_priv.308
                0x000000000800c020                cliServoMix.lto_priv.288
                0x000000000800c2cc                printServo.lto_priv.310
                0x000000000800c3f8                cliServo.lto_priv.286
                0x000000000800c4d0                printModeColor.lto_priv.304
                0x000000000800c5c4                cliModeColor.lto_priv.275
                0x000000000800c640                printColor.lto_priv.305
                0x000000000800c6b8                cliColor.lto_priv.264
                0x000000000800c768                printLed.lto_priv.306
                0x000000000800c7dc                cliLed.lto_priv.271
                0x000000000800c95c                printRxRange.lto_priv.301
                0x000000000800c9d0                cliRxRange.lto_priv.282
                0x000000000800ca88                printMotorMix.lto_priv.311
                0x000000000800cb88                cliMotorMix.lto_priv.274
 .text          0x000000000800cd04      0xa78 /tmp/ccPEMQvP.ltrans12.ltrans.o
                0x000000000800cd04                pgResetFn_accelerometerConfig
                0x000000000800cd22                xBusReadRawRC.lto_priv.475
                0x000000000800cd38                xBusFrameStatus.lto_priv.476
                0x000000000800cd4c                writeSlowFrameIfNeeded.lto_priv.206
                0x000000000800ce0c                blackboxWriteMainStateArrayUsingAveragePredictor.lto_priv.207
                0x000000000800ce4c                gyroSetCalibrationCycles.isra.2.lto_priv.406
                0x000000000800ce6c                alignSensors
                0x000000000800cf84                setAccelerationFilter.part.1
                0x000000000800cfb4                sensorsAutodetect
 .text          0x000000000800d77c      0xf08 /tmp/ccPEMQvP.ltrans13.ltrans.o
                0x000000000800d824                sumhReadRawRC.lto_priv.467
                0x000000000800d83c                sumhFrameStatus.lto_priv.468
                0x000000000800d8ac                sumdReadRawRC.lto_priv.464
                0x000000000800d8c0                sumdFrameStatus.lto_priv.465
                0x000000000800d948                spektrumReadRawRC.lto_priv.454
                0x000000000800d970                sbusReadRawRC.lto_priv.461
                0x000000000800d98c                sbusFrameStatus.lto_priv.462
                0x000000000800db0c                crsfReadRawRC.lto_priv.485
                0x000000000800db3c                crsfFrameStatus.lto_priv.486
                0x000000000800dd00                rxUpdateCheck
                0x000000000800ddd8                nullFrameStatus.lto_priv.443
                0x000000000800dddc                nullReadRawRC.lto_priv.442
                0x000000000800de1c                ppmReadRawRC.lto_priv.446
                0x000000000800de2c                pwmReadRawRC.lto_priv.445
                0x000000000800de3c                rxMspFrameStatus.lto_priv.448
                0x000000000800de54                rxMspReadRawRC.lto_priv.447
                0x000000000800de64                ibusReadRawRC.lto_priv.479
                0x000000000800dedc                xBusDataReceive.lto_priv.477
                0x000000000800dfb4                sumhDataReceive.lto_priv.469
                0x000000000800dffc                sumdDataReceive.lto_priv.466
                0x000000000800e0a0                spektrumFrameStatus.lto_priv.455
                0x000000000800e1c0                spektrumDataReceive.lto_priv.456
                0x000000000800e20c                sbusDataReceive.lto_priv.463
                0x000000000800e260                crsfDataReceive.lto_priv.487
                0x000000000800e2c4                ibusDataReceive.lto_priv.482
                0x000000000800e398                ibusFrameStatus.lto_priv.480
                0x000000000800e44c                parseRcChannels
                0x000000000800e480                pgResetFn_rxConfig
                0x000000000800e4d8                getRxfailValue.lto_priv.580
                0x000000000800e534                resumeRxSignal
                0x000000000800e564                suspendRxSignal
                0x000000000800e594                loadCustomServoMixer
                0x000000000800e5e4                determineServoMiddleOrForwardFromChannel
                0x000000000800e61c                pidInit
 .text          0x000000000800e684      0xc84 /tmp/ccPEMQvP.ltrans14.ltrans.o
                0x000000000800e684                cliVersion.lto_priv.291
                0x000000000800e708                cliTasks.lto_priv.290
                0x000000000800e8c4                cliStatus.lto_priv.289
                0x000000000800eadc                cliResource.lto_priv.280
                0x000000000800ed98                printConfig.lto_priv.294
 .text          0x000000000800f308      0x968 /tmp/ccPEMQvP.ltrans15.ltrans.o
                0x000000000800f308                blackboxWriteSysinfo.lto_priv.409
                0x000000000800f9c0                sendFieldDefinition.lto_priv.410
                0x000000000800fb30                loadMainState.lto_priv.205
                0x000000000800fc34                blackboxFinish
 .text          0x000000000800fc70      0xa68 /tmp/ccPEMQvP.ltrans16.ltrans.o
                0x000000000800fc70                dispatchProcess
                0x000000000800fc94                pgResetFn_pwmConfig
                0x000000000800fcc0                pgResetFn_ppmConfig
                0x000000000800fce4                pgResetFn_adcConfig
                0x000000000800fd00                pgResetFn_flashConfig
                0x000000000800fd0a                mspRebootFn.lto_priv.588
                0x000000000800fd4c                HardFault_Handler
                0x000000000800fdbc                changePidProfile
                0x000000000800fde8                writeEEPROM
                0x000000000800ff40                validateAndFixGyroConfig
                0x0000000008010064                readEEPROM
                0x0000000008010410                saveConfigAndNotify
                0x0000000008010424                resetConfigs
                0x0000000008010478                timerOCInit
                0x0000000008010660                timerGetByTag
                0x0000000008010694                TIM4_IRQHandler
                0x00000000080106a4                TIM3_IRQHandler
                0x00000000080106b4                TIM2_IRQHandler
                0x00000000080106c4                TIM1_CC_IRQHandler
                0x00000000080106d4                TIM1_UP_IRQHandler
 .text          0x00000000080106d8      0x8ac /tmp/ccPEMQvP.ltrans17.ltrans.o
                0x0000000008010a38                disarm
                0x0000000008010a6c                updateArmingStatus
                0x0000000008010c2c                tryArm
                0x0000000008010d24                openSoftSerial
                0x0000000008010f48                pwmICConfig
 .text          0x0000000008010f84      0xa08 /tmp/ccPEMQvP.ltrans18.ltrans.o
                0x0000000008010f84                cliGet.lto_priv.270
                0x0000000008010fec                cliSet.lto_priv.287
                0x00000000080111fc                cliRateProfile.lto_priv.279
                0x000000000801123c                cliProfile.lto_priv.278
                0x0000000008011278                cliMotor.lto_priv.276
                0x0000000008011378                cliMixer.lto_priv.273
                0x0000000008011490                cliDefaults.lto_priv.265
                0x00000000080114c0                cliSave.lto_priv.283
                0x00000000080114ce                cliExit.lto_priv.266
                0x0000000008011504                cliBootloader.lto_priv.263
                0x0000000008011508                cliMap.lto_priv.272
                0x00000000080115c0                cliBeeper.lto_priv.262
                0x0000000008011710                cliFeature.lto_priv.267
                0x0000000008011824                cliName.lto_priv.277
                0x0000000008011884                cliFlashErase.lto_priv.268
                0x00000000080118c8                cliFlashInfo.lto_priv.269
                0x0000000008011900                cliDumpRateProfile.lto_priv.298
                0x0000000008011928                cliDumpPidProfile.lto_priv.299
                0x0000000008011950                checkCommand.lto_priv.313
 .text          0x000000000801198c      0xa84 /tmp/ccPEMQvP.ltrans19.ltrans.o
                0x000000000801198c                ms5611_calculate.lto_priv.242
                0x0000000008011b2c                bmp280_calculate.lto_priv.237
                0x0000000008011ce4                bmp280_start_ut.lto_priv.234
                0x0000000008011ce6                bmp280_get_ut.lto_priv.233
                0x0000000008011ce8                mpu6500AccInit
                0x0000000008011cf0                mpu6500SpiAccInit
                0x0000000008011cf8                mpu6050AccInit.lto_priv.245
                0x0000000008011d12                mpu3050ReadTemperature.lto_priv.255
                0x0000000008011d42                mpu3050GyroRead.lto_priv.254
                0x0000000008011d86                mpuGyroRead
                0x0000000008011dca                mpuAccRead
                0x0000000008011e0c                mpuGyroReadSPI
                0x0000000008011e8c                mpuWriteRegisterI2C.lto_priv.251
                0x0000000008011e98                mpuReadRegisterI2C.lto_priv.250
                0x0000000008011eac                mpu6500GyroInit
                0x0000000008011f6a                mpu6500SpiGyroInit
                0x0000000008011fa6                mpu6050GyroInit.lto_priv.252
                0x0000000008012016                mpu3050Init.lto_priv.253
                0x0000000008012068                flashfsGetDirtyDataBuffers.lto_priv.202
                0x00000000080120a0                flashfsTransmitBufferUsed.lto_priv.201
                0x00000000080120c0                m25p16_isReady
                0x0000000008012130                flashfsWriteBuffers.lto_priv.203
                0x0000000008012288                flashfsEraseCompletely
                0x00000000080122c4                m25p16_readBytes
                0x000000000801232c                bmp280WriteRegister
                0x000000000801232c                ms5611WriteCommand
                0x0000000008012344                ms5611_start_up.lto_priv.240
                0x000000000801234a                ms5611_start_ut.lto_priv.238
                0x0000000008012350                bmp280_start_up.lto_priv.235
                0x0000000008012356                bmp280ReadRegister
                0x0000000008012356                ms5611ReadCommand
                0x00000000080123a8                ms5611_get_up.lto_priv.241
                0x00000000080123b8                ms5611_get_ut.lto_priv.239
                0x00000000080123c8                bmp280_get_up.lto_priv.236
 .text          0x0000000008012410      0x898 /tmp/ccPEMQvP.ltrans20.ltrans.o
                0x0000000008012508                FLASH_GetBank1Status
                0x0000000008012530                RCC_GetClocksFreq
                0x00000000080125c4                DMA_StructInit
                0x00000000080125de                DMA_Init
                0x000000000801261a                DMA_DeInit
                0x000000000801270c                SystemInit
                0x0000000008012758                __set_MSP
                0x000000000801275e                isChecksumOkIa6b
                0x0000000008012794                respondToIbusRequest
                0x0000000008012860                ltm_finalise.lto_priv.549
                0x0000000008012870                ltm_serialise_8.lto_priv.180
                0x0000000008012890                ltm_serialise_16.lto_priv.551
                0x00000000080128a2                ltm_initialise_packet.lto_priv.550
                0x00000000080128d0                smartPortSendPackage.lto_priv.552
                0x0000000008012924                workAroundForHottTelemetryOnUsart.isra.0.lto_priv.554
                0x0000000008012960                flushHottRxBuffer.lto_priv.555
                0x000000000801297c                hottConfigurePortForRX.lto_priv.553
                0x00000000080129a8                GPStoDDDMM_MMMM.lto_priv.559
                0x00000000080129fc                serialize16.lto_priv.557
                0x0000000008012a10                sendTelemetryTail.lto_priv.556
                0x0000000008012a1c                sendDataHead.lto_priv.558
                0x0000000008012a38                telemetryCheckRxPortShared
                0x0000000008012a68                telemetryCheckState
 .text          0x0000000008012ca8      0x874 /tmp/ccPEMQvP.ltrans21.ltrans.o
                0x0000000008012fb8                ledStripUpdate
                0x00000000080134a8                telemetryDetermineEnabledState
                0x00000000080134d4                setModeColor
 .text          0x000000000801351c      0xc80 /tmp/ccPEMQvP.ltrans22.ltrans.o
                0x0000000008013540                pgResetFn_motorConfig
                0x000000000801358c                cliHelp.lto_priv.593
                0x00000000080135ac                cliDiff.lto_priv.591
                0x00000000080135b2                cliDump.lto_priv.592
                0x00000000080135b8                pidInitConfig
                0x0000000008013758                pidInitFilters
                0x0000000008013928                writeMotors.part.1
                0x0000000008013960                imuComputeRotationMatrix.lto_priv.530
                0x0000000008013aa0                imuUpdateAttitude
                0x0000000008014160                failsafeActivate.lto_priv.579
 .text          0x000000000801419c      0x844 /tmp/ccPEMQvP.ltrans23.ltrans.o
                0x00000000080141c8                RCC_ClockCmd.constprop.164
                0x0000000008014204                NVIC_Init.part.0.constprop.159
                0x0000000008014240                timerOCPreloadConfig.constprop.143
                0x000000000801429a                TIM_TimeBaseInit.constprop.142
                0x0000000008014328                spiPreInitCs.constprop.98
                0x0000000008014346                gyroInitSensorFilters.constprop.72
                0x0000000008014550                itoa.constprop.46
                0x0000000008014574                findNextSharedSerialPort.constprop.42
                0x00000000080145d8                findSharedSerialPort.constprop.41
                0x00000000080145e8                ltm_serialise_32.constprop.35
                0x0000000008014606                blackboxWriteSignedVBArray.constprop.16
                0x0000000008014620                generateLedConfig.constprop.5
                0x00000000080146b8                GPIO_Init
                0x000000000801475c                TIM_ICInit
                0x000000000801498c                timerChConfigIC.constprop.93
                0x00000000080149be                FLASH_WaitForLastOperation
 .text          0x00000000080149e0      0x6ec /tmp/ccPEMQvP.ltrans24.ltrans.o
                0x00000000080149e0                pgResetFn_ledStripConfig
                0x0000000008014a64                applyLedHsv.lto_priv.194
                0x0000000008014a98                reevaluateLedConfig
                0x0000000008014b78                ws2811UpdateStrip
                0x0000000008014d9c                blackboxDeviceReserveBufferSpace
                0x0000000008014dec                blackboxReplenishHeaderBudget
                0x0000000008014e3c                isBlackboxDeviceFull
                0x0000000008014e64                blackboxWriteString
                0x0000000008014f38                blackboxWrite
                0x0000000008014f88                blackboxWriteTag2_3S32
                0x00000000080150a6                blackboxWriteSignedVB
                0x00000000080150b0                blackboxWriteSigned16VBArray
 .text          0x00000000080150cc      0x618 /tmp/ccPEMQvP.ltrans25.ltrans.o
                0x00000000080150d2                blackboxWriteUnsignedVB
                0x00000000080150f2                blackboxPrintfHeaderLine
                0x0000000008015148                blackboxPrintf
                0x000000000801516c                blackboxGetRateDenom
                0x0000000008015190                blackboxAdvanceIterationTimers.lto_priv.407
                0x00000000080151d8                blackboxLogEvent
                0x0000000008015270                blackboxLogIteration.lto_priv.408
 .text          0x00000000080156e4      0x59c /tmp/ccPEMQvP.ltrans26.ltrans.o
                0x00000000080156e4                taskUpdateBaro.lto_priv.191
                0x00000000080157b0                taskCalculateAltitude.lto_priv.192
 .text          0x0000000008015c80      0x3c0 /tmp/ccPEMQvP.ltrans27.ltrans.o
                0x0000000008015c80                pwmOverflowCallback.lto_priv.510
                0x0000000008015ca8                ppmEdgeCallback.lto_priv.511
                0x0000000008015de4                ppmOverflowCallback.lto_priv.512
                0x0000000008015e14                pwmCompleteWriteUnused.lto_priv.495
                0x0000000008015e16                pwmWriteUnused.lto_priv.420
                0x0000000008015e18                pgResetFn_controlRateProfiles
                0x0000000008015e38                pwmEdgeCallback.lto_priv.509
                0x0000000008015e94                pwmWriteStandard.lto_priv.493
                0x0000000008015ec0                pwmCompleteOneshotMotorUpdate.lto_priv.496
                0x0000000008015f2c                pwmWriteServo.part.0
                0x0000000008015f4c                pwmWriteServo
                0x0000000008015f54                pwmOutConfig
                0x0000000008016018                changeControlRateProfile
 .text          0x0000000008016040      0x2c4 /tmp/ccPEMQvP.ltrans28.ltrans.o
                0x0000000008016040                serializeBoxPermanentIdFn
                0x000000000801604c                taskUpdateAccelerometer.lto_priv.188
                0x0000000008016274                serializeBoxNameFn
                0x0000000008016296                findBoxByBoxId
                0x00000000080162bc                serializeBoxReply
 .text          0x0000000008016304      0x1fc /tmp/ccPEMQvP.ltrans29.ltrans.o
                0x0000000008016304                cliPutp.lto_priv.349
                0x0000000008016322                cliPrint.lto_priv.293
                0x0000000008016354                cliPrintLinefeed.lto_priv.292
                0x000000000801635c                cliPrintLinefva.lto_priv.367
                0x0000000008016380                cliPrintLine.lto_priv.316
                0x000000000801638c                isModeActivationConditionPresent
                0x00000000080163b4                isRangeActive
                0x0000000008016400                IS_RC_MODE_ACTIVE
                0x000000000801640c                isAirmodeActive
                0x0000000008016428                calculateThrottleStatus
                0x0000000008016478                blackboxLogInflightAdjustmentEvent.lto_priv.578
                0x00000000080164a0                generateThrottleCurve
 .text          0x0000000008016500      0x1e4 /tmp/ccPEMQvP.ltrans30.ltrans.o
                0x0000000008016500                taskBatteryAlerts
 .text          0x00000000080166e4       0x5c /tmp/ccPEMQvP.ltrans31.ltrans.o
                0x00000000080166e4                disableFlightMode
                0x0000000008016704                enableFlightMode
                0x0000000008016720                unsetArmingDisabled
                0x0000000008016730                setArmingDisabled
 .text          0x0000000008016740       0x10 /home/austin/Documents/IFA_betaflight/betaflight/tools/gcc-arm-none-eabi-6-2017-q2-update/bin/../lib/gcc/arm-none-eabi/6.3.1/../../../../arm-none-eabi/lib/thumb/v7-m/libc_nano.a(lib_a-strlen.o)
                0x0000000008016740                strlen
 .text          0x0000000008016750       0x18 /home/austin/Documents/IFA_betaflight/betaflight/tools/gcc-arm-none-eabi-6-2017-q2-update/bin/../lib/gcc/arm-none-eabi/6.3.1/thumb/v7-m/libgcc.a(_lshrdi3.o)
                0x0000000008016750                __aeabi_llsr
                0x0000000008016750                __lshrdi3
 .text          0x0000000008016768      0x370 /home/austin/Documents/IFA_betaflight/betaflight/tools/gcc-arm-none-eabi-6-2017-q2-update/bin/../lib/gcc/arm-none-eabi/6.3.1/thumb/v7-m/libgcc.a(_arm_addsubdf3.o)
                0x0000000008016768                __aeabi_drsub
                0x0000000008016770                __aeabi_dsub
                0x0000000008016770                __subdf3
                0x0000000008016774                __adddf3
                0x0000000008016774                __aeabi_dadd
                0x00000000080169ec                __aeabi_ui2d
                0x00000000080169ec                __floatunsidf
                0x0000000008016a0c                __floatsidf
                0x0000000008016a0c                __aeabi_i2d
                0x0000000008016a30                __extendsfdf2
                0x0000000008016a30                __aeabi_f2d
                0x0000000008016a6c                __aeabi_ul2d
                0x0000000008016a6c                __floatundidf
                0x0000000008016a7c                __floatdidf
                0x0000000008016a7c                __aeabi_l2d
 .text          0x0000000008016ad8      0x424 /home/austin/Documents/IFA_betaflight/betaflight/tools/gcc-arm-none-eabi-6-2017-q2-update/bin/../lib/gcc/arm-none-eabi/6.3.1/thumb/v7-m/libgcc.a(_arm_muldivdf3.o)
                0x0000000008016ad8                __aeabi_dmul
                0x0000000008016ad8                __muldf3
                0x0000000008016d2c                __aeabi_ddiv
                0x0000000008016d2c                __divdf3
 .text          0x0000000008016efc      0x110 /home/austin/Documents/IFA_betaflight/betaflight/tools/gcc-arm-none-eabi-6-2017-q2-update/bin/../lib/gcc/arm-none-eabi/6.3.1/thumb/v7-m/libgcc.a(_arm_cmpdf2.o)
                0x0000000008016efc                __gtdf2
                0x0000000008016efc                __gedf2
                0x0000000008016f04                __ltdf2
                0x0000000008016f04                __ledf2
                0x0000000008016f0c                __cmpdf2
                0x0000000008016f0c                __eqdf2
                0x0000000008016f0c                __nedf2
                0x0000000008016f88                __aeabi_cdrcmple
                0x0000000008016f98                __aeabi_cdcmple
                0x0000000008016f98                __aeabi_cdcmpeq
                0x0000000008016fa8                __aeabi_dcmpeq
                0x0000000008016fbc                __aeabi_dcmplt
                0x0000000008016fd0                __aeabi_dcmple
                0x0000000008016fe4                __aeabi_dcmpge
                0x0000000008016ff8                __aeabi_dcmpgt
 .text          0x000000000801700c       0xa0 /home/austin/Documents/IFA_betaflight/betaflight/tools/gcc-arm-none-eabi-6-2017-q2-update/bin/../lib/gcc/arm-none-eabi/6.3.1/thumb/v7-m/libgcc.a(_arm_truncdfsf2.o)
                0x000000000801700c                __aeabi_d2f
                0x000000000801700c                __truncdfsf2
 .text          0x00000000080170ac      0x21c /home/austin/Documents/IFA_betaflight/betaflight/tools/gcc-arm-none-eabi-6-2017-q2-update/bin/../lib/gcc/arm-none-eabi/6.3.1/thumb/v7-m/libgcc.a(_arm_addsubsf3.o)
                0x00000000080170ac                __aeabi_frsub
                0x00000000080170b4                __subsf3
                0x00000000080170b4                __aeabi_fsub
                0x00000000080170b8                __aeabi_fadd
                0x00000000080170b8                __addsf3
                0x0000000008017218                __aeabi_ui2f
                0x0000000008017218                __floatunsisf
                0x0000000008017220                __aeabi_i2f
                0x0000000008017220                __floatsisf
                0x000000000801723c                __floatundisf
                0x000000000801723c                __aeabi_ul2f
                0x000000000801724c                __floatdisf
                0x000000000801724c                __aeabi_l2f
 .text          0x00000000080172c8      0x2a0 /home/austin/Documents/IFA_betaflight/betaflight/tools/gcc-arm-none-eabi-6-2017-q2-update/bin/../lib/gcc/arm-none-eabi/6.3.1/thumb/v7-m/libgcc.a(_arm_muldivsf3.o)
                0x00000000080172c8                __mulsf3
                0x00000000080172c8                __aeabi_fmul
                0x0000000008017430                __divsf3
                0x0000000008017430                __aeabi_fdiv
 .text          0x0000000008017568       0xec /home/austin/Documents/IFA_betaflight/betaflight/tools/gcc-arm-none-eabi-6-2017-q2-update/bin/../lib/gcc/arm-none-eabi/6.3.1/thumb/v7-m/libgcc.a(_arm_cmpsf2.o)
                0x0000000008017568                __gtsf2
                0x0000000008017568                __gesf2
                0x0000000008017570                __lesf2
                0x0000000008017570                __ltsf2
                0x0000000008017578                __nesf2
                0x0000000008017578                __eqsf2
                0x0000000008017578                __cmpsf2
                0x00000000080175d8                __aeabi_cfrcmple
                0x00000000080175e0                __aeabi_cfcmple
                0x00000000080175e0                __aeabi_cfcmpeq
                0x00000000080175f0                __aeabi_fcmpeq
                0x0000000008017604                __aeabi_fcmplt
                0x0000000008017618                __aeabi_fcmple
                0x000000000801762c                __aeabi_fcmpge
                0x0000000008017640                __aeabi_fcmpgt
 .text          0x0000000008017654       0x2c /home/austin/Documents/IFA_betaflight/betaflight/tools/gcc-arm-none-eabi-6-2017-q2-update/bin/../lib/gcc/arm-none-eabi/6.3.1/thumb/v7-m/libgcc.a(_arm_unordsf2.o)
                0x0000000008017654                __aeabi_fcmpun
                0x0000000008017654                __unordsf2
 .text          0x0000000008017680       0x4c /home/austin/Documents/IFA_betaflight/betaflight/tools/gcc-arm-none-eabi-6-2017-q2-update/bin/../lib/gcc/arm-none-eabi/6.3.1/thumb/v7-m/libgcc.a(_arm_fixsfsi.o)
                0x0000000008017680                __fixsfsi
                0x0000000008017680                __aeabi_f2iz
 .text          0x00000000080176cc       0x40 /home/austin/Documents/IFA_betaflight/betaflight/tools/gcc-arm-none-eabi-6-2017-q2-update/bin/../lib/gcc/arm-none-eabi/6.3.1/thumb/v7-m/libgcc.a(_arm_fixunssfsi.o)
                0x00000000080176cc                __aeabi_f2uiz
                0x00000000080176cc                __fixunssfsi
 .text          0x000000000801770c       0xa0 /home/austin/Documents/IFA_betaflight/betaflight/tools/gcc-arm-none-eabi-6-2017-q2-update/bin/../lib/gcc/arm-none-eabi/6.3.1/thumb/v7-m/libgcc.a(_aeabi_ldivmod.o)
                0x000000000801770c                __aeabi_ldivmod
 .text          0x00000000080177ac       0x28 /home/austin/Documents/IFA_betaflight/betaflight/tools/gcc-arm-none-eabi-6-2017-q2-update/bin/../lib/gcc/arm-none-eabi/6.3.1/thumb/v7-m/libgcc.a(_popcountsi2.o)
                0x00000000080177ac                __popcountsi2
 .text          0x00000000080177d4      0x2dc /home/austin/Documents/IFA_betaflight/betaflight/tools/gcc-arm-none-eabi-6-2017-q2-update/bin/../lib/gcc/arm-none-eabi/6.3.1/thumb/v7-m/libgcc.a(_udivmoddi4.o)
                0x00000000080177d4                __udivmoddi4
 .text          0x0000000008017ab0        0x4 /home/austin/Documents/IFA_betaflight/betaflight/tools/gcc-arm-none-eabi-6-2017-q2-update/bin/../lib/gcc/arm-none-eabi/6.3.1/thumb/v7-m/libgcc.a(_dvmd_tls.o)
                0x0000000008017ab0                __aeabi_ldiv0
                0x0000000008017ab0                __aeabi_idiv0
 *(.text*)
 .text.Reset_Handler
                0x0000000008017ab4       0x9c obj/main/NAZE/startup_stm32f10x_md_gcc.o
                0x0000000008017ab4                Reset_Handler
 .text.Default_Handler
                0x0000000008017b50        0x2 obj/main/NAZE/startup_stm32f10x_md_gcc.o
                0x0000000008017b50                DebugMon_Handler
                0x0000000008017b50                PVD_IRQHandler
                0x0000000008017b50                PendSV_Handler
                0x0000000008017b50                NMI_Handler
                0x0000000008017b50                UsageFault_Handler
                0x0000000008017b50                ADC1_2_IRQHandler
                0x0000000008017b50                SPI1_IRQHandler
                0x0000000008017b50                TAMPER_IRQHandler
                0x0000000008017b50                USART3_IRQHandler
                0x0000000008017b50                RTC_IRQHandler
                0x0000000008017b50                CAN1_RX1_IRQHandler
                0x0000000008017b50                RCC_IRQHandler
                0x0000000008017b50                TIM1_TRG_COM_IRQHandler
                0x0000000008017b50                Default_Handler
                0x0000000008017b50                SPI2_IRQHandler
                0x0000000008017b50                MemManage_Handler
                0x0000000008017b50                SVC_Handler
                0x0000000008017b50                USB_LP_CAN1_RX0_IRQHandler
                0x0000000008017b50                USB_HP_CAN1_TX_IRQHandler
                0x0000000008017b50                WWDG_IRQHandler
                0x0000000008017b50                TIM1_BRK_IRQHandler
                0x0000000008017b50                RTCAlarm_IRQHandler
                0x0000000008017b50                CAN1_SCE_IRQHandler
                0x0000000008017b50                FLASH_IRQHandler
                0x0000000008017b50                BusFault_Handler
                0x0000000008017b50                USBWakeUp_IRQHandler
 *fill*         0x0000000008017b52        0x2 
 .text.startup  0x0000000008017b54      0x19c /tmp/ccPEMQvP.ltrans7.ltrans.o
                0x0000000008017b54                main
 .text.unlikely
                0x0000000008017cf0      0x280 /tmp/ccPEMQvP.ltrans15.ltrans.o
                0x0000000008017cf0                blackboxStart.lto_priv.411
 .text.unlikely
                0x0000000008017f70       0x24 /tmp/ccPEMQvP.ltrans24.ltrans.o
                0x0000000008017f70                blackboxDeviceFlushForce
 .text.atoi     0x0000000008017f94        0x8 /home/austin/Documents/IFA_betaflight/betaflight/tools/gcc-arm-none-eabi-6-2017-q2-update/bin/../lib/gcc/arm-none-eabi/6.3.1/../../../../arm-none-eabi/lib/thumb/v7-m/libc_nano.a(lib_a-atoi.o)
                0x0000000008017f94                atoi
 .text.__locale_ctype_ptr_l
                0x0000000008017f9c        0x6 /home/austin/Documents/IFA_betaflight/betaflight/tools/gcc-arm-none-eabi-6-2017-q2-update/bin/../lib/gcc/arm-none-eabi/6.3.1/../../../../arm-none-eabi/lib/thumb/v7-m/libc_nano.a(lib_a-locale.o)
                0x0000000008017f9c                __locale_ctype_ptr_l
 *fill*         0x0000000008017fa2        0x2 
 .text.__locale_ctype_ptr
                0x0000000008017fa4       0x1c /home/austin/Documents/IFA_betaflight/betaflight/tools/gcc-arm-none-eabi-6-2017-q2-update/bin/../lib/gcc/arm-none-eabi/6.3.1/../../../../arm-none-eabi/lib/thumb/v7-m/libc_nano.a(lib_a-locale.o)
                0x0000000008017fa4                __locale_ctype_ptr
 .text.__ascii_mbtowc
                0x0000000008017fc0       0x24 /home/austin/Documents/IFA_betaflight/betaflight/tools/gcc-arm-none-eabi-6-2017-q2-update/bin/../lib/gcc/arm-none-eabi/6.3.1/../../../../arm-none-eabi/lib/thumb/v7-m/libc_nano.a(lib_a-mbtowc_r.o)
                0x0000000008017fc0                __ascii_mbtowc
 .text.memcpy   0x0000000008017fe4       0x16 /home/austin/Documents/IFA_betaflight/betaflight/tools/gcc-arm-none-eabi-6-2017-q2-update/bin/../lib/gcc/arm-none-eabi/6.3.1/../../../../arm-none-eabi/lib/thumb/v7-m/libc_nano.a(lib_a-memcpy-stub.o)
                0x0000000008017fe4                memcpy
 .text.__strtok_r
                0x0000000008017ffa       0x52 /home/austin/Documents/IFA_betaflight/betaflight/tools/gcc-arm-none-eabi-6-2017-q2-update/bin/../lib/gcc/arm-none-eabi/6.3.1/../../../../arm-none-eabi/lib/thumb/v7-m/libc_nano.a(lib_a-strtok_r.o)
                0x0000000008017ffa                __strtok_r
 .text.strtok_r
                0x000000000801804c        0x6 /home/austin/Documents/IFA_betaflight/betaflight/tools/gcc-arm-none-eabi-6-2017-q2-update/bin/../lib/gcc/arm-none-eabi/6.3.1/../../../../arm-none-eabi/lib/thumb/v7-m/libc_nano.a(lib_a-strtok_r.o)
                0x000000000801804c                strtok_r
 .text._strtol_l.isra.0
                0x0000000008018052      0x100 /home/austin/Documents/IFA_betaflight/betaflight/tools/gcc-arm-none-eabi-6-2017-q2-update/bin/../lib/gcc/arm-none-eabi/6.3.1/../../../../arm-none-eabi/lib/thumb/v7-m/libc_nano.a(lib_a-strtol.o)
 *fill*         0x0000000008018152        0x2 
 .text.strtol   0x0000000008018154       0x2c /home/austin/Documents/IFA_betaflight/betaflight/tools/gcc-arm-none-eabi-6-2017-q2-update/bin/../lib/gcc/arm-none-eabi/6.3.1/../../../../arm-none-eabi/lib/thumb/v7-m/libc_nano.a(lib_a-strtol.o)
                0x0000000008018154                strtol
 .text.__ascii_wctomb
                0x0000000008018180       0x1a /home/austin/Documents/IFA_betaflight/betaflight/tools/gcc-arm-none-eabi-6-2017-q2-update/bin/../lib/gcc/arm-none-eabi/6.3.1/../../../../arm-none-eabi/lib/thumb/v7-m/libc_nano.a(lib_a-wctomb_r.o)
                0x0000000008018180                __ascii_wctomb
 *fill*         0x000000000801819a        0x2 
 .text.ceilf    0x000000000801819c       0x88 /home/austin/Documents/IFA_betaflight/betaflight/tools/gcc-arm-none-eabi-6-2017-q2-update/bin/../lib/gcc/arm-none-eabi/6.3.1/../../../../arm-none-eabi/lib/thumb/v7-m/libm.a(lib_a-sf_ceil.o)
                0x000000000801819c                ceilf
 .text.cosf     0x0000000008018224       0x78 /home/austin/Documents/IFA_betaflight/betaflight/tools/gcc-arm-none-eabi-6-2017-q2-update/bin/../lib/gcc/arm-none-eabi/6.3.1/../../../../arm-none-eabi/lib/thumb/v7-m/libm.a(lib_a-sf_cos.o)
                0x0000000008018224                cosf
 .text.log2f    0x000000000801829c       0x14 /home/austin/Documents/IFA_betaflight/betaflight/tools/gcc-arm-none-eabi-6-2017-q2-update/bin/../lib/gcc/arm-none-eabi/6.3.1/../../../../arm-none-eabi/lib/thumb/v7-m/libm.a(lib_a-sf_log2.o)
                0x000000000801829c                log2f
 .text.lrintf   0x00000000080182b0       0x74 /home/austin/Documents/IFA_betaflight/betaflight/tools/gcc-arm-none-eabi-6-2017-q2-update/bin/../lib/gcc/arm-none-eabi/6.3.1/../../../../arm-none-eabi/lib/thumb/v7-m/libm.a(lib_a-sf_lrint.o)
                0x00000000080182b0                lrintf
 .text.sinf     0x0000000008018324       0x7c /home/austin/Documents/IFA_betaflight/betaflight/tools/gcc-arm-none-eabi-6-2017-q2-update/bin/../lib/gcc/arm-none-eabi/6.3.1/../../../../arm-none-eabi/lib/thumb/v7-m/libm.a(lib_a-sf_sin.o)
                0x0000000008018324                sinf
 .text.acosf    0x00000000080183a0       0xa0 /home/austin/Documents/IFA_betaflight/betaflight/tools/gcc-arm-none-eabi-6-2017-q2-update/bin/../lib/gcc/arm-none-eabi/6.3.1/../../../../arm-none-eabi/lib/thumb/v7-m/libm.a(lib_a-wf_acos.o)
                0x00000000080183a0                acosf
 .text.atan2f   0x0000000008018440        0x4 /home/austin/Documents/IFA_betaflight/betaflight/tools/gcc-arm-none-eabi-6-2017-q2-update/bin/../lib/gcc/arm-none-eabi/6.3.1/../../../../arm-none-eabi/lib/thumb/v7-m/libm.a(lib_a-wf_atan2.o)
                0x0000000008018440                atan2f
 .text.logf     0x0000000008018444       0xec /home/austin/Documents/IFA_betaflight/betaflight/tools/gcc-arm-none-eabi-6-2017-q2-update/bin/../lib/gcc/arm-none-eabi/6.3.1/../../../../arm-none-eabi/lib/thumb/v7-m/libm.a(lib_a-wf_log.o)
                0x0000000008018444                logf
 .text.powf     0x0000000008018530      0x300 /home/austin/Documents/IFA_betaflight/betaflight/tools/gcc-arm-none-eabi-6-2017-q2-update/bin/../lib/gcc/arm-none-eabi/6.3.1/../../../../arm-none-eabi/lib/thumb/v7-m/libm.a(lib_a-wf_pow.o)
                0x0000000008018530                powf
 .text.sqrtf    0x0000000008018830       0xa0 /home/austin/Documents/IFA_betaflight/betaflight/tools/gcc-arm-none-eabi-6-2017-q2-update/bin/../lib/gcc/arm-none-eabi/6.3.1/../../../../arm-none-eabi/lib/thumb/v7-m/libm.a(lib_a-wf_sqrt.o)
                0x0000000008018830                sqrtf
 .text.__ieee754_acosf
                0x00000000080188d0      0x2c8 /home/austin/Documents/IFA_betaflight/betaflight/tools/gcc-arm-none-eabi-6-2017-q2-update/bin/../lib/gcc/arm-none-eabi/6.3.1/../../../../arm-none-eabi/lib/thumb/v7-m/libm.a(lib_a-ef_acos.o)
                0x00000000080188d0                __ieee754_acosf
 .text.__ieee754_atan2f
                0x0000000008018b98      0x124 /home/austin/Documents/IFA_betaflight/betaflight/tools/gcc-arm-none-eabi-6-2017-q2-update/bin/../lib/gcc/arm-none-eabi/6.3.1/../../../../arm-none-eabi/lib/thumb/v7-m/libm.a(lib_a-ef_atan2.o)
                0x0000000008018b98                __ieee754_atan2f
 .text.__ieee754_logf
                0x0000000008018cbc      0x288 /home/austin/Documents/IFA_betaflight/betaflight/tools/gcc-arm-none-eabi-6-2017-q2-update/bin/../lib/gcc/arm-none-eabi/6.3.1/../../../../arm-none-eabi/lib/thumb/v7-m/libm.a(lib_a-ef_log.o)
                0x0000000008018cbc                __ieee754_logf
 .text.__ieee754_powf
                0x0000000008018f44      0x6e4 /home/austin/Documents/IFA_betaflight/betaflight/tools/gcc-arm-none-eabi-6-2017-q2-update/bin/../lib/gcc/arm-none-eabi/6.3.1/../../../../arm-none-eabi/lib/thumb/v7-m/libm.a(lib_a-ef_pow.o)
                0x0000000008018f44                __ieee754_powf
 .text.__ieee754_rem_pio2f
                0x0000000008019628      0x2dc /home/austin/Documents/IFA_betaflight/betaflight/tools/gcc-arm-none-eabi-6-2017-q2-update/bin/../lib/gcc/arm-none-eabi/6.3.1/../../../../arm-none-eabi/lib/thumb/v7-m/libm.a(lib_a-ef_rem_pio2.o)
                0x0000000008019628                __ieee754_rem_pio2f
 .text.__ieee754_sqrtf
                0x0000000008019904       0xa8 /home/austin/Documents/IFA_betaflight/betaflight/tools/gcc-arm-none-eabi-6-2017-q2-update/bin/../lib/gcc/arm-none-eabi/6.3.1/../../../../arm-none-eabi/lib/thumb/v7-m/libm.a(lib_a-ef_sqrt.o)
                0x0000000008019904                __ieee754_sqrtf
 .text.__kernel_cosf
                0x00000000080199ac      0x188 /home/austin/Documents/IFA_betaflight/betaflight/tools/gcc-arm-none-eabi-6-2017-q2-update/bin/../lib/gcc/arm-none-eabi/6.3.1/../../../../arm-none-eabi/lib/thumb/v7-m/libm.a(lib_a-kf_cos.o)
                0x00000000080199ac                __kernel_cosf
 .text.__kernel_rem_pio2f
                0x0000000008019b34      0x708 /home/austin/Documents/IFA_betaflight/betaflight/tools/gcc-arm-none-eabi-6-2017-q2-update/bin/../lib/gcc/arm-none-eabi/6.3.1/../../../../arm-none-eabi/lib/thumb/v7-m/libm.a(lib_a-kf_rem_pio2.o)
                0x0000000008019b34                __kernel_rem_pio2f
 .text.__kernel_sinf
                0x000000000801a23c       0xec /home/austin/Documents/IFA_betaflight/betaflight/tools/gcc-arm-none-eabi-6-2017-q2-update/bin/../lib/gcc/arm-none-eabi/6.3.1/../../../../arm-none-eabi/lib/thumb/v7-m/libm.a(lib_a-kf_sin.o)
                0x000000000801a23c                __kernel_sinf
 .text.matherr  0x000000000801a328        0x4 /home/austin/Documents/IFA_betaflight/betaflight/tools/gcc-arm-none-eabi-6-2017-q2-update/bin/../lib/gcc/arm-none-eabi/6.3.1/../../../../arm-none-eabi/lib/thumb/v7-m/libm.a(lib_a-s_matherr.o)
                0x000000000801a328                matherr
 .text.nan      0x000000000801a32c        0xc /home/austin/Documents/IFA_betaflight/betaflight/tools/gcc-arm-none-eabi-6-2017-q2-update/bin/../lib/gcc/arm-none-eabi/6.3.1/../../../../arm-none-eabi/lib/thumb/v7-m/libm.a(lib_a-s_nan.o)
                0x000000000801a32c                nan
 .text.rint     0x000000000801a338      0x11c /home/austin/Documents/IFA_betaflight/betaflight/tools/gcc-arm-none-eabi-6-2017-q2-update/bin/../lib/gcc/arm-none-eabi/6.3.1/../../../../arm-none-eabi/lib/thumb/v7-m/libm.a(lib_a-s_rint.o)
                0x000000000801a338                rint
 .text.atanf    0x000000000801a454      0x22c /home/austin/Documents/IFA_betaflight/betaflight/tools/gcc-arm-none-eabi-6-2017-q2-update/bin/../lib/gcc/arm-none-eabi/6.3.1/../../../../arm-none-eabi/lib/thumb/v7-m/libm.a(lib_a-sf_atan.o)
                0x000000000801a454                atanf
 .text.fabsf    0x000000000801a680        0x8 /home/austin/Documents/IFA_betaflight/betaflight/tools/gcc-arm-none-eabi-6-2017-q2-update/bin/../lib/gcc/arm-none-eabi/6.3.1/../../../../arm-none-eabi/lib/thumb/v7-m/libm.a(lib_a-sf_fabs.o)
                0x000000000801a680                fabsf
 .text.finitef  0x000000000801a688       0x10 /home/austin/Documents/IFA_betaflight/betaflight/tools/gcc-arm-none-eabi-6-2017-q2-update/bin/../lib/gcc/arm-none-eabi/6.3.1/../../../../arm-none-eabi/lib/thumb/v7-m/libm.a(lib_a-sf_finite.o)
                0x000000000801a688                finitef
 .text.floorf   0x000000000801a698       0x8c /home/austin/Documents/IFA_betaflight/betaflight/tools/gcc-arm-none-eabi-6-2017-q2-update/bin/../lib/gcc/arm-none-eabi/6.3.1/../../../../arm-none-eabi/lib/thumb/v7-m/libm.a(lib_a-sf_floor.o)
                0x000000000801a698                floorf
 .text.nanf     0x000000000801a724        0x8 /home/austin/Documents/IFA_betaflight/betaflight/tools/gcc-arm-none-eabi-6-2017-q2-update/bin/../lib/gcc/arm-none-eabi/6.3.1/../../../../arm-none-eabi/lib/thumb/v7-m/libm.a(lib_a-sf_nan.o)
                0x000000000801a724                nanf
 .text.scalbnf  0x000000000801a72c       0xb0 /home/austin/Documents/IFA_betaflight/betaflight/tools/gcc-arm-none-eabi-6-2017-q2-update/bin/../lib/gcc/arm-none-eabi/6.3.1/../../../../arm-none-eabi/lib/thumb/v7-m/libm.a(lib_a-sf_scalbn.o)
                0x000000000801a72c                scalbnf
 .text.copysignf
                0x000000000801a7dc        0xc /home/austin/Documents/IFA_betaflight/betaflight/tools/gcc-arm-none-eabi-6-2017-q2-update/bin/../lib/gcc/arm-none-eabi/6.3.1/../../../../arm-none-eabi/lib/thumb/v7-m/libm.a(lib_a-sf_copysign.o)
                0x000000000801a7dc                copysignf
 .text.__errno  0x000000000801a7e8        0xc /home/austin/Documents/IFA_betaflight/betaflight/tools/gcc-arm-none-eabi-6-2017-q2-update/bin/../lib/gcc/arm-none-eabi/6.3.1/../../../../arm-none-eabi/lib/thumb/v7-m/libc_nano.a(lib_a-errno.o)
                0x000000000801a7e8                __errno
 .text.memcmp   0x000000000801a7f4       0x1e /home/austin/Documents/IFA_betaflight/betaflight/tools/gcc-arm-none-eabi-6-2017-q2-update/bin/../lib/gcc/arm-none-eabi/6.3.1/../../../../arm-none-eabi/lib/thumb/v7-m/libc_nano.a(lib_a-memcmp.o)
                0x000000000801a7f4                memcmp
 .text.memmove  0x000000000801a812       0x34 /home/austin/Documents/IFA_betaflight/betaflight/tools/gcc-arm-none-eabi-6-2017-q2-update/bin/../lib/gcc/arm-none-eabi/6.3.1/../../../../arm-none-eabi/lib/thumb/v7-m/libc_nano.a(lib_a-memmove.o)
                0x000000000801a812                memmove
 .text.memset   0x000000000801a846       0x10 /home/austin/Documents/IFA_betaflight/betaflight/tools/gcc-arm-none-eabi-6-2017-q2-update/bin/../lib/gcc/arm-none-eabi/6.3.1/../../../../arm-none-eabi/lib/thumb/v7-m/libc_nano.a(lib_a-memset.o)
                0x000000000801a846                memset
 .text.strcasecmp
                0x000000000801a856       0x3c /home/austin/Documents/IFA_betaflight/betaflight/tools/gcc-arm-none-eabi-6-2017-q2-update/bin/../lib/gcc/arm-none-eabi/6.3.1/../../../../arm-none-eabi/lib/thumb/v7-m/libc_nano.a(lib_a-strcasecmp.o)
                0x000000000801a856                strcasecmp
 .text.strcat   0x000000000801a892       0x1e /home/austin/Documents/IFA_betaflight/betaflight/tools/gcc-arm-none-eabi-6-2017-q2-update/bin/../lib/gcc/arm-none-eabi/6.3.1/../../../../arm-none-eabi/lib/thumb/v7-m/libc_nano.a(lib_a-strcat.o)
                0x000000000801a892                strcat
 .text.strchr   0x000000000801a8b0       0x1c /home/austin/Documents/IFA_betaflight/betaflight/tools/gcc-arm-none-eabi-6-2017-q2-update/bin/../lib/gcc/arm-none-eabi/6.3.1/../../../../arm-none-eabi/lib/thumb/v7-m/libc_nano.a(lib_a-strchr.o)
                0x000000000801a8b0                strchr
 .text.strncasecmp
                0x000000000801a8cc       0x4e /home/austin/Documents/IFA_betaflight/betaflight/tools/gcc-arm-none-eabi-6-2017-q2-update/bin/../lib/gcc/arm-none-eabi/6.3.1/../../../../arm-none-eabi/lib/thumb/v7-m/libc_nano.a(lib_a-strncasecmp.o)
                0x000000000801a8cc                strncasecmp
 .text.strncmp  0x000000000801a91a       0x24 /home/austin/Documents/IFA_betaflight/betaflight/tools/gcc-arm-none-eabi-6-2017-q2-update/bin/../lib/gcc/arm-none-eabi/6.3.1/../../../../arm-none-eabi/lib/thumb/v7-m/libc_nano.a(lib_a-strncmp.o)
                0x000000000801a91a                strncmp
 .text.strncpy  0x000000000801a93e       0x2a /home/austin/Documents/IFA_betaflight/betaflight/tools/gcc-arm-none-eabi-6-2017-q2-update/bin/../lib/gcc/arm-none-eabi/6.3.1/../../../../arm-none-eabi/lib/thumb/v7-m/libc_nano.a(lib_a-strncpy.o)
                0x000000000801a93e                strncpy
 .text.strstr   0x000000000801a968       0x36 /home/austin/Documents/IFA_betaflight/betaflight/tools/gcc-arm-none-eabi-6-2017-q2-update/bin/../lib/gcc/arm-none-eabi/6.3.1/../../../../arm-none-eabi/lib/thumb/v7-m/libc_nano.a(lib_a-strstr.o)
                0x000000000801a968                strstr
 *(.rodata)
 *fill*         0x000000000801a99e        0x2 
 .rodata        0x000000000801a9a0       0xc2 /tmp/ccPEMQvP.ltrans0.ltrans.o
                0x000000000801a9b0                ioDefUsedMask.lto_priv.616
                0x000000000801a9b8                timerDefinitions
                0x000000000801aa10                serialPortIdentifiers
 *fill*         0x000000000801aa62        0x2 
 .rodata        0x000000000801aa64       0x10 /tmp/ccPEMQvP.ltrans1.ltrans.o
 .rodata        0x000000000801aa74      0x240 /tmp/ccPEMQvP.ltrans2.ltrans.o
 .rodata        0x000000000801acb4       0x17 /tmp/ccPEMQvP.ltrans3.ltrans.o
 .rodata        0x000000000801accb       0x3b /tmp/ccPEMQvP.ltrans4.ltrans.o
 .rodata        0x000000000801ad06       0x48 /tmp/ccPEMQvP.ltrans5.ltrans.o
 .rodata        0x000000000801ad4e       0x22 /tmp/ccPEMQvP.ltrans6.ltrans.o
 .rodata        0x000000000801ad70       0x28 /tmp/ccPEMQvP.ltrans7.ltrans.o
 .rodata        0x000000000801ad98       0x1a /tmp/ccPEMQvP.ltrans8.ltrans.o
 *fill*         0x000000000801adb2        0x2 
 .rodata        0x000000000801adb4       0x2c /tmp/ccPEMQvP.ltrans9.ltrans.o
 .rodata        0x000000000801ade0      0x1c4 /tmp/ccPEMQvP.ltrans10.ltrans.o
                0x000000000801ade8                boxes.lto_priv.585
 .rodata        0x000000000801afa4      0x46f /tmp/ccPEMQvP.ltrans11.ltrans.o
                0x000000000801afa4                servoMixers
                0x000000000801b088                mixers
                0x000000000801b160                mixerQuadX1234.lto_priv.529
                0x000000000801b1a0                mixerAtail4.lto_priv.528
                0x000000000801b1e0                mixerVtail4.lto_priv.527
                0x000000000801b220                mixerHex6X.lto_priv.526
                0x000000000801b280                mixerY4.lto_priv.525
                0x000000000801b2c0                mixerSingleProp.lto_priv.524
                0x000000000801b2d0                mixerQuadX.lto_priv.523
                0x000000000801b310                mixerQuadP.lto_priv.522
                0x000000000801b350                mixerTricopter.lto_priv.521
                0x000000000801b380                servoMixerSingle.lto_priv.520
                0x000000000801b3b8                servoMixerAirplane.lto_priv.519
                0x000000000801b3db                servoMixerFlyingWing.lto_priv.518
                0x000000000801b3fe                servoMixerGimbal.lto_priv.517
                0x000000000801b40c                servoMixerTri.lto_priv.516
 .rodata        0x000000000801b413        0x4 /tmp/ccPEMQvP.ltrans12.ltrans.o
 *fill*         0x000000000801b417        0x1 
 .rodata        0x000000000801b418       0x21 /tmp/ccPEMQvP.ltrans13.ltrans.o
                0x000000000801b424                rcChannelLetters
 *fill*         0x000000000801b439        0x3 
 .rodata        0x000000000801b43c      0x3b7 /tmp/ccPEMQvP.ltrans14.ltrans.o
                0x000000000801b5b0                mixerNames.lto_priv.319
                0x000000000801b61c                featureNames.lto_priv.320
                0x000000000801b698                beeperTable
                0x000000000801b794                rxFailsafeModeCharacters.lto_priv.347
                0x000000000801b798                beep_armedBeep.lto_priv.335
                0x000000000801b79d                beep_disarmRepeatBeep.lto_priv.334
                0x000000000801b7a1                beep_readyBeep.lto_priv.333
                0x000000000801b7b0                beep_2longerBeeps.lto_priv.332
                0x000000000801b7b5                beep_2shortBeeps.lto_priv.331
                0x000000000801b7ba                beep_shortBeep.lto_priv.330
                0x000000000801b7bd                beep_lowBatteryBeep.lto_priv.328
                0x000000000801b7c0                beep_critBatteryBeep.lto_priv.327
                0x000000000801b7c3                beep_armedGpsFix.lto_priv.326
                0x000000000801b7cc                beep_armingBeep.lto_priv.325
                0x000000000801b7d1                beep_disarmBeep.lto_priv.324
                0x000000000801b7d6                beep_sos.lto_priv.323
                0x000000000801b7e9                beep_txLostBeep.lto_priv.322
                0x000000000801b7ec                beep_gyroCalibrated.lto_priv.321
 *fill*         0x000000000801b7f3        0x1 
 .rodata        0x000000000801b7f4       0x28 /tmp/ccPEMQvP.ltrans15.ltrans.o
                0x000000000801b80c                buildTime
                0x000000000801b810                buildDate
                0x000000000801b814                targetName
                0x000000000801b818                shortGitRevision
 .rodata        0x000000000801b81c       0x10 /tmp/ccPEMQvP.ltrans16.ltrans.o
 .rodata        0x000000000801b82c       0x28 /tmp/ccPEMQvP.ltrans17.ltrans.o
 .rodata        0x000000000801b854      0xc34 /tmp/ccPEMQvP.ltrans18.ltrans.o
                0x000000000801b854                valueTable
                0x000000000801c1c8                lookupTables
                0x000000000801c270                lookupTableBusType.lto_priv.366
                0x000000000801c27c                lookupTableCrashRecovery.lto_priv.365
                0x000000000801c288                lookupTableFailsafe.lto_priv.364
                0x000000000801c290                lookupTableLowpassType.lto_priv.363
                0x000000000801c29c                lookupTableRcInterpolationChannels.lto_priv.362
                0x000000000801c2a8                lookupTableRcInterpolation.lto_priv.361
                0x000000000801c2b8                lookupTablePwmProtocol.lto_priv.360
                0x000000000801c2cc                lookupTableSuperExpoYaw.lto_priv.359
                0x000000000801c2d8                debugModeNames
                0x000000000801c338                lookupTableBaroHardware
                0x000000000801c34c                lookupTableAccHardware
                0x000000000801c390                lookupTableGyroHardware
                0x000000000801c3d0                lookupTableGyroLpf.lto_priv.358
                0x000000000801c3f0                lookupTableSerialRX.lto_priv.357
                0x000000000801c41c                lookupTableGimbalMode.lto_priv.356
                0x000000000801c424                lookupTableBatterySensor.lto_priv.355
                0x000000000801c430                lookupTableCurrentSensor.lto_priv.354
                0x000000000801c440                lookupTableBlackboxDevice.lto_priv.353
                0x000000000801c450                lookupTableAlignment.lto_priv.352
                0x000000000801c474                lookupTableUnit.lto_priv.351
                0x000000000801c47c                lookupTableOffOn.lto_priv.350
                0x000000000801c484                isDshot.lto_priv.398
                0x000000000801c486                valueTableEntryCount
 .rodata        0x000000000801c488        0x7 /tmp/ccPEMQvP.ltrans19.ltrans.o
 *fill*         0x000000000801c48f        0x1 
 .rodata        0x000000000801c490       0x58 /tmp/ccPEMQvP.ltrans20.ltrans.o
                0x000000000801c4a8                baudRates
 .rodata        0x000000000801c4e8       0x68 /tmp/ccPEMQvP.ltrans21.ltrans.o
                0x000000000801c4e8                hsv
 .rodata        0x000000000801c550      0x168 /tmp/ccPEMQvP.ltrans22.ltrans.o
                0x000000000801c550                _reset_template_119.8832.lto_priv.584
                0x000000000801c5a0                cmdTable
 .rodata        0x000000000801c6b8       0x13 /tmp/ccPEMQvP.ltrans23.ltrans.o
                0x000000000801c6b8                directionCodes.lto_priv.340
                0x000000000801c6be                baseFunctionCodes.lto_priv.341
                0x000000000801c6c5                overlayCodes.lto_priv.342
 *fill*         0x000000000801c6cb        0x1 
 .rodata        0x000000000801c6cc      0x110 /tmp/ccPEMQvP.ltrans24.ltrans.o
                0x000000000801c6fc                timerHardware
 .rodata        0x000000000801c7dc        0xc /tmp/ccPEMQvP.ltrans27.ltrans.o
 *(.rodata*)
 .rodata.str1.1
                0x000000000801c7e8        0x5 /tmp/ccPEMQvP.ltrans0.ltrans.o
 .rodata.str1.1
                0x000000000801c7ed       0x5d /tmp/ccPEMQvP.ltrans1.ltrans.o
 .rodata.str1.1
                0x000000000801c84a       0xbf /tmp/ccPEMQvP.ltrans2.ltrans.o
                                         0xca (size before relaxing)
 .rodata.str1.1
                0x000000000801c909       0x25 /tmp/ccPEMQvP.ltrans7.ltrans.o
                                         0x27 (size before relaxing)
 .rodata.str1.1
                0x000000000801c92e      0x2d5 /tmp/ccPEMQvP.ltrans10.ltrans.o
                                        0x303 (size before relaxing)
 .rodata.str1.1
                0x000000000801cc03       0xd4 /tmp/ccPEMQvP.ltrans11.ltrans.o
                                         0xee (size before relaxing)
 .rodata.str1.1
                0x000000000801ccd7        0x9 /tmp/ccPEMQvP.ltrans13.ltrans.o
 .rodata.str1.1
                0x000000000801cce0      0x727 /tmp/ccPEMQvP.ltrans14.ltrans.o
                                        0x7e2 (size before relaxing)
 .rodata.str1.1
                0x000000000801d407      0x44a /tmp/ccPEMQvP.ltrans15.ltrans.o
                                        0x4b2 (size before relaxing)
 .rodata.str1.1
                0x000000000801d851      0xd03 /tmp/ccPEMQvP.ltrans18.ltrans.o
                                        0xfa0 (size before relaxing)
 .rodata.str1.1
                0x000000000801e554       0x50 /tmp/ccPEMQvP.ltrans20.ltrans.o
                                         0x89 (size before relaxing)
 .rodata.str1.1
                0x000000000801e5a4       0xb0 /tmp/ccPEMQvP.ltrans22.ltrans.o
                                         0xf4 (size before relaxing)
 .rodata.str1.1
                0x000000000801e654        0xf /tmp/ccPEMQvP.ltrans23.ltrans.o
 .rodata.str1.1
                0x000000000801e663        0xb /tmp/ccPEMQvP.ltrans25.ltrans.o
 .rodata.str1.1
                0x000000000801e66e        0xb /tmp/ccPEMQvP.ltrans29.ltrans.o
                                          0x3 (size before relaxing)
 .rodata._setlocale_r.str1.1
                0x000000000801e66e        0x6 /home/austin/Documents/IFA_betaflight/betaflight/tools/gcc-arm-none-eabi-6-2017-q2-update/bin/../lib/gcc/arm-none-eabi/6.3.1/../../../../arm-none-eabi/lib/thumb/v7-m/libc_nano.a(lib_a-locale.o)
                                          0x9 (size before relaxing)
 .rodata.str1.1
                0x000000000801e674        0x6 /home/austin/Documents/IFA_betaflight/betaflight/tools/gcc-arm-none-eabi-6-2017-q2-update/bin/../lib/gcc/arm-none-eabi/6.3.1/../../../../arm-none-eabi/lib/thumb/v7-m/libc_nano.a(lib_a-locale.o)
                                          0x2 (size before relaxing)
 .rodata._ctype_
                0x000000000801e674      0x101 /home/austin/Documents/IFA_betaflight/betaflight/tools/gcc-arm-none-eabi-6-2017-q2-update/bin/../lib/gcc/arm-none-eabi/6.3.1/../../../../arm-none-eabi/lib/thumb/v7-m/libc_nano.a(lib_a-ctype_.o)
                0x000000000801e674                _ctype_
 *fill*         0x000000000801e775        0x3 
 .rodata.TWO23  0x000000000801e778        0x8 /home/austin/Documents/IFA_betaflight/betaflight/tools/gcc-arm-none-eabi-6-2017-q2-update/bin/../lib/gcc/arm-none-eabi/6.3.1/../../../../arm-none-eabi/lib/thumb/v7-m/libm.a(lib_a-sf_lrint.o)
 .rodata.acosf.str1.4
                0x000000000801e780        0x6 /home/austin/Documents/IFA_betaflight/betaflight/tools/gcc-arm-none-eabi-6-2017-q2-update/bin/../lib/gcc/arm-none-eabi/6.3.1/../../../../arm-none-eabi/lib/thumb/v7-m/libm.a(lib_a-wf_acos.o)
                                          0x9 (size before relaxing)
 *fill*         0x000000000801e786        0x2 
 .rodata.logf.str1.4
                0x000000000801e788        0x5 /home/austin/Documents/IFA_betaflight/betaflight/tools/gcc-arm-none-eabi-6-2017-q2-update/bin/../lib/gcc/arm-none-eabi/6.3.1/../../../../arm-none-eabi/lib/thumb/v7-m/libm.a(lib_a-wf_log.o)
                                          0x9 (size before relaxing)
 *fill*         0x000000000801e78d        0x3 
 .rodata.powf.str1.4
                0x000000000801e790        0x5 /home/austin/Documents/IFA_betaflight/betaflight/tools/gcc-arm-none-eabi-6-2017-q2-update/bin/../lib/gcc/arm-none-eabi/6.3.1/../../../../arm-none-eabi/lib/thumb/v7-m/libm.a(lib_a-wf_pow.o)
 *fill*         0x000000000801e795        0x3 
 .rodata.sqrtf.str1.4
                0x000000000801e798        0x8 /home/austin/Documents/IFA_betaflight/betaflight/tools/gcc-arm-none-eabi-6-2017-q2-update/bin/../lib/gcc/arm-none-eabi/6.3.1/../../../../arm-none-eabi/lib/thumb/v7-m/libm.a(lib_a-wf_sqrt.o)
                                          0x6 (size before relaxing)
 .rodata.__ieee754_powf.str1.4
                0x000000000801e7a0        0x1 /home/austin/Documents/IFA_betaflight/betaflight/tools/gcc-arm-none-eabi-6-2017-q2-update/bin/../lib/gcc/arm-none-eabi/6.3.1/../../../../arm-none-eabi/lib/thumb/v7-m/libm.a(lib_a-ef_pow.o)
 .rodata.npio2_hw
                0x000000000801e7a0       0x80 /home/austin/Documents/IFA_betaflight/betaflight/tools/gcc-arm-none-eabi-6-2017-q2-update/bin/../lib/gcc/arm-none-eabi/6.3.1/../../../../arm-none-eabi/lib/thumb/v7-m/libm.a(lib_a-ef_rem_pio2.o)
 .rodata.two_over_pi
                0x000000000801e820      0x318 /home/austin/Documents/IFA_betaflight/betaflight/tools/gcc-arm-none-eabi-6-2017-q2-update/bin/../lib/gcc/arm-none-eabi/6.3.1/../../../../arm-none-eabi/lib/thumb/v7-m/libm.a(lib_a-ef_rem_pio2.o)
 .rodata.PIo2   0x000000000801eb38       0x2c /home/austin/Documents/IFA_betaflight/betaflight/tools/gcc-arm-none-eabi-6-2017-q2-update/bin/../lib/gcc/arm-none-eabi/6.3.1/../../../../arm-none-eabi/lib/thumb/v7-m/libm.a(lib_a-kf_rem_pio2.o)
 .rodata.init_jk
                0x000000000801eb64        0xc /home/austin/Documents/IFA_betaflight/betaflight/tools/gcc-arm-none-eabi-6-2017-q2-update/bin/../lib/gcc/arm-none-eabi/6.3.1/../../../../arm-none-eabi/lib/thumb/v7-m/libm.a(lib_a-kf_rem_pio2.o)
 .rodata.TWO52  0x000000000801eb70       0x10 /home/austin/Documents/IFA_betaflight/betaflight/tools/gcc-arm-none-eabi-6-2017-q2-update/bin/../lib/gcc/arm-none-eabi/6.3.1/../../../../arm-none-eabi/lib/thumb/v7-m/libm.a(lib_a-s_rint.o)
 .rodata.atanhi
                0x000000000801eb80       0x10 /home/austin/Documents/IFA_betaflight/betaflight/tools/gcc-arm-none-eabi-6-2017-q2-update/bin/../lib/gcc/arm-none-eabi/6.3.1/../../../../arm-none-eabi/lib/thumb/v7-m/libm.a(lib_a-sf_atan.o)
 .rodata.atanlo
                0x000000000801eb90       0x10 /home/austin/Documents/IFA_betaflight/betaflight/tools/gcc-arm-none-eabi-6-2017-q2-update/bin/../lib/gcc/arm-none-eabi/6.3.1/../../../../arm-none-eabi/lib/thumb/v7-m/libm.a(lib_a-sf_atan.o)
 *(.glue_7)
 .glue_7        0x000000000801eba0        0x0 linker stubs
 *(.glue_7t)
 .glue_7t       0x000000000801eba0        0x0 linker stubs
 *(.eh_frame)
 *(.init)
 *(.fini)
                0x000000000801eba0                . = ALIGN (0x4)
                0x000000000801eba0                _etext = .

.vfp11_veneer   0x000000000801eba0        0x0
 .vfp11_veneer  0x000000000801eba0        0x0 linker stubs

.v4_bx          0x000000000801eba0        0x0
 .v4_bx         0x000000000801eba0        0x0 linker stubs

.iplt           0x000000000801eba0        0x0
 .iplt          0x000000000801eba0        0x0 obj/main/NAZE/startup_stm32f10x_md_gcc.o

.ARM.extab
 *(.ARM.extab* .gnu.linkonce.armextab.*)

.ARM            0x000000000801eba0        0x8
                0x000000000801eba0                __exidx_start = .
 *(.ARM.exidx*)
 .ARM.exidx     0x000000000801eba0        0x8 /home/austin/Documents/IFA_betaflight/betaflight/tools/gcc-arm-none-eabi-6-2017-q2-update/bin/../lib/gcc/arm-none-eabi/6.3.1/thumb/v7-m/libgcc.a(_udivmoddi4.o)
                0x000000000801eba8                __exidx_end = .

.preinit_array  0x000000000801eba8        0x0
                [!provide]                        PROVIDE (__preinit_array_start, .)
 *(.preinit_array*)
                [!provide]                        PROVIDE (__preinit_array_end, .)

.init_array     0x000000000801eba8        0x0
                [!provide]                        PROVIDE (__init_array_start, .)
 *(SORT(.init_array.*))
 *(.init_array*)
                [!provide]                        PROVIDE (__init_array_end, .)

.fini_array     0x000000000801eba8        0x0
                [!provide]                        PROVIDE (__fini_array_start, .)
 *(.fini_array*)
 *(SORT(.fini_array.*))
                [!provide]                        PROVIDE (__fini_array_end, .)

.pg_registry    0x000000000801eba8      0x3c0
                0x000000000801eba8                PROVIDE (__pg_registry_start, .)
 *(.pg_registry)
 .pg_registry   0x000000000801eba8       0xa0 /tmp/ccPEMQvP.ltrans0.ltrans.o
                0x000000000801eba8                spiPinConfig_Registry
                0x000000000801ebbc                flashConfig_Registry
                0x000000000801ebd0                boardAlignment_Registry
                0x000000000801ebe4                adcConfig_Registry
                0x000000000801ebf8                beeperDevConfig_Registry
                0x000000000801ec0c                pwmConfig_Registry
                0x000000000801ec20                ppmConfig_Registry
                0x000000000801ec34                statusLedConfig_Registry
 .pg_registry   0x000000000801ec48       0x3c /tmp/ccPEMQvP.ltrans2.ltrans.o
                0x000000000801ec48                airplaneConfig_Registry
                0x000000000801ec5c                throttleCorrectionConfig_Registry
                0x000000000801ec70                gimbalConfig_Registry
 .pg_registry   0x000000000801ec84       0x14 /tmp/ccPEMQvP.ltrans3.ltrans.o
                0x000000000801ec84                vcdProfile_Registry
 .pg_registry   0x000000000801ec98       0x14 /tmp/ccPEMQvP.ltrans7.ltrans.o
                0x000000000801ec98                i2cConfig_Registry
 .pg_registry   0x000000000801ecac       0x64 /tmp/ccPEMQvP.ltrans13.ltrans.o
                0x000000000801ecac                servoConfig_Registry
                0x000000000801ecc0                servoParams_Registry
                0x000000000801ecd4                customServoMixers_Registry
                0x000000000801ece8                rxChannelRangeConfigs_Registry
                0x000000000801ecfc                rxFailsafeChannelConfigs_Registry
 .pg_registry   0x000000000801ed10       0x50 /tmp/ccPEMQvP.ltrans14.ltrans.o
                0x000000000801ed10                adjustmentRanges_Registry
                0x000000000801ed24                modeActivationConditions_Registry
                0x000000000801ed38                beeperConfig_Registry
                0x000000000801ed4c                customMotorMixer_Registry
 .pg_registry   0x000000000801ed60       0xf0 /tmp/ccPEMQvP.ltrans15.ltrans.o
                0x000000000801ed60                mixerConfig_Registry
                0x000000000801ed74                featureConfig_Registry
                0x000000000801ed88                armingConfig_Registry
                0x000000000801ed9c                compassConfig_Registry
                0x000000000801edb0                accelerometerConfig_Registry
                0x000000000801edc4                rcControlsConfig_Registry
                0x000000000801edd8                controlRateProfiles_Registry
                0x000000000801edec                pidConfig_Registry
                0x000000000801ee00                currentSensorADCConfig_Registry
                0x000000000801ee14                voltageSensorADCConfig_Registry
                0x000000000801ee28                pilotConfig_Registry
                0x000000000801ee3c                systemConfig_Registry
 .pg_registry   0x000000000801ee50       0x14 /tmp/ccPEMQvP.ltrans16.ltrans.o
                0x000000000801ee50                imuConfig_Registry
 .pg_registry   0x000000000801ee64       0x14 /tmp/ccPEMQvP.ltrans17.ltrans.o
                0x000000000801ee64                serialPinConfig_Registry
 .pg_registry   0x000000000801ee78       0x28 /tmp/ccPEMQvP.ltrans20.ltrans.o
                0x000000000801ee78                rxConfig_Registry
                0x000000000801ee8c                telemetryConfig_Registry
 .pg_registry   0x000000000801eea0       0x3c /tmp/ccPEMQvP.ltrans21.ltrans.o
                0x000000000801eea0                batteryConfig_Registry
                0x000000000801eeb4                ledStripConfig_Registry
                0x000000000801eec8                barometerConfig_Registry
 .pg_registry   0x000000000801eedc       0x28 /tmp/ccPEMQvP.ltrans22.ltrans.o
                0x000000000801eedc                failsafeConfig_Registry
                0x000000000801eef0                pidProfiles_Registry
 .pg_registry   0x000000000801ef04       0x28 /tmp/ccPEMQvP.ltrans23.ltrans.o
                0x000000000801ef04                serialConfig_Registry
                0x000000000801ef18                gyroConfig_Registry
 .pg_registry   0x000000000801ef2c       0x14 /tmp/ccPEMQvP.ltrans24.ltrans.o
                0x000000000801ef2c                blackboxConfig_Registry
 .pg_registry   0x000000000801ef40       0x14 /tmp/ccPEMQvP.ltrans25.ltrans.o
                0x000000000801ef40                motorConfig_Registry
 .pg_registry   0x000000000801ef54       0x14 /tmp/ccPEMQvP.ltrans29.ltrans.o
                0x000000000801ef54                flight3DConfig_Registry
 *(SORT(.pg_registry.*))
                0x000000000801ef68                PROVIDE (__pg_registry_end, .)

.pg_resetdata   0x000000000801ef68       0xa8
                0x000000000801ef68                PROVIDE (__pg_resetdata_start, .)
 *(.pg_resetdata)
 .pg_resetdata  0x000000000801ef68        0x6 /tmp/ccPEMQvP.ltrans0.ltrans.o
                0x000000000801ef68                pgResetTemplate_beeperDevConfig
 .pg_resetdata  0x000000000801ef6e        0x6 /tmp/ccPEMQvP.ltrans2.ltrans.o
                0x000000000801ef6e                pgResetTemplate_airplaneConfig
                0x000000000801ef70                pgResetTemplate_throttleCorrectionConfig
 .pg_resetdata  0x000000000801ef74        0xc /tmp/ccPEMQvP.ltrans14.ltrans.o
                0x000000000801ef74                pgResetTemplate_beeperConfig
 .pg_resetdata  0x000000000801ef80       0x41 /tmp/ccPEMQvP.ltrans15.ltrans.o
                0x000000000801ef80                pgResetTemplate_mixerConfig
                0x000000000801ef84                pgResetTemplate_featureConfig
                0x000000000801ef88                pgResetTemplate_armingConfig
                0x000000000801ef8c                pgResetTemplate_compassConfig
                0x000000000801ef98                pgResetTemplate_rcControlsConfig
                0x000000000801ef9e                pgResetTemplate_pidConfig
                0x000000000801efa0                pgResetTemplate_currentSensorADCConfig
                0x000000000801efa4                pgResetTemplate_pilotConfig
                0x000000000801efb6                pgResetTemplate_systemConfig
 *fill*         0x000000000801efc1        0x1 
 .pg_resetdata  0x000000000801efc2        0x8 /tmp/ccPEMQvP.ltrans16.ltrans.o
                0x000000000801efc2                pgResetTemplate_imuConfig